Archive member included to satisfy reference by file (symbol)

c:/st/stm32cubeide_1.10.1/stm32cubeide/plugins/com.st.stm32cube.ide.mcu.externaltools.gnu-tools-for-stm32.10.3-2021.10.win32_1.0.0.202111181127/tools/bin/../lib/gcc/arm-none-eabi/10.3.1/../../../../arm-none-eabi/lib/thumb/v7e-m+fp/hard\libc_nano.a(lib_a-errno.o)
                              ./Core/Src/syscalls.o (__errno)
c:/st/stm32cubeide_1.10.1/stm32cubeide/plugins/com.st.stm32cube.ide.mcu.externaltools.gnu-tools-for-stm32.10.3-2021.10.win32_1.0.0.202111181127/tools/bin/../lib/gcc/arm-none-eabi/10.3.1/../../../../arm-none-eabi/lib/thumb/v7e-m+fp/hard\libc_nano.a(lib_a-exit.o)
                              c:/st/stm32cubeide_1.10.1/stm32cubeide/plugins/com.st.stm32cube.ide.mcu.externaltools.gnu-tools-for-stm32.10.3-2021.10.win32_1.0.0.202111181127/tools/bin/../lib/gcc/arm-none-eabi/10.3.1/../../../../arm-none-eabi/lib/thumb/v7e-m+fp/hard/crt0.o (exit)
c:/st/stm32cubeide_1.10.1/stm32cubeide/plugins/com.st.stm32cube.ide.mcu.externaltools.gnu-tools-for-stm32.10.3-2021.10.win32_1.0.0.202111181127/tools/bin/../lib/gcc/arm-none-eabi/10.3.1/../../../../arm-none-eabi/lib/thumb/v7e-m+fp/hard\libc_nano.a(lib_a-impure.o)
                              c:/st/stm32cubeide_1.10.1/stm32cubeide/plugins/com.st.stm32cube.ide.mcu.externaltools.gnu-tools-for-stm32.10.3-2021.10.win32_1.0.0.202111181127/tools/bin/../lib/gcc/arm-none-eabi/10.3.1/../../../../arm-none-eabi/lib/thumb/v7e-m+fp/hard\libc_nano.a(lib_a-exit.o) (_global_impure_ptr)
c:/st/stm32cubeide_1.10.1/stm32cubeide/plugins/com.st.stm32cube.ide.mcu.externaltools.gnu-tools-for-stm32.10.3-2021.10.win32_1.0.0.202111181127/tools/bin/../lib/gcc/arm-none-eabi/10.3.1/../../../../arm-none-eabi/lib/thumb/v7e-m+fp/hard\libc_nano.a(lib_a-init.o)
                              c:/st/stm32cubeide_1.10.1/stm32cubeide/plugins/com.st.stm32cube.ide.mcu.externaltools.gnu-tools-for-stm32.10.3-2021.10.win32_1.0.0.202111181127/tools/bin/../lib/gcc/arm-none-eabi/10.3.1/../../../../arm-none-eabi/lib/thumb/v7e-m+fp/hard/crt0.o (__libc_init_array)
c:/st/stm32cubeide_1.10.1/stm32cubeide/plugins/com.st.stm32cube.ide.mcu.externaltools.gnu-tools-for-stm32.10.3-2021.10.win32_1.0.0.202111181127/tools/bin/../lib/gcc/arm-none-eabi/10.3.1/../../../../arm-none-eabi/lib/thumb/v7e-m+fp/hard\libc_nano.a(lib_a-memset.o)
                              c:/st/stm32cubeide_1.10.1/stm32cubeide/plugins/com.st.stm32cube.ide.mcu.externaltools.gnu-tools-for-stm32.10.3-2021.10.win32_1.0.0.202111181127/tools/bin/../lib/gcc/arm-none-eabi/10.3.1/../../../../arm-none-eabi/lib/thumb/v7e-m+fp/hard/crt0.o (memset)

Discarded input sections

 .text          0x0000000000000000        0x0 c:/st/stm32cubeide_1.10.1/stm32cubeide/plugins/com.st.stm32cube.ide.mcu.externaltools.gnu-tools-for-stm32.10.3-2021.10.win32_1.0.0.202111181127/tools/bin/../lib/gcc/arm-none-eabi/10.3.1/thumb/v7e-m+fp/hard/crti.o
 .data          0x0000000000000000        0x0 c:/st/stm32cubeide_1.10.1/stm32cubeide/plugins/com.st.stm32cube.ide.mcu.externaltools.gnu-tools-for-stm32.10.3-2021.10.win32_1.0.0.202111181127/tools/bin/../lib/gcc/arm-none-eabi/10.3.1/thumb/v7e-m+fp/hard/crti.o
 .bss           0x0000000000000000        0x0 c:/st/stm32cubeide_1.10.1/stm32cubeide/plugins/com.st.stm32cube.ide.mcu.externaltools.gnu-tools-for-stm32.10.3-2021.10.win32_1.0.0.202111181127/tools/bin/../lib/gcc/arm-none-eabi/10.3.1/thumb/v7e-m+fp/hard/crti.o
 .data          0x0000000000000000        0x4 c:/st/stm32cubeide_1.10.1/stm32cubeide/plugins/com.st.stm32cube.ide.mcu.externaltools.gnu-tools-for-stm32.10.3-2021.10.win32_1.0.0.202111181127/tools/bin/../lib/gcc/arm-none-eabi/10.3.1/thumb/v7e-m+fp/hard/crtbegin.o
 .rodata        0x0000000000000000       0x24 c:/st/stm32cubeide_1.10.1/stm32cubeide/plugins/com.st.stm32cube.ide.mcu.externaltools.gnu-tools-for-stm32.10.3-2021.10.win32_1.0.0.202111181127/tools/bin/../lib/gcc/arm-none-eabi/10.3.1/thumb/v7e-m+fp/hard/crtbegin.o
 .text          0x0000000000000000       0x7c c:/st/stm32cubeide_1.10.1/stm32cubeide/plugins/com.st.stm32cube.ide.mcu.externaltools.gnu-tools-for-stm32.10.3-2021.10.win32_1.0.0.202111181127/tools/bin/../lib/gcc/arm-none-eabi/10.3.1/../../../../arm-none-eabi/lib/thumb/v7e-m+fp/hard/crt0.o
 .data          0x0000000000000000        0x0 c:/st/stm32cubeide_1.10.1/stm32cubeide/plugins/com.st.stm32cube.ide.mcu.externaltools.gnu-tools-for-stm32.10.3-2021.10.win32_1.0.0.202111181127/tools/bin/../lib/gcc/arm-none-eabi/10.3.1/../../../../arm-none-eabi/lib/thumb/v7e-m+fp/hard/crt0.o
 .bss           0x0000000000000000        0x0 c:/st/stm32cubeide_1.10.1/stm32cubeide/plugins/com.st.stm32cube.ide.mcu.externaltools.gnu-tools-for-stm32.10.3-2021.10.win32_1.0.0.202111181127/tools/bin/../lib/gcc/arm-none-eabi/10.3.1/../../../../arm-none-eabi/lib/thumb/v7e-m+fp/hard/crt0.o
[...]
Memory Configuration

Name             Origin             Length             Attributes
CCMRAM           0x0000000010000000 0x0000000000002000 xrw
RAM              0x0000000020000000 0x0000000000008000 xrw
FLASH            0x0000000008000000 0x0000000000020000 xr
*default*        0x0000000000000000 0xffffffffffffffff

Linker script and memory map

LOAD c:/st/stm32cubeide_1.10.1/stm32cubeide/plugins/com.st.stm32cube.ide.mcu.externaltools.gnu-tools-for-stm32.10.3-2021.10.win32_1.0.0.202111181127/tools/bin/../lib/gcc/arm-none-eabi/10.3.1/thumb/v7e-m+fp/hard/crti.o
LOAD c:/st/stm32cubeide_1.10.1/stm32cubeide/plugins/com.st.stm32cube.ide.mcu.externaltools.gnu-tools-for-stm32.10.3-2021.10.win32_1.0.0.202111181127/tools/bin/../lib/gcc/arm-none-eabi/10.3.1/thumb/v7e-m+fp/hard/crtbegin.o
LOAD c:/st/stm32cubeide_1.10.1/stm32cubeide/plugins/com.st.stm32cube.ide.mcu.externaltools.gnu-tools-for-stm32.10.3-2021.10.win32_1.0.0.202111181127/tools/bin/../lib/gcc/arm-none-eabi/10.3.1/../../../../arm-none-eabi/lib/thumb/v7e-m+fp/hard/crt0.o
LOAD ./Core/Src/adc.o
LOAD ./Core/Src/crc.o
LOAD ./Core/Src/force_sensor_lineralazer_lib.o
LOAD ./Core/Src/globals.o
LOAD ./Core/Src/gpio.o
LOAD ./Core/Src/main.o
LOAD ./Core/Src/spi.o
LOAD ./Core/Src/stm32f3xx_hal_msp.o
LOAD ./Core/Src/stm32f3xx_it.o
LOAD ./Core/Src/syscalls.o
LOAD ./Core/Src/sysmem.o
LOAD ./Core/Src/system_stm32f3xx.o
LOAD ./Core/Src/usart.o
LOAD ./Core/Startup/startup_stm32f303cbtx.o
LOAD ./Drivers/STM32F3xx_HAL_Driver/Src/stm32f3xx_hal.o
LOAD ./Drivers/STM32F3xx_HAL_Driver/Src/stm32f3xx_hal_adc.o
LOAD ./Drivers/STM32F3xx_HAL_Driver/Src/stm32f3xx_hal_adc_ex.o
LOAD ./Drivers/STM32F3xx_HAL_Driver/Src/stm32f3xx_hal_cortex.o
LOAD ./Drivers/STM32F3xx_HAL_Driver/Src/stm32f3xx_hal_crc.o
LOAD ./Drivers/STM32F3xx_HAL_Driver/Src/stm32f3xx_hal_crc_ex.o
LOAD ./Drivers/STM32F3xx_HAL_Driver/Src/stm32f3xx_hal_dma.o
LOAD ./Drivers/STM32F3xx_HAL_Driver/Src/stm32f3xx_hal_exti.o
LOAD ./Drivers/STM32F3xx_HAL_Driver/Src/stm32f3xx_hal_flash.o
LOAD ./Drivers/STM32F3xx_HAL_Driver/Src/stm32f3xx_hal_flash_ex.o
LOAD ./Drivers/STM32F3xx_HAL_Driver/Src/stm32f3xx_hal_gpio.o
LOAD ./Drivers/STM32F3xx_HAL_Driver/Src/stm32f3xx_hal_i2c.o
LOAD ./Drivers/STM32F3xx_HAL_Driver/Src/stm32f3xx_hal_i2c_ex.o
LOAD ./Drivers/STM32F3xx_HAL_Driver/Src/stm32f3xx_hal_pwr.o
LOAD ./Drivers/STM32F3xx_HAL_Driver/Src/stm32f3xx_hal_pwr_ex.o
LOAD ./Drivers/STM32F3xx_HAL_Driver/Src/stm32f3xx_hal_rcc.o
LOAD ./Drivers/STM32F3xx_HAL_Driver/Src/stm32f3xx_hal_rcc_ex.o
LOAD ./Drivers/STM32F3xx_HAL_Driver/Src/stm32f3xx_hal_spi.o
LOAD ./Drivers/STM32F3xx_HAL_Driver/Src/stm32f3xx_hal_spi_ex.o
LOAD ./Drivers/STM32F3xx_HAL_Driver/Src/stm32f3xx_hal_tim.o
LOAD ./Drivers/STM32F3xx_HAL_Driver/Src/stm32f3xx_hal_tim_ex.o
LOAD ./Drivers/STM32F3xx_HAL_Driver/Src/stm32f3xx_ll_dma.o
LOAD ./Drivers/STM32F3xx_HAL_Driver/Src/stm32f3xx_ll_exti.o
LOAD ./Drivers/STM32F3xx_HAL_Driver/Src/stm32f3xx_ll_gpio.o
LOAD ./Drivers/STM32F3xx_HAL_Driver/Src/stm32f3xx_ll_rcc.o
LOAD ./Drivers/STM32F3xx_HAL_Driver/Src/stm32f3xx_ll_usart.o
LOAD ./Drivers/STM32F3xx_HAL_Driver/Src/stm32f3xx_ll_utils.o
START GROUP
LOAD c:/st/stm32cubeide_1.10.1/stm32cubeide/plugins/com.st.stm32cube.ide.mcu.externaltools.gnu-tools-for-stm32.10.3-2021.10.win32_1.0.0.202111181127/tools/bin/../lib/gcc/arm-none-eabi/10.3.1/../../../../arm-none-eabi/lib/thumb/v7e-m+fp/hard\libc_nano.a
LOAD c:/st/stm32cubeide_1.10.1/stm32cubeide/plugins/com.st.stm32cube.ide.mcu.externaltools.gnu-tools-for-stm32.10.3-2021.10.win32_1.0.0.202111181127/tools/bin/../lib/gcc/arm-none-eabi/10.3.1/../../../../arm-none-eabi/lib/thumb/v7e-m+fp/hard\libm.a
END GROUP
START GROUP
LOAD c:/st/stm32cubeide_1.10.1/stm32cubeide/plugins/com.st.stm32cube.ide.mcu.externaltools.gnu-tools-for-stm32.10.3-2021.10.win32_1.0.0.202111181127/tools/bin/../lib/gcc/arm-none-eabi/10.3.1/thumb/v7e-m+fp/hard\libgcc.a
LOAD c:/st/stm32cubeide_1.10.1/stm32cubeide/plugins/com.st.stm32cube.ide.mcu.externaltools.gnu-tools-for-stm32.10.3-2021.10.win32_1.0.0.202111181127/tools/bin/../lib/gcc/arm-none-eabi/10.3.1/../../../../arm-none-eabi/lib/thumb/v7e-m+fp/hard\libc_nano.a
END GROUP
START GROUP
LOAD c:/st/stm32cubeide_1.10.1/stm32cubeide/plugins/com.st.stm32cube.ide.mcu.externaltools.gnu-tools-for-stm32.10.3-2021.10.win32_1.0.0.202111181127/tools/bin/../lib/gcc/arm-none-eabi/10.3.1/thumb/v7e-m+fp/hard\libgcc.a
LOAD c:/st/stm32cubeide_1.10.1/stm32cubeide/plugins/com.st.stm32cube.ide.mcu.externaltools.gnu-tools-for-stm32.10.3-2021.10.win32_1.0.0.202111181127/tools/bin/../lib/gcc/arm-none-eabi/10.3.1/../../../../arm-none-eabi/lib/thumb/v7e-m+fp/hard\libc_nano.a
LOAD c:/st/stm32cubeide_1.10.1/stm32cubeide/plugins/com.st.stm32cube.ide.mcu.externaltools.gnu-tools-for-stm32.10.3-2021.10.win32_1.0.0.202111181127/tools/bin/../lib/gcc/arm-none-eabi/10.3.1/../../../../arm-none-eabi/lib/thumb/v7e-m+fp/hard\libnosys.a
END GROUP
START GROUP
LOAD c:/st/stm32cubeide_1.10.1/stm32cubeide/plugins/com.st.stm32cube.ide.mcu.externaltools.gnu-tools-for-stm32.10.3-2021.10.win32_1.0.0.202111181127/tools/bin/../lib/gcc/arm-none-eabi/10.3.1/thumb/v7e-m+fp/hard\libgcc.a
LOAD c:/st/stm32cubeide_1.10.1/stm32cubeide/plugins/com.st.stm32cube.ide.mcu.externaltools.gnu-tools-for-stm32.10.3-2021.10.win32_1.0.0.202111181127/tools/bin/../lib/gcc/arm-none-eabi/10.3.1/../../../../arm-none-eabi/lib/thumb/v7e-m+fp/hard\libc_nano.a
LOAD c:/st/stm32cubeide_1.10.1/stm32cubeide/plugins/com.st.stm32cube.ide.mcu.externaltools.gnu-tools-for-stm32.10.3-2021.10.win32_1.0.0.202111181127/tools/bin/../lib/gcc/arm-none-eabi/10.3.1/../../../../arm-none-eabi/lib/thumb/v7e-m+fp/hard\libnosys.a
END GROUP
LOAD c:/st/stm32cubeide_1.10.1/stm32cubeide/plugins/com.st.stm32cube.ide.mcu.externaltools.gnu-tools-for-stm32.10.3-2021.10.win32_1.0.0.202111181127/tools/bin/../lib/gcc/arm-none-eabi/10.3.1/thumb/v7e-m+fp/hard/crtend.o
LOAD c:/st/stm32cubeide_1.10.1/stm32cubeide/plugins/com.st.stm32cube.ide.mcu.externaltools.gnu-tools-for-stm32.10.3-2021.10.win32_1.0.0.202111181127/tools/bin/../lib/gcc/arm-none-eabi/10.3.1/thumb/v7e-m+fp/hard/crtn.o
                0x0000000020008000                _estack = (ORIGIN (RAM) + LENGTH (RAM))
                0x0000000000000200                _Min_Heap_Size = 0x200
                0x0000000000000400                _Min_Stack_Size = 0x400

.isr_vector     0x0000000008000000      0x188
                0x0000000008000000                . = ALIGN (0x4)
 *(.isr_vector)
 .isr_vector    0x0000000008000000      0x188 ./Core/Startup/startup_stm32f303cbtx.o
                0x0000000008000000                g_pfnVectors
                0x0000000008000188                . = ALIGN (0x4)

.text           0x0000000008000188     0x39d4
                0x0000000008000188                . = ALIGN (0x4)
 *(.text)
 .text          0x0000000008000188       0x40 c:/st/stm32cubeide_1.10.1/stm32cubeide/plugins/com.st.stm32cube.ide.mcu.externaltools.gnu-tools-for-stm32.10.3-2021.10.win32_1.0.0.202111181127/tools/bin/../lib/gcc/arm-none-eabi/10.3.1/thumb/v7e-m+fp/hard/crtbegin.o
 *(.text*)
 .text.MX_ADC1_Init
                0x00000000080001c8      0x138 ./Core/Src/adc.o
                0x00000000080001c8                MX_ADC1_Init
 .text.HAL_ADC_MspInit
                0x0000000008000300       0x78 ./Core/Src/adc.o
                0x0000000008000300                HAL_ADC_MspInit
 .text.MX_CRC_Init
                0x0000000008000378       0x44 ./Core/Src/crc.o
                0x0000000008000378                MX_CRC_Init
 .text.HAL_CRC_MspInit
                0x00000000080003bc       0x40 ./Core/Src/crc.o
                0x00000000080003bc                HAL_CRC_MspInit
 .text.LL_USART_IsActiveFlag_TC
                0x00000000080003fc       0x26 ./Core/Src/force_sensor_lineralazer_lib.o
 .text.LL_USART_IsActiveFlag_TXE
                0x0000000008000422       0x26 ./Core/Src/force_sensor_lineralazer_lib.o
 .text.LL_USART_ClearFlag_TC
                0x0000000008000448       0x1a ./Core/Src/force_sensor_lineralazer_lib.o
 .text.LL_USART_TransmitData8
                0x0000000008000462       0x20 ./Core/Src/force_sensor_lineralazer_lib.o
 .text.LL_GPIO_SetOutputPin
                0x0000000008000482       0x1c ./Core/Src/force_sensor_lineralazer_lib.o
 .text.LL_GPIO_ResetOutputPin
                0x000000000800049e       0x1c ./Core/Src/force_sensor_lineralazer_lib.o
 *fill*         0x00000000080004ba        0x2 
 .text.transmitData
                0x00000000080004bc       0x78 ./Core/Src/force_sensor_lineralazer_lib.o
                0x00000000080004bc                transmitData
 .text.clearBufferAndCounter
                0x0000000008000534       0x58 ./Core/Src/force_sensor_lineralazer_lib.o
                0x0000000008000534                clearBufferAndCounter
 .text.readADCchannels
                0x000000000800058c       0x58 ./Core/Src/force_sensor_lineralazer_lib.o
                0x000000000800058c                readADCchannels
 .text.LL_AHB1_GRP1_EnableClock
                0x00000000080005e4       0x30 ./Core/Src/gpio.o
 .text.LL_GPIO_ResetOutputPin
                0x0000000008000614       0x1c ./Core/Src/gpio.o
 .text.MX_GPIO_Init
                0x0000000008000630       0x5c ./Core/Src/gpio.o
                0x0000000008000630                MX_GPIO_Init
 .text.__NVIC_EnableIRQ
                0x000000000800068c       0x3c ./Core/Src/main.o
 .text.LL_RCC_HSE_Enable
                0x00000000080006c8       0x20 ./Core/Src/main.o
 .text.LL_RCC_HSE_IsReady
                0x00000000080006e8       0x28 ./Core/Src/main.o
 .text.LL_RCC_SetSysClkSource
                0x0000000008000710       0x28 ./Core/Src/main.o
 .text.LL_RCC_GetSysClkSource
                0x0000000008000738       0x1c ./Core/Src/main.o
 .text.LL_RCC_SetAHBPrescaler
                0x0000000008000754       0x28 ./Core/Src/main.o
 .text.LL_RCC_SetAPB1Prescaler
                0x000000000800077c       0x28 ./Core/Src/main.o
 .text.LL_RCC_SetAPB2Prescaler
                0x00000000080007a4       0x28 ./Core/Src/main.o
 .text.LL_RCC_SetUSARTClockSource
                0x00000000080007cc       0x38 ./Core/Src/main.o
 .text.LL_RCC_SetADCClockSource
                0x0000000008000804       0x30 ./Core/Src/main.o
 .text.LL_RCC_PLL_Enable
                0x0000000008000834       0x20 ./Core/Src/main.o
 .text.LL_RCC_PLL_IsReady
                0x0000000008000854       0x28 ./Core/Src/main.o
 .text.LL_RCC_PLL_ConfigDomain_SYS
                0x000000000800087c       0x48 ./Core/Src/main.o
 .text.LL_FLASH_SetLatency
                0x00000000080008c4       0x28 ./Core/Src/main.o
 .text.LL_FLASH_GetLatency
                0x00000000080008ec       0x1c ./Core/Src/main.o
 .text.LL_USART_EnableIT_RXNE
                0x0000000008000908       0x42 ./Core/Src/main.o
 .text.LL_USART_EnableIT_ERROR
                0x000000000800094a       0x46 ./Core/Src/main.o
 .text.LL_GPIO_ResetOutputPin
                0x0000000008000990       0x1c ./Core/Src/main.o
 .text.main     0x00000000080009ac      0x16c ./Core/Src/main.o
                0x00000000080009ac                main
 .text.SystemClock_Config
                0x0000000008000b18       0x98 ./Core/Src/main.o
                0x0000000008000b18                SystemClock_Config
 .text.Error_Handler
                0x0000000008000bb0        0xa ./Core/Src/main.o
                0x0000000008000bb0                Error_Handler
 *fill*         0x0000000008000bba        0x2 
 .text.MX_SPI1_Init
                0x0000000008000bbc       0x78 ./Core/Src/spi.o
                0x0000000008000bbc                MX_SPI1_Init
 .text.HAL_SPI_MspInit
                0x0000000008000c34       0x84 ./Core/Src/spi.o
                0x0000000008000c34                HAL_SPI_MspInit
 .text.HAL_MspInit
                0x0000000008000cb8       0x48 ./Core/Src/stm32f3xx_hal_msp.o
                0x0000000008000cb8                HAL_MspInit
 .text.LL_USART_IsActiveFlag_PE
                0x0000000008000d00       0x26 ./Core/Src/stm32f3xx_it.o
 .text.LL_USART_IsActiveFlag_FE
                0x0000000008000d26       0x26 ./Core/Src/stm32f3xx_it.o
 .text.LL_USART_IsActiveFlag_ORE
                0x0000000008000d4c       0x26 ./Core/Src/stm32f3xx_it.o
 .text.LL_USART_IsActiveFlag_RXNE
                0x0000000008000d72       0x26 ./Core/Src/stm32f3xx_it.o
 .text.LL_USART_ClearFlag_PE
                0x0000000008000d98       0x1a ./Core/Src/stm32f3xx_it.o
 .text.LL_USART_ClearFlag_FE
                0x0000000008000db2       0x1a ./Core/Src/stm32f3xx_it.o
 .text.LL_USART_ClearFlag_ORE
                0x0000000008000dcc       0x1a ./Core/Src/stm32f3xx_it.o
 .text.LL_USART_IsEnabledIT_RXNE
                0x0000000008000de6       0x26 ./Core/Src/stm32f3xx_it.o
 .text.LL_USART_ReceiveData8
                0x0000000008000e0c       0x1c ./Core/Src/stm32f3xx_it.o
 .text.NMI_Handler
                0x0000000008000e28        0x6 ./Core/Src/stm32f3xx_it.o
                0x0000000008000e28                NMI_Handler
 .text.HardFault_Handler
                0x0000000008000e2e        0x6 ./Core/Src/stm32f3xx_it.o
                0x0000000008000e2e                HardFault_Handler
 .text.MemManage_Handler
                0x0000000008000e34        0x6 ./Core/Src/stm32f3xx_it.o
                0x0000000008000e34                MemManage_Handler
 .text.BusFault_Handler
                0x0000000008000e3a        0x6 ./Core/Src/stm32f3xx_it.o
                0x0000000008000e3a                BusFault_Handler
 .text.UsageFault_Handler
                0x0000000008000e40        0x6 ./Core/Src/stm32f3xx_it.o
                0x0000000008000e40                UsageFault_Handler
 .text.SVC_Handler
                0x0000000008000e46        0xe ./Core/Src/stm32f3xx_it.o
                0x0000000008000e46                SVC_Handler
 .text.DebugMon_Handler
                0x0000000008000e54        0xe ./Core/Src/stm32f3xx_it.o
                0x0000000008000e54                DebugMon_Handler
 .text.PendSV_Handler
                0x0000000008000e62        0xe ./Core/Src/stm32f3xx_it.o
                0x0000000008000e62                PendSV_Handler
 .text.SysTick_Handler
                0x0000000008000e70        0xc ./Core/Src/stm32f3xx_it.o
                0x0000000008000e70                SysTick_Handler
 .text.USART1_IRQHandler
                0x0000000008000e7c       0x84 ./Core/Src/stm32f3xx_it.o
                0x0000000008000e7c                USART1_IRQHandler
 .text.SystemInit
                0x0000000008000f00       0x24 ./Core/Src/system_stm32f3xx.o
                0x0000000008000f00                SystemInit
 .text.__NVIC_GetPriorityGrouping
                0x0000000008000f24       0x1c ./Core/Src/usart.o
 .text.__NVIC_EnableIRQ
                0x0000000008000f40       0x3c ./Core/Src/usart.o
 .text.__NVIC_SetPriority
                0x0000000008000f7c       0x54 ./Core/Src/usart.o
 .text.NVIC_EncodePriority
                0x0000000008000fd0       0x66 ./Core/Src/usart.o
 *fill*         0x0000000008001036        0x2 
 .text.LL_AHB1_GRP1_EnableClock
                0x0000000008001038       0x30 ./Core/Src/usart.o
 .text.LL_APB2_GRP1_EnableClock
                0x0000000008001068       0x30 ./Core/Src/usart.o
 .text.LL_USART_Enable
                0x0000000008001098       0x20 ./Core/Src/usart.o
 .text.LL_USART_ConfigAsyncMode
                0x00000000080010b8       0x2c ./Core/Src/usart.o
 .text.LL_USART_DisableIT_CTS
                0x00000000080010e4       0x46 ./Core/Src/usart.o
 *fill*         0x000000000800112a        0x2 
 .text.MX_USART1_UART_Init
                0x000000000800112c       0xc8 ./Core/Src/usart.o
                0x000000000800112c                MX_USART1_UART_Init
 .text.Reset_Handler
                0x00000000080011f4       0x50 ./Core/Startup/startup_stm32f303cbtx.o
                0x00000000080011f4                Reset_Handler
 .text.Default_Handler
                0x0000000008001244        0x2 ./Core/Startup/startup_stm32f303cbtx.o
                0x0000000008001244                RTC_Alarm_IRQHandler
                0x0000000008001244                TIM8_TRG_COM_IRQHandler
                0x0000000008001244                TIM8_CC_IRQHandler
                0x0000000008001244                TIM1_CC_IRQHandler
                0x0000000008001244                USB_HP_IRQHandler
                0x0000000008001244                PVD_IRQHandler
                0x0000000008001244                TAMP_STAMP_IRQHandler
                0x0000000008001244                EXTI3_IRQHandler
                0x0000000008001244                USB_HP_CAN_TX_IRQHandler
                0x0000000008001244                EXTI0_IRQHandler
                0x0000000008001244                I2C2_EV_IRQHandler
                0x0000000008001244                FPU_IRQHandler
                0x0000000008001244                TIM1_UP_TIM16_IRQHandler
                0x0000000008001244                ADC1_2_IRQHandler
                0x0000000008001244                SPI1_IRQHandler
                0x0000000008001244                CAN_SCE_IRQHandler
                0x0000000008001244                TIM6_DAC_IRQHandler
                0x0000000008001244                TIM8_UP_IRQHandler
                0x0000000008001244                DMA2_Channel2_IRQHandler
                0x0000000008001244                DMA1_Channel4_IRQHandler
                0x0000000008001244                USART3_IRQHandler
                0x0000000008001244                DMA1_Channel7_IRQHandler
                0x0000000008001244                UART5_IRQHandler
                0x0000000008001244                ADC3_IRQHandler
                0x0000000008001244                TIM4_IRQHandler
                0x0000000008001244                CAN_RX1_IRQHandler
                0x0000000008001244                DMA2_Channel1_IRQHandler
                0x0000000008001244                I2C1_EV_IRQHandler
                0x0000000008001244                DMA1_Channel6_IRQHandler
                0x0000000008001244                UART4_IRQHandler
                0x0000000008001244                DMA2_Channel4_IRQHandler
                0x0000000008001244                TIM3_IRQHandler
                0x0000000008001244                RCC_IRQHandler
                0x0000000008001244                DMA1_Channel1_IRQHandler
                0x0000000008001244                Default_Handler
                0x0000000008001244                USBWakeUp_RMP_IRQHandler
                0x0000000008001244                EXTI15_10_IRQHandler
                0x0000000008001244                TIM7_IRQHandler
                0x0000000008001244                EXTI9_5_IRQHandler
                0x0000000008001244                RTC_WKUP_IRQHandler
                0x0000000008001244                SPI2_IRQHandler
                0x0000000008001244                USB_LP_CAN_RX0_IRQHandler
                0x0000000008001244                DMA2_Channel5_IRQHandler
                0x0000000008001244                DMA1_Channel5_IRQHandler
                0x0000000008001244                USB_LP_IRQHandler
                0x0000000008001244                EXTI4_IRQHandler
                0x0000000008001244                TIM1_TRG_COM_TIM17_IRQHandler
                0x0000000008001244                DMA1_Channel3_IRQHandler
                0x0000000008001244                ADC4_IRQHandler
                0x0000000008001244                WWDG_IRQHandler
                0x0000000008001244                TIM2_IRQHandler
                0x0000000008001244                COMP7_IRQHandler
                0x0000000008001244                COMP1_2_3_IRQHandler
                0x0000000008001244                EXTI1_IRQHandler
                0x0000000008001244                USART2_IRQHandler
                0x0000000008001244                COMP4_5_6_IRQHandler
                0x0000000008001244                I2C2_ER_IRQHandler
                0x0000000008001244                DMA1_Channel2_IRQHandler
                0x0000000008001244                TIM8_BRK_IRQHandler
                0x0000000008001244                FLASH_IRQHandler
                0x0000000008001244                SPI3_IRQHandler
                0x0000000008001244                I2C1_ER_IRQHandler
                0x0000000008001244                USBWakeUp_IRQHandler
                0x0000000008001244                DMA2_Channel3_IRQHandler
                0x0000000008001244                EXTI2_TSC_IRQHandler
                0x0000000008001244                TIM1_BRK_TIM15_IRQHandler
 *fill*         0x0000000008001246        0x2 
 .text.HAL_Init
                0x0000000008001248       0x2c ./Drivers/STM32F3xx_HAL_Driver/Src/stm32f3xx_hal.o
                0x0000000008001248                HAL_Init
 .text.HAL_InitTick
                0x0000000008001274       0x60 ./Drivers/STM32F3xx_HAL_Driver/Src/stm32f3xx_hal.o
                0x0000000008001274                HAL_InitTick
 .text.HAL_IncTick
                0x00000000080012d4       0x28 ./Drivers/STM32F3xx_HAL_Driver/Src/stm32f3xx_hal.o
                0x00000000080012d4                HAL_IncTick
 .text.HAL_GetTick
                0x00000000080012fc       0x18 ./Drivers/STM32F3xx_HAL_Driver/Src/stm32f3xx_hal.o
                0x00000000080012fc                HAL_GetTick
 .text.HAL_ADC_Init
                0x0000000008001314      0x3c0 ./Drivers/STM32F3xx_HAL_Driver/Src/stm32f3xx_hal_adc_ex.o
                0x0000000008001314                HAL_ADC_Init
 .text.HAL_ADC_Start
                0x00000000080016d4      0x22c ./Drivers/STM32F3xx_HAL_Driver/Src/stm32f3xx_hal_adc_ex.o
                0x00000000080016d4                HAL_ADC_Start
 .text.HAL_ADC_Stop
                0x0000000008001900       0x6a ./Drivers/STM32F3xx_HAL_Driver/Src/stm32f3xx_hal_adc_ex.o
                0x0000000008001900                HAL_ADC_Stop
 *fill*         0x000000000800196a        0x2 
 .text.HAL_ADC_PollForConversion
                0x000000000800196c      0x204 ./Drivers/STM32F3xx_HAL_Driver/Src/stm32f3xx_hal_adc_ex.o
                0x000000000800196c                HAL_ADC_PollForConversion
 .text.HAL_ADC_GetValue
                0x0000000008001b70       0x1a ./Drivers/STM32F3xx_HAL_Driver/Src/stm32f3xx_hal_adc_ex.o
                0x0000000008001b70                HAL_ADC_GetValue
 *fill*         0x0000000008001b8a        0x2 
 .text.HAL_ADC_ConfigChannel
                0x0000000008001b8c      0x5d8 ./Drivers/STM32F3xx_HAL_Driver/Src/stm32f3xx_hal_adc_ex.o
                0x0000000008001b8c                HAL_ADC_ConfigChannel
 .text.HAL_ADCEx_MultiModeConfigChannel
                0x0000000008002164      0x1e4 ./Drivers/STM32F3xx_HAL_Driver/Src/stm32f3xx_hal_adc_ex.o
                0x0000000008002164                HAL_ADCEx_MultiModeConfigChannel
 .text.ADC_Enable
                0x0000000008002348       0xc8 ./Drivers/STM32F3xx_HAL_Driver/Src/stm32f3xx_hal_adc_ex.o
 .text.ADC_Disable
                0x0000000008002410       0xcc ./Drivers/STM32F3xx_HAL_Driver/Src/stm32f3xx_hal_adc_ex.o
 .text.ADC_ConversionStop
                0x00000000080024dc      0x16c ./Drivers/STM32F3xx_HAL_Driver/Src/stm32f3xx_hal_adc_ex.o
 .text.__NVIC_SetPriorityGrouping
                0x0000000008002648       0x48 ./Drivers/STM32F3xx_HAL_Driver/Src/stm32f3xx_hal_cortex.o
 .text.__NVIC_GetPriorityGrouping
                0x0000000008002690       0x1c ./Drivers/STM32F3xx_HAL_Driver/Src/stm32f3xx_hal_cortex.o
 .text.__NVIC_SetPriority
                0x00000000080026ac       0x54 ./Drivers/STM32F3xx_HAL_Driver/Src/stm32f3xx_hal_cortex.o
 .text.NVIC_EncodePriority
                0x0000000008002700       0x66 ./Drivers/STM32F3xx_HAL_Driver/Src/stm32f3xx_hal_cortex.o
 *fill*         0x0000000008002766        0x2 
 .text.SysTick_Config
                0x0000000008002768       0x44 ./Drivers/STM32F3xx_HAL_Driver/Src/stm32f3xx_hal_cortex.o
 .text.HAL_NVIC_SetPriorityGrouping
                0x00000000080027ac       0x16 ./Drivers/STM32F3xx_HAL_Driver/Src/stm32f3xx_hal_cortex.o
                0x00000000080027ac                HAL_NVIC_SetPriorityGrouping
 .text.HAL_NVIC_SetPriority
                0x00000000080027c2       0x38 ./Drivers/STM32F3xx_HAL_Driver/Src/stm32f3xx_hal_cortex.o
                0x00000000080027c2                HAL_NVIC_SetPriority
 .text.HAL_SYSTICK_Config
                0x00000000080027fa       0x18 ./Drivers/STM32F3xx_HAL_Driver/Src/stm32f3xx_hal_cortex.o
                0x00000000080027fa                HAL_SYSTICK_Config
 *fill*         0x0000000008002812        0x2 
 .text.HAL_CRC_Init
                0x0000000008002814       0xc8 ./Drivers/STM32F3xx_HAL_Driver/Src/stm32f3xx_hal_crc.o
                0x0000000008002814                HAL_CRC_Init
 .text.HAL_CRC_Calculate
                0x00000000080028dc       0x98 ./Drivers/STM32F3xx_HAL_Driver/Src/stm32f3xx_hal_crc.o
                0x00000000080028dc                HAL_CRC_Calculate
 .text.CRC_Handle_8
                0x0000000008002974      0x11c ./Drivers/STM32F3xx_HAL_Driver/Src/stm32f3xx_hal_crc.o
 .text.CRC_Handle_16
                0x0000000008002a90       0x74 ./Drivers/STM32F3xx_HAL_Driver/Src/stm32f3xx_hal_crc.o
 .text.HAL_CRCEx_Polynomial_Set
                0x0000000008002b04      0x11c ./Drivers/STM32F3xx_HAL_Driver/Src/stm32f3xx_hal_crc_ex.o
                0x0000000008002b04                HAL_CRCEx_Polynomial_Set
 .text.HAL_GPIO_Init
                0x0000000008002c20      0x2f4 ./Drivers/STM32F3xx_HAL_Driver/Src/stm32f3xx_hal_gpio.o
                0x0000000008002c20                HAL_GPIO_Init
 .text.HAL_SPI_Init
                0x0000000008002f14      0x156 ./Drivers/STM32F3xx_HAL_Driver/Src/stm32f3xx_hal_spi.o
                0x0000000008002f14                HAL_SPI_Init
 .text.LL_GPIO_SetPinMode
                0x000000000800306a       0x5e ./Drivers/STM32F3xx_HAL_Driver/Src/stm32f3xx_ll_gpio.o
 .text.LL_GPIO_SetPinOutputType
                0x00000000080030c8       0x30 ./Drivers/STM32F3xx_HAL_Driver/Src/stm32f3xx_ll_gpio.o
 .text.LL_GPIO_SetPinSpeed
                0x00000000080030f8       0x5e ./Drivers/STM32F3xx_HAL_Driver/Src/stm32f3xx_ll_gpio.o
 .text.LL_GPIO_SetPinPull
                0x0000000008003156       0x5e ./Drivers/STM32F3xx_HAL_Driver/Src/stm32f3xx_ll_gpio.o
 .text.LL_GPIO_SetAFPin_0_7
                0x00000000080031b4       0x5e ./Drivers/STM32F3xx_HAL_Driver/Src/stm32f3xx_ll_gpio.o
 .text.LL_GPIO_SetAFPin_8_15
                0x0000000008003212       0x62 ./Drivers/STM32F3xx_HAL_Driver/Src/stm32f3xx_ll_gpio.o
 .text.LL_GPIO_Init
                0x0000000008003274       0xe0 ./Drivers/STM32F3xx_HAL_Driver/Src/stm32f3xx_ll_gpio.o
                0x0000000008003274                LL_GPIO_Init
 .text.LL_RCC_HSI_IsReady
                0x0000000008003354       0x24 ./Drivers/STM32F3xx_HAL_Driver/Src/stm32f3xx_ll_rcc.o
 .text.LL_RCC_LSE_IsReady
                0x0000000008003378       0x24 ./Drivers/STM32F3xx_HAL_Driver/Src/stm32f3xx_ll_rcc.o
 .text.LL_RCC_GetSysClkSource
                0x000000000800339c       0x1c ./Drivers/STM32F3xx_HAL_Driver/Src/stm32f3xx_ll_rcc.o
 .text.LL_RCC_GetAHBPrescaler
                0x00000000080033b8       0x1c ./Drivers/STM32F3xx_HAL_Driver/Src/stm32f3xx_ll_rcc.o
 .text.LL_RCC_GetAPB1Prescaler
                0x00000000080033d4       0x1c ./Drivers/STM32F3xx_HAL_Driver/Src/stm32f3xx_ll_rcc.o
 .text.LL_RCC_GetAPB2Prescaler
                0x00000000080033f0       0x1c ./Drivers/STM32F3xx_HAL_Driver/Src/stm32f3xx_ll_rcc.o
 .text.LL_RCC_GetUSARTClockSource
                0x000000000800340c       0x2c ./Drivers/STM32F3xx_HAL_Driver/Src/stm32f3xx_ll_rcc.o
 .text.LL_RCC_GetUARTClockSource
                0x0000000008003438       0x28 ./Drivers/STM32F3xx_HAL_Driver/Src/stm32f3xx_ll_rcc.o
 .text.LL_RCC_PLL_GetMainSource
                0x0000000008003460       0x1c ./Drivers/STM32F3xx_HAL_Driver/Src/stm32f3xx_ll_rcc.o
 .text.LL_RCC_PLL_GetMultiplicator
                0x000000000800347c       0x1c ./Drivers/STM32F3xx_HAL_Driver/Src/stm32f3xx_ll_rcc.o
 .text.LL_RCC_PLL_GetPrediv
                0x0000000008003498       0x1c ./Drivers/STM32F3xx_HAL_Driver/Src/stm32f3xx_ll_rcc.o
 .text.LL_RCC_GetUSARTClockFreq
                0x00000000080034b4      0x188 ./Drivers/STM32F3xx_HAL_Driver/Src/stm32f3xx_ll_rcc.o
                0x00000000080034b4                LL_RCC_GetUSARTClockFreq
 .text.LL_RCC_GetUARTClockFreq
                0x000000000800363c      0x120 ./Drivers/STM32F3xx_HAL_Driver/Src/stm32f3xx_ll_rcc.o
                0x000000000800363c                LL_RCC_GetUARTClockFreq
 .text.RCC_GetSystemClockFreq
                0x000000000800375c       0x50 ./Drivers/STM32F3xx_HAL_Driver/Src/stm32f3xx_ll_rcc.o
                0x000000000800375c                RCC_GetSystemClockFreq
 .text.RCC_GetHCLKClockFreq
                0x00000000080037ac       0x2c ./Drivers/STM32F3xx_HAL_Driver/Src/stm32f3xx_ll_rcc.o
                0x00000000080037ac                RCC_GetHCLKClockFreq
 .text.RCC_GetPCLK1ClockFreq
                0x00000000080037d8       0x28 ./Drivers/STM32F3xx_HAL_Driver/Src/stm32f3xx_ll_rcc.o
                0x00000000080037d8                RCC_GetPCLK1ClockFreq
 .text.RCC_GetPCLK2ClockFreq
                0x0000000008003800       0x28 ./Drivers/STM32F3xx_HAL_Driver/Src/stm32f3xx_ll_rcc.o
                0x0000000008003800                RCC_GetPCLK2ClockFreq
 .text.RCC_PLL_GetFreqDomain_SYS
                0x0000000008003828       0x7c ./Drivers/STM32F3xx_HAL_Driver/Src/stm32f3xx_ll_rcc.o
                0x0000000008003828                RCC_PLL_GetFreqDomain_SYS
 .text.LL_USART_IsEnabled
                0x00000000080038a4       0x26 ./Drivers/STM32F3xx_HAL_Driver/Src/stm32f3xx_ll_usart.o
 .text.LL_USART_SetStopBitsLength
                0x00000000080038ca       0x26 ./Drivers/STM32F3xx_HAL_Driver/Src/stm32f3xx_ll_usart.o
 .text.LL_USART_SetHWFlowCtrl
                0x00000000080038f0       0x26 ./Drivers/STM32F3xx_HAL_Driver/Src/stm32f3xx_ll_usart.o
 .text.LL_USART_SetBaudRate
                0x0000000008003916       0x6e ./Drivers/STM32F3xx_HAL_Driver/Src/stm32f3xx_ll_usart.o
 .text.LL_USART_Init
                0x0000000008003984       0xfc ./Drivers/STM32F3xx_HAL_Driver/Src/stm32f3xx_ll_usart.o
                0x0000000008003984                LL_USART_Init
 .text.LL_mDelay
                0x0000000008003a80       0x4c ./Drivers/STM32F3xx_HAL_Driver/Src/stm32f3xx_ll_utils.o
                0x0000000008003a80                LL_mDelay
 .text.LL_SetSystemCoreClock
                0x0000000008003acc       0x20 ./Drivers/STM32F3xx_HAL_Driver/Src/stm32f3xx_ll_utils.o
                0x0000000008003acc                LL_SetSystemCoreClock
 .text.__libc_init_array
                0x0000000008003aec       0x48 c:/st/stm32cubeide_1.10.1/stm32cubeide/plugins/com.st.stm32cube.ide.mcu.externaltools.gnu-tools-for-stm32.10.3-2021.10.win32_1.0.0.202111181127/tools/bin/../lib/gcc/arm-none-eabi/10.3.1/../../../../arm-none-eabi/lib/thumb/v7e-m+fp/hard\libc_nano.a(lib_a-init.o)
                0x0000000008003aec                __libc_init_array
 .text.memset   0x0000000008003b34       0x10 c:/st/stm32cubeide_1.10.1/stm32cubeide/plugins/com.st.stm32cube.ide.mcu.externaltools.gnu-tools-for-stm32.10.3-2021.10.win32_1.0.0.202111181127/tools/bin/../lib/gcc/arm-none-eabi/10.3.1/../../../../arm-none-eabi/lib/thumb/v7e-m+fp/hard\libc_nano.a(lib_a-memset.o)
                0x0000000008003b34                memset
 *(.glue_7)
 .glue_7        0x0000000008003b44        0x0 linker stubs
 *(.glue_7t)
 .glue_7t       0x0000000008003b44        0x0 linker stubs
 *(.eh_frame)
 .eh_frame      0x0000000008003b44        0x0 c:/st/stm32cubeide_1.10.1/stm32cubeide/plugins/com.st.stm32cube.ide.mcu.externaltools.gnu-tools-for-stm32.10.3-2021.10.win32_1.0.0.202111181127/tools/bin/../lib/gcc/arm-none-eabi/10.3.1/thumb/v7e-m+fp/hard/crtbegin.o
 *(.init)
 .init          0x0000000008003b44        0x4 c:/st/stm32cubeide_1.10.1/stm32cubeide/plugins/com.st.stm32cube.ide.mcu.externaltools.gnu-tools-for-stm32.10.3-2021.10.win32_1.0.0.202111181127/tools/bin/../lib/gcc/arm-none-eabi/10.3.1/thumb/v7e-m+fp/hard/crti.o
                0x0000000008003b44                _init
 .init          0x0000000008003b48        0x8 c:/st/stm32cubeide_1.10.1/stm32cubeide/plugins/com.st.stm32cube.ide.mcu.externaltools.gnu-tools-for-stm32.10.3-2021.10.win32_1.0.0.202111181127/tools/bin/../lib/gcc/arm-none-eabi/10.3.1/thumb/v7e-m+fp/hard/crtn.o
 *(.fini)
 .fini          0x0000000008003b50        0x4 c:/st/stm32cubeide_1.10.1/stm32cubeide/plugins/com.st.stm32cube.ide.mcu.externaltools.gnu-tools-for-stm32.10.3-2021.10.win32_1.0.0.202111181127/tools/bin/../lib/gcc/arm-none-eabi/10.3.1/thumb/v7e-m+fp/hard/crti.o
                0x0000000008003b50                _fini
 .fini          0x0000000008003b54        0x8 c:/st/stm32cubeide_1.10.1/stm32cubeide/plugins/com.st.stm32cube.ide.mcu.externaltools.gnu-tools-for-stm32.10.3-2021.10.win32_1.0.0.202111181127/tools/bin/../lib/gcc/arm-none-eabi/10.3.1/thumb/v7e-m+fp/hard/crtn.o
                0x0000000008003b5c                . = ALIGN (0x4)
                0x0000000008003b5c                _etext = .

.vfp11_veneer   0x0000000008003b5c        0x0
 .vfp11_veneer  0x0000000008003b5c        0x0 linker stubs

.v4_bx          0x0000000008003b5c        0x0
 .v4_bx         0x0000000008003b5c        0x0 linker stubs

.iplt           0x0000000008003b5c        0x0
 .iplt          0x0000000008003b5c        0x0 c:/st/stm32cubeide_1.10.1/stm32cubeide/plugins/com.st.stm32cube.ide.mcu.externaltools.gnu-tools-for-stm32.10.3-2021.10.win32_1.0.0.202111181127/tools/bin/../lib/gcc/arm-none-eabi/10.3.1/thumb/v7e-m+fp/hard/crtbegin.o

.rodata         0x0000000008003b5c       0x18
                0x0000000008003b5c                . = ALIGN (0x4)
 *(.rodata)
 *(.rodata*)
 .rodata.AHBPrescTable
                0x0000000008003b5c       0x10 ./Core/Src/system_stm32f3xx.o
                0x0000000008003b5c                AHBPrescTable
 .rodata.APBPrescTable
                0x0000000008003b6c        0x8 ./Core/Src/system_stm32f3xx.o
                0x0000000008003b6c                APBPrescTable
                0x0000000008003b74                . = ALIGN (0x4)

.rel.dyn        0x0000000008003b74        0x0
 .rel.iplt      0x0000000008003b74        0x0 c:/st/stm32cubeide_1.10.1/stm32cubeide/plugins/com.st.stm32cube.ide.mcu.externaltools.gnu-tools-for-stm32.10.3-2021.10.win32_1.0.0.202111181127/tools/bin/../lib/gcc/arm-none-eabi/10.3.1/thumb/v7e-m+fp/hard/crtbegin.o

.ARM.extab      0x0000000008003b74        0x0
                0x0000000008003b74                . = ALIGN (0x4)
 *(.ARM.extab* .gnu.linkonce.armextab.*)
                0x0000000008003b74                . = ALIGN (0x4)

.ARM            0x0000000008003b74        0x0
                0x0000000008003b74                . = ALIGN (0x4)
                0x0000000008003b74                __exidx_start = .
 *(.ARM.exidx*)
                0x0000000008003b74                __exidx_end = .
                0x0000000008003b74                . = ALIGN (0x4)

.preinit_array  0x0000000008003b74        0x0
                0x0000000008003b74                . = ALIGN (0x4)
                0x0000000008003b74                PROVIDE (__preinit_array_start = .)
 *(.preinit_array*)
                0x0000000008003b74                PROVIDE (__preinit_array_end = .)
                0x0000000008003b74                . = ALIGN (0x4)

.init_array     0x0000000008003b74        0x4
                0x0000000008003b74                . = ALIGN (0x4)
                0x0000000008003b74                PROVIDE (__init_array_start = .)
 *(SORT_BY_NAME(.init_array.*))
 *(.init_array*)
 .init_array    0x0000000008003b74        0x4 c:/st/stm32cubeide_1.10.1/stm32cubeide/plugins/com.st.stm32cube.ide.mcu.externaltools.gnu-tools-for-stm32.10.3-2021.10.win32_1.0.0.202111181127/tools/bin/../lib/gcc/arm-none-eabi/10.3.1/thumb/v7e-m+fp/hard/crtbegin.o
                0x0000000008003b78                PROVIDE (__init_array_end = .)
                0x0000000008003b78                . = ALIGN (0x4)

.fini_array     0x0000000008003b78        0x4
                0x0000000008003b78                . = ALIGN (0x4)
                [!provide]                        PROVIDE (__fini_array_start = .)
 *(SORT_BY_NAME(.fini_array.*))
 *(.fini_array*)
 .fini_array    0x0000000008003b78        0x4 c:/st/stm32cubeide_1.10.1/stm32cubeide/plugins/com.st.stm32cube.ide.mcu.externaltools.gnu-tools-for-stm32.10.3-2021.10.win32_1.0.0.202111181127/tools/bin/../lib/gcc/arm-none-eabi/10.3.1/thumb/v7e-m+fp/hard/crtbegin.o
                [!provide]                        PROVIDE (__fini_array_end = .)
                0x0000000008003b7c                . = ALIGN (0x4)
                0x0000000008003b7c                _sidata = LOADADDR (.data)

.data           0x0000000020000000        0xc load address 0x0000000008003b7c
                0x0000000020000000                . = ALIGN (0x4)
                0x0000000020000000                _sdata = .
 *(.data)
 *(.data*)
 .data.SystemCoreClock
                0x0000000020000000        0x4 ./Core/Src/system_stm32f3xx.o
                0x0000000020000000                SystemCoreClock
 .data.uwTickPrio
                0x0000000020000004        0x4 ./Drivers/STM32F3xx_HAL_Driver/Src/stm32f3xx_hal.o
                0x0000000020000004                uwTickPrio
 .data.uwTickFreq
                0x0000000020000008        0x1 ./Drivers/STM32F3xx_HAL_Driver/Src/stm32f3xx_hal.o
                0x0000000020000008                uwTickFreq
 *(.RamFunc)
 *(.RamFunc*)
                0x000000002000000c                . = ALIGN (0x4)
 *fill*         0x0000000020000009        0x3 
                0x000000002000000c                _edata = .
                0x0000000008003b88                _siccmram = LOADADDR (.ccmram)

.igot.plt       0x000000002000000c        0x0 load address 0x0000000008003b88
 .igot.plt      0x000000002000000c        0x0 c:/st/stm32cubeide_1.10.1/stm32cubeide/plugins/com.st.stm32cube.ide.mcu.externaltools.gnu-tools-for-stm32.10.3-2021.10.win32_1.0.0.202111181127/tools/bin/../lib/gcc/arm-none-eabi/10.3.1/thumb/v7e-m+fp/hard/crtbegin.o

.ccmram         0x0000000010000000        0x0 load address 0x0000000008003b88
                0x0000000010000000                . = ALIGN (0x4)
                0x0000000010000000                _sccmram = .
 *(.ccmram)
 *(.ccmram*)
                0x0000000010000000                . = ALIGN (0x4)
                0x0000000010000000                _eccmram = .
                0x0000000010000000                . = ALIGN (0x4)

.bss            0x000000002000000c      0x8e0
                0x000000002000000c                _sbss = .
                0x000000002000000c                __bss_start__ = _sbss
 *(.bss)
 .bss           0x000000002000000c       0x1c c:/st/stm32cubeide_1.10.1/stm32cubeide/plugins/com.st.stm32cube.ide.mcu.externaltools.gnu-tools-for-stm32.10.3-2021.10.win32_1.0.0.202111181127/tools/bin/../lib/gcc/arm-none-eabi/10.3.1/thumb/v7e-m+fp/hard/crtbegin.o
 *(.bss*)
 .bss.hadc1     0x0000000020000028       0x50 ./Core/Src/adc.o
                0x0000000020000028                hadc1
 .bss.hcrc      0x0000000020000078       0x24 ./Core/Src/crc.o
                0x0000000020000078                hcrc
 .bss.rxBufferCounter
                0x000000002000009c        0x2 ./Core/Src/globals.o
                0x000000002000009c                rxBufferCounter
 *fill*         0x000000002000009e        0x2 
 .bss.calculated_CRC_32
                0x00000000200000a0        0x4 ./Core/Src/globals.o
                0x00000000200000a0                calculated_CRC_32
 .bss.recieved_CRC_32
                0x00000000200000a4        0x4 ./Core/Src/globals.o
                0x00000000200000a4                recieved_CRC_32
 .bss.txBuffer  0x00000000200000a8      0x3e8 ./Core/Src/globals.o
                0x00000000200000a8                txBuffer
 .bss.rxBuffer  0x0000000020000490      0x3e8 ./Core/Src/globals.o
                0x0000000020000490                rxBuffer
 .bss.adcBuffer
                0x0000000020000878        0x8 ./Core/Src/globals.o
                0x0000000020000878                adcBuffer
 .bss.adcForTransmitt
                0x0000000020000880        0x2 ./Core/Src/globals.o
                0x0000000020000880                adcForTransmitt
 *fill*         0x0000000020000882        0x2 
 .bss.hspi1     0x0000000020000884       0x64 ./Core/Src/spi.o
                0x0000000020000884                hspi1
 .bss.uwTick    0x00000000200008e8        0x4 ./Drivers/STM32F3xx_HAL_Driver/Src/stm32f3xx_hal.o
                0x00000000200008e8                uwTick
 *(COMMON)
                0x00000000200008ec                . = ALIGN (0x4)
                0x00000000200008ec                _ebss = .
                0x00000000200008ec                __bss_end__ = _ebss

._user_heap_stack
                0x00000000200008ec      0x604
                0x00000000200008f0                . = ALIGN (0x8)
 *fill*         0x00000000200008ec        0x4 
                [!provide]                        PROVIDE (end = .)
                0x00000000200008f0                PROVIDE (_end = .)
                0x0000000020000af0                . = (. + _Min_Heap_Size)
 *fill*         0x00000000200008f0      0x200 
                0x0000000020000ef0                . = (. + _Min_Stack_Size)
 *fill*         0x0000000020000af0      0x400 
                0x0000000020000ef0                . = ALIGN (0x8)

/DISCARD/
 libc.a(*)
 libm.a(*)
 libgcc.a(*)

.ARM.attributes
                0x0000000000000000       0x30
 *(.ARM.attributes)
 .ARM.attributes
                0x0000000000000000       0x1e c:/st/stm32cubeide_1.10.1/stm32cubeide/plugins/com.st.stm32cube.ide.mcu.externaltools.gnu-tools-for-stm32.10.3-2021.10.win32_1.0.0.202111181127/tools/bin/../lib/gcc/arm-none-eabi/10.3.1/thumb/v7e-m+fp/hard/crti.o
 .ARM.attributes
                0x000000000000001e       0x34 c:/st/stm32cubeide_1.10.1/stm32cubeide/plugins/com.st.stm32cube.ide.mcu.externaltools.gnu-tools-for-stm32.10.3-2021.10.win32_1.0.0.202111181127/tools/bin/../lib/gcc/arm-none-eabi/10.3.1/thumb/v7e-m+fp/hard/crtbegin.o
 .ARM.attributes
                0x0000000000000052       0x34 ./Core/Src/adc.o
 .ARM.attributes
                0x0000000000000086       0x34 ./Core/Src/crc.o
 .ARM.attributes
                0x00000000000000ba       0x34 ./Core/Src/force_sensor_lineralazer_lib.o
 .ARM.attributes
                0x00000000000000ee       0x34 ./Core/Src/globals.o
 .ARM.attributes
                0x0000000000000122       0x34 ./Core/Src/gpio.o
 .ARM.attributes
                0x0000000000000156       0x34 ./Core/Src/main.o
 .ARM.attributes
                0x000000000000018a       0x34 ./Core/Src/spi.o
 .ARM.attributes
                0x00000000000001be       0x34 ./Core/Src/stm32f3xx_hal_msp.o
 .ARM.attributes
                0x00000000000001f2       0x34 ./Core/Src/stm32f3xx_it.o
 .ARM.attributes
                0x0000000000000226       0x34 ./Core/Src/system_stm32f3xx.o
 .ARM.attributes
                0x000000000000025a       0x34 ./Core/Src/usart.o
 .ARM.attributes
                0x000000000000028e       0x21 ./Core/Startup/startup_stm32f303cbtx.o
 .ARM.attributes
                0x00000000000002af       0x34 ./Drivers/STM32F3xx_HAL_Driver/Src/stm32f3xx_hal.o
 .ARM.attributes
                0x00000000000002e3       0x34 ./Drivers/STM32F3xx_HAL_Driver/Src/stm32f3xx_hal_adc_ex.o
 .ARM.attributes
                0x0000000000000317       0x34 ./Drivers/STM32F3xx_HAL_Driver/Src/stm32f3xx_hal_cortex.o
 .ARM.attributes
                0x000000000000034b       0x34 ./Drivers/STM32F3xx_HAL_Driver/Src/stm32f3xx_hal_crc.o
 .ARM.attributes
                0x000000000000037f       0x34 ./Drivers/STM32F3xx_HAL_Driver/Src/stm32f3xx_hal_crc_ex.o
 .ARM.attributes
                0x00000000000003b3       0x34 ./Drivers/STM32F3xx_HAL_Driver/Src/stm32f3xx_hal_gpio.o
 .ARM.attributes
                0x00000000000003e7       0x34 ./Drivers/STM32F3xx_HAL_Driver/Src/stm32f3xx_hal_spi.o
 .ARM.attributes
                0x000000000000041b       0x34 ./Drivers/STM32F3xx_HAL_Driver/Src/stm32f3xx_ll_gpio.o
 .ARM.attributes
                0x000000000000044f       0x34 ./Drivers/STM32F3xx_HAL_Driver/Src/stm32f3xx_ll_rcc.o
 .ARM.attributes
                0x0000000000000483       0x34 ./Drivers/STM32F3xx_HAL_Driver/Src/stm32f3xx_ll_usart.o
 .ARM.attributes
                0x00000000000004b7       0x34 ./Drivers/STM32F3xx_HAL_Driver/Src/stm32f3xx_ll_utils.o
 .ARM.attributes
                0x00000000000004eb       0x34 c:/st/stm32cubeide_1.10.1/stm32cubeide/plugins/com.st.stm32cube.ide.mcu.externaltools.gnu-tools-for-stm32.10.3-2021.10.win32_1.0.0.202111181127/tools/bin/../lib/gcc/arm-none-eabi/10.3.1/../../../../arm-none-eabi/lib/thumb/v7e-m+fp/hard\libc_nano.a(lib_a-init.o)
 .ARM.attributes
                0x000000000000051f       0x34 c:/st/stm32cubeide_1.10.1/stm32cubeide/plugins/com.st.stm32cube.ide.mcu.externaltools.gnu-tools-for-stm32.10.3-2021.10.win32_1.0.0.202111181127/tools/bin/../lib/gcc/arm-none-eabi/10.3.1/../../../../arm-none-eabi/lib/thumb/v7e-m+fp/hard\libc_nano.a(lib_a-memset.o)
 .ARM.attributes
                0x0000000000000553       0x1e c:/st/stm32cubeide_1.10.1/stm32cubeide/plugins/com.st.stm32cube.ide.mcu.externaltools.gnu-tools-for-stm32.10.3-2021.10.win32_1.0.0.202111181127/tools/bin/../lib/gcc/arm-none-eabi/10.3.1/thumb/v7e-m+fp/hard/crtn.o
OUTPUT(force_sensor_lineralazer_rs485.elf elf32-littlearm)
LOAD linker stubs
LOAD c:/st/stm32cubeide_1.10.1/stm32cubeide/plugins/com.st.stm32cube.ide.mcu.externaltools.gnu-tools-for-stm32.10.3-2021.10.win32_1.0.0.202111181127/tools/bin/../lib/gcc/arm-none-eabi/10.3.1/../../../../arm-none-eabi/lib/thumb/v7e-m+fp/hard\libc.a
LOAD c:/st/stm32cubeide_1.10.1/stm32cubeide/plugins/com.st.stm32cube.ide.mcu.externaltools.gnu-tools-for-stm32.10.3-2021.10.win32_1.0.0.202111181127/tools/bin/../lib/gcc/arm-none-eabi/10.3.1/../../../../arm-none-eabi/lib/thumb/v7e-m+fp/hard\libm.a
LOAD c:/st/stm32cubeide_1.10.1/stm32cubeide/plugins/com.st.stm32cube.ide.mcu.externaltools.gnu-tools-for-stm32.10.3-2021.10.win32_1.0.0.202111181127/tools/bin/../lib/gcc/arm-none-eabi/10.3.1/thumb/v7e-m+fp/hard\libgcc.a

.debug_info     0x0000000000000000     0xc1dd
 .debug_info    0x0000000000000000      0xb02 ./Core/Src/adc.o
 .debug_info    0x0000000000000b02      0x464 ./Core/Src/crc.o
 .debug_info    0x0000000000000f66      0xb8b ./Core/Src/force_sensor_lineralazer_lib.o
 .debug_info    0x0000000000001af1      0x1fe ./Core/Src/globals.o
 .debug_info    0x0000000000001cef      0x3a3 ./Core/Src/gpio.o
 .debug_info    0x0000000000002092      0xf3d ./Core/Src/main.o
 .debug_info    0x0000000000002fcf      0x903 ./Core/Src/spi.o
 .debug_info    0x00000000000038d2      0x1ee ./Core/Src/stm32f3xx_hal_msp.o
 .debug_info    0x0000000000003ac0      0x436 ./Core/Src/stm32f3xx_it.o
 .debug_info    0x0000000000003ef6      0x416 ./Core/Src/system_stm32f3xx.o
 .debug_info    0x000000000000430c      0xc5f ./Core/Src/usart.o
 .debug_info    0x0000000000004f6b       0x22 ./Core/Startup/startup_stm32f303cbtx.o
 .debug_info    0x0000000000004f8d      0x807 ./Drivers/STM32F3xx_HAL_Driver/Src/stm32f3xx_hal.o
 .debug_info    0x0000000000005794     0x16d2 ./Drivers/STM32F3xx_HAL_Driver/Src/stm32f3xx_hal_adc_ex.o
 .debug_info    0x0000000000006e66      0xdba ./Drivers/STM32F3xx_HAL_Driver/Src/stm32f3xx_hal_cortex.o
 .debug_info    0x0000000000007c20      0x587 ./Drivers/STM32F3xx_HAL_Driver/Src/stm32f3xx_hal_crc.o
 .debug_info    0x00000000000081a7      0x38f ./Drivers/STM32F3xx_HAL_Driver/Src/stm32f3xx_hal_crc_ex.o
 .debug_info    0x0000000000008536      0x68a ./Drivers/STM32F3xx_HAL_Driver/Src/stm32f3xx_hal_gpio.o
 .debug_info    0x0000000000008bc0     0x178c ./Drivers/STM32F3xx_HAL_Driver/Src/stm32f3xx_hal_spi.o
 .debug_info    0x000000000000a34c      0x758 ./Drivers/STM32F3xx_HAL_Driver/Src/stm32f3xx_ll_gpio.o
 .debug_info    0x000000000000aaa4      0x855 ./Drivers/STM32F3xx_HAL_Driver/Src/stm32f3xx_ll_rcc.o
 .debug_info    0x000000000000b2f9      0x693 ./Drivers/STM32F3xx_HAL_Driver/Src/stm32f3xx_ll_usart.o
 .debug_info    0x000000000000b98c      0x851 ./Drivers/STM32F3xx_HAL_Driver/Src/stm32f3xx_ll_utils.o

.debug_abbrev   0x0000000000000000     0x2a97
 .debug_abbrev  0x0000000000000000      0x1fe ./Core/Src/adc.o
 .debug_abbrev  0x00000000000001fe      0x195 ./Core/Src/crc.o
 .debug_abbrev  0x0000000000000393      0x220 ./Core/Src/force_sensor_lineralazer_lib.o
 .debug_abbrev  0x00000000000005b3       0xa0 ./Core/Src/globals.o
 .debug_abbrev  0x0000000000000653      0x191 ./Core/Src/gpio.o
 .debug_abbrev  0x00000000000007e4      0x349 ./Core/Src/main.o
 .debug_abbrev  0x0000000000000b2d      0x1e7 ./Core/Src/spi.o
 .debug_abbrev  0x0000000000000d14       0xdb ./Core/Src/stm32f3xx_hal_msp.o
 .debug_abbrev  0x0000000000000def      0x17a ./Core/Src/stm32f3xx_it.o
 .debug_abbrev  0x0000000000000f69      0x116 ./Core/Src/system_stm32f3xx.o
 .debug_abbrev  0x000000000000107f      0x288 ./Core/Src/usart.o
 .debug_abbrev  0x0000000000001307       0x12 ./Core/Startup/startup_stm32f303cbtx.o
 .debug_abbrev  0x0000000000001319      0x20e ./Drivers/STM32F3xx_HAL_Driver/Src/stm32f3xx_hal.o
 .debug_abbrev  0x0000000000001527      0x27a ./Drivers/STM32F3xx_HAL_Driver/Src/stm32f3xx_hal_adc_ex.o
 .debug_abbrev  0x00000000000017a1      0x30d ./Drivers/STM32F3xx_HAL_Driver/Src/stm32f3xx_hal_cortex.o
 .debug_abbrev  0x0000000000001aae      0x1df ./Drivers/STM32F3xx_HAL_Driver/Src/stm32f3xx_hal_crc.o
 .debug_abbrev  0x0000000000001c8d      0x146 ./Drivers/STM32F3xx_HAL_Driver/Src/stm32f3xx_hal_crc_ex.o
 .debug_abbrev  0x0000000000001dd3      0x1bb ./Drivers/STM32F3xx_HAL_Driver/Src/stm32f3xx_hal_gpio.o
 .debug_abbrev  0x0000000000001f8e      0x254 ./Drivers/STM32F3xx_HAL_Driver/Src/stm32f3xx_hal_spi.o
 .debug_abbrev  0x00000000000021e2      0x20e ./Drivers/STM32F3xx_HAL_Driver/Src/stm32f3xx_ll_gpio.o
 .debug_abbrev  0x00000000000023f0      0x23b ./Drivers/STM32F3xx_HAL_Driver/Src/stm32f3xx_ll_rcc.o
 .debug_abbrev  0x000000000000262b      0x1bd ./Drivers/STM32F3xx_HAL_Driver/Src/stm32f3xx_ll_usart.o
 .debug_abbrev  0x00000000000027e8      0x2af ./Drivers/STM32F3xx_HAL_Driver/Src/stm32f3xx_ll_utils.o

.debug_aranges  0x0000000000000000      0xcc8
 .debug_aranges
                0x0000000000000000       0x30 ./Core/Src/adc.o
 .debug_aranges
                0x0000000000000030       0x30 ./Core/Src/crc.o
 .debug_aranges
                0x0000000000000060       0x60 ./Core/Src/force_sensor_lineralazer_lib.o
 .debug_aranges
                0x00000000000000c0       0x18 ./Core/Src/globals.o
 .debug_aranges
                0x00000000000000d8       0x30 ./Core/Src/gpio.o
 .debug_aranges
                0x0000000000000108       0xc0 ./Core/Src/main.o
 .debug_aranges
                0x00000000000001c8       0x30 ./Core/Src/spi.o
 .debug_aranges
                0x00000000000001f8       0x20 ./Core/Src/stm32f3xx_hal_msp.o
 .debug_aranges
                0x0000000000000218       0xb0 ./Core/Src/stm32f3xx_it.o
 .debug_aranges
                0x00000000000002c8       0x28 ./Core/Src/system_stm32f3xx.o
 .debug_aranges
                0x00000000000002f0       0x68 ./Core/Src/usart.o
 .debug_aranges
                0x0000000000000358       0x28 ./Core/Startup/startup_stm32f303cbtx.o
 .debug_aranges
                0x0000000000000380       0xe0 ./Drivers/STM32F3xx_HAL_Driver/Src/stm32f3xx_hal.o
 .debug_aranges
                0x0000000000000460      0x168 ./Drivers/STM32F3xx_HAL_Driver/Src/stm32f3xx_hal_adc_ex.o
 .debug_aranges
                0x00000000000005c8      0x128 ./Drivers/STM32F3xx_HAL_Driver/Src/stm32f3xx_hal_cortex.o
 .debug_aranges
                0x00000000000006f0       0x60 ./Drivers/STM32F3xx_HAL_Driver/Src/stm32f3xx_hal_crc.o
 .debug_aranges
                0x0000000000000750       0x30 ./Drivers/STM32F3xx_HAL_Driver/Src/stm32f3xx_hal_crc_ex.o
 .debug_aranges
                0x0000000000000780       0x58 ./Drivers/STM32F3xx_HAL_Driver/Src/stm32f3xx_hal_gpio.o
 .debug_aranges
                0x00000000000007d8      0x1d8 ./Drivers/STM32F3xx_HAL_Driver/Src/stm32f3xx_hal_spi.o
 .debug_aranges
                0x00000000000009b0       0x70 ./Drivers/STM32F3xx_HAL_Driver/Src/stm32f3xx_ll_gpio.o
 .debug_aranges
                0x0000000000000a20      0x130 ./Drivers/STM32F3xx_HAL_Driver/Src/stm32f3xx_ll_rcc.o
 .debug_aranges
                0x0000000000000b50       0x88 ./Drivers/STM32F3xx_HAL_Driver/Src/stm32f3xx_ll_usart.o
 .debug_aranges
                0x0000000000000bd8       0xf0 ./Drivers/STM32F3xx_HAL_Driver/Src/stm32f3xx_ll_utils.o

.debug_ranges   0x0000000000000000      0xb58
 .debug_ranges  0x0000000000000000       0x20 ./Core/Src/adc.o
 .debug_ranges  0x0000000000000020       0x20 ./Core/Src/crc.o
 .debug_ranges  0x0000000000000040       0x50 ./Core/Src/force_sensor_lineralazer_lib.o
 .debug_ranges  0x0000000000000090       0x20 ./Core/Src/gpio.o
 .debug_ranges  0x00000000000000b0       0xb0 ./Core/Src/main.o
 .debug_ranges  0x0000000000000160       0x20 ./Core/Src/spi.o
 .debug_ranges  0x0000000000000180       0x10 ./Core/Src/stm32f3xx_hal_msp.o
 .debug_ranges  0x0000000000000190       0xa0 ./Core/Src/stm32f3xx_it.o
 .debug_ranges  0x0000000000000230       0x18 ./Core/Src/system_stm32f3xx.o
 .debug_ranges  0x0000000000000248       0x58 ./Core/Src/usart.o
 .debug_ranges  0x00000000000002a0       0x20 ./Core/Startup/startup_stm32f303cbtx.o
 .debug_ranges  0x00000000000002c0       0xd0 ./Drivers/STM32F3xx_HAL_Driver/Src/stm32f3xx_hal.o
 .debug_ranges  0x0000000000000390      0x158 ./Drivers/STM32F3xx_HAL_Driver/Src/stm32f3xx_hal_adc_ex.o
 .debug_ranges  0x00000000000004e8      0x118 ./Drivers/STM32F3xx_HAL_Driver/Src/stm32f3xx_hal_cortex.o
 .debug_ranges  0x0000000000000600       0x50 ./Drivers/STM32F3xx_HAL_Driver/Src/stm32f3xx_hal_crc.o
 .debug_ranges  0x0000000000000650       0x20 ./Drivers/STM32F3xx_HAL_Driver/Src/stm32f3xx_hal_crc_ex.o
 .debug_ranges  0x0000000000000670       0x48 ./Drivers/STM32F3xx_HAL_Driver/Src/stm32f3xx_hal_gpio.o
 .debug_ranges  0x00000000000006b8      0x1c8 ./Drivers/STM32F3xx_HAL_Driver/Src/stm32f3xx_hal_spi.o
 .debug_ranges  0x0000000000000880       0x60 ./Drivers/STM32F3xx_HAL_Driver/Src/stm32f3xx_ll_gpio.o
 .debug_ranges  0x00000000000008e0      0x120 ./Drivers/STM32F3xx_HAL_Driver/Src/stm32f3xx_ll_rcc.o
 .debug_ranges  0x0000000000000a00       0x78 ./Drivers/STM32F3xx_HAL_Driver/Src/stm32f3xx_ll_usart.o
 .debug_ranges  0x0000000000000a78       0xe0 ./Drivers/STM32F3xx_HAL_Driver/Src/stm32f3xx_ll_utils.o

.debug_macro    0x0000000000000000    0x213e9
 .debug_macro   0x0000000000000000      0x264 ./Core/Src/adc.o
 .debug_macro   0x0000000000000264      0xa7e ./Core/Src/adc.o
 .debug_macro   0x0000000000000ce2      0x15d ./Core/Src/adc.o
 .debug_macro   0x0000000000000e3f       0x2e ./Core/Src/adc.o
 .debug_macro   0x0000000000000e6d       0x28 ./Core/Src/adc.o
 .debug_macro   0x0000000000000e95       0x22 ./Core/Src/adc.o
 .debug_macro   0x0000000000000eb7       0x8e ./Core/Src/adc.o
 .debug_macro   0x0000000000000f45       0x51 ./Core/Src/adc.o
 .debug_macro   0x0000000000000f96      0x103 ./Core/Src/adc.o
 .debug_macro   0x0000000000001099       0x6a ./Core/Src/adc.o
 .debug_macro   0x0000000000001103      0x1df ./Core/Src/adc.o
 .debug_macro   0x00000000000012e2       0x1c ./Core/Src/adc.o
 .debug_macro   0x00000000000012fe       0x22 ./Core/Src/adc.o
 .debug_macro   0x0000000000001320       0xd9 ./Core/Src/adc.o
 .debug_macro   0x00000000000013f9     0x102d ./Core/Src/adc.o
 .debug_macro   0x0000000000002426      0x11f ./Core/Src/adc.o
 .debug_macro   0x0000000000002545    0x12a3a ./Core/Src/adc.o
 .debug_macro   0x0000000000014f7f       0x6d ./Core/Src/adc.o
 .debug_macro   0x0000000000014fec     0x3574 ./Core/Src/adc.o
 .debug_macro   0x0000000000018560      0x174 ./Core/Src/adc.o
 .debug_macro   0x00000000000186d4       0x55 ./Core/Src/adc.o
 .debug_macro   0x0000000000018729      0x961 ./Core/Src/adc.o
 .debug_macro   0x000000000001908a      0x5fe ./Core/Src/adc.o
 .debug_macro   0x0000000000019688      0x1b5 ./Core/Src/adc.o
 .debug_macro   0x000000000001983d      0x1fb ./Core/Src/adc.o
 .debug_macro   0x0000000000019a38      0x1dc ./Core/Src/adc.o
 .debug_macro   0x0000000000019c14      0x1bc ./Core/Src/adc.o
 .debug_macro   0x0000000000019dd0       0x30 ./Core/Src/adc.o
 .debug_macro   0x0000000000019e00       0x3c ./Core/Src/adc.o
 .debug_macro   0x0000000000019e3c      0x235 ./Core/Src/adc.o
 .debug_macro   0x000000000001a071      0x9b1 ./Core/Src/adc.o
 .debug_macro   0x000000000001aa22       0x77 ./Core/Src/adc.o
 .debug_macro   0x000000000001aa99       0xc7 ./Core/Src/adc.o
 .debug_macro   0x000000000001ab60       0x4c ./Core/Src/adc.o
 .debug_macro   0x000000000001abac       0xc5 ./Core/Src/adc.o
 .debug_macro   0x000000000001ac71      0x21d ./Core/Src/adc.o
 .debug_macro   0x000000000001ae8e      0x22c ./Core/Src/adc.o
 .debug_macro   0x000000000001b0ba       0x5b ./Core/Src/adc.o
 .debug_macro   0x000000000001b115       0xa5 ./Core/Src/adc.o
 .debug_macro   0x000000000001b1ba       0x81 ./Core/Src/adc.o
 .debug_macro   0x000000000001b23b       0xd3 ./Core/Src/adc.o
 .debug_macro   0x000000000001b30e      0x2fe ./Core/Src/adc.o
 .debug_macro   0x000000000001b60c      0x275 ./Core/Src/adc.o
 .debug_macro   0x000000000001b881      0x5cc ./Core/Src/adc.o
 .debug_macro   0x000000000001be4d      0x122 ./Core/Src/adc.o
 .debug_macro   0x000000000001bf6f      0x281 ./Core/Src/adc.o
 .debug_macro   0x000000000001c1f0      0x141 ./Core/Src/adc.o
 .debug_macro   0x000000000001c331      0x1a7 ./Core/Src/adc.o
 .debug_macro   0x000000000001c4d8       0x30 ./Core/Src/adc.o
 .debug_macro   0x000000000001c508       0xae ./Core/Src/adc.o
 .debug_macro   0x000000000001c5b6      0x287 ./Core/Src/adc.o
 .debug_macro   0x000000000001c83d      0x2f0 ./Core/Src/adc.o
 .debug_macro   0x000000000001cb2d      0x142 ./Core/Src/adc.o
 .debug_macro   0x000000000001cc6f       0x10 ./Core/Src/adc.o
 .debug_macro   0x000000000001cc7f      0x264 ./Core/Src/crc.o
 .debug_macro   0x000000000001cee3      0x440 ./Core/Src/force_sensor_lineralazer_lib.o
 .debug_macro   0x000000000001d323       0x52 ./Core/Src/force_sensor_lineralazer_lib.o
 .debug_macro   0x000000000001d375       0x1e ./Core/Src/force_sensor_lineralazer_lib.o
 .debug_macro   0x000000000001d393       0x3c ./Core/Src/force_sensor_lineralazer_lib.o
 .debug_macro   0x000000000001d3cf       0x34 ./Core/Src/force_sensor_lineralazer_lib.o
 .debug_macro   0x000000000001d403       0x16 ./Core/Src/force_sensor_lineralazer_lib.o
 .debug_macro   0x000000000001d419       0x35 ./Core/Src/force_sensor_lineralazer_lib.o
 .debug_macro   0x000000000001d44e      0x341 ./Core/Src/force_sensor_lineralazer_lib.o
 .debug_macro   0x000000000001d78f       0x10 ./Core/Src/force_sensor_lineralazer_lib.o
 .debug_macro   0x000000000001d79f       0x16 ./Core/Src/force_sensor_lineralazer_lib.o
 .debug_macro   0x000000000001d7b5       0x43 ./Core/Src/force_sensor_lineralazer_lib.o
 .debug_macro   0x000000000001d7f8       0x34 ./Core/Src/force_sensor_lineralazer_lib.o
 .debug_macro   0x000000000001d82c       0x10 ./Core/Src/force_sensor_lineralazer_lib.o
 .debug_macro   0x000000000001d83c       0x58 ./Core/Src/force_sensor_lineralazer_lib.o
 .debug_macro   0x000000000001d894       0x71 ./Core/Src/force_sensor_lineralazer_lib.o
 .debug_macro   0x000000000001d905       0x1c ./Core/Src/force_sensor_lineralazer_lib.o
 .debug_macro   0x000000000001d921      0x12a ./Core/Src/force_sensor_lineralazer_lib.o
 .debug_macro   0x000000000001da4b       0x10 ./Core/Src/force_sensor_lineralazer_lib.o
 .debug_macro   0x000000000001da5b       0x1c ./Core/Src/force_sensor_lineralazer_lib.o
 .debug_macro   0x000000000001da77       0x52 ./Core/Src/force_sensor_lineralazer_lib.o
 .debug_macro   0x000000000001dac9       0x22 ./Core/Src/force_sensor_lineralazer_lib.o
 .debug_macro   0x000000000001daeb       0x10 ./Core/Src/force_sensor_lineralazer_lib.o
 .debug_macro   0x000000000001dafb       0x52 ./Core/Src/force_sensor_lineralazer_lib.o
 .debug_macro   0x000000000001db4d       0xd5 ./Core/Src/force_sensor_lineralazer_lib.o
 .debug_macro   0x000000000001dc22       0x1c ./Core/Src/force_sensor_lineralazer_lib.o
 .debug_macro   0x000000000001dc3e       0x3d ./Core/Src/force_sensor_lineralazer_lib.o
 .debug_macro   0x000000000001dc7b       0x16 ./Core/Src/force_sensor_lineralazer_lib.o
 .debug_macro   0x000000000001dc91      0x145 ./Core/Src/force_sensor_lineralazer_lib.o
 .debug_macro   0x000000000001ddd6       0x16 ./Core/Src/force_sensor_lineralazer_lib.o
 .debug_macro   0x000000000001ddec       0x20 ./Core/Src/force_sensor_lineralazer_lib.o
 .debug_macro   0x000000000001de0c      0x19b ./Core/Src/force_sensor_lineralazer_lib.o
 .debug_macro   0x000000000001dfa7      0x26e ./Core/Src/globals.o
 .debug_macro   0x000000000001e215      0x264 ./Core/Src/gpio.o
 .debug_macro   0x000000000001e479      0x2b0 ./Core/Src/main.o
 .debug_macro   0x000000000001e729      0x264 ./Core/Src/spi.o
 .debug_macro   0x000000000001e98d      0x25a ./Core/Src/stm32f3xx_hal_msp.o
 .debug_macro   0x000000000001ebe7      0x294 ./Core/Src/stm32f3xx_it.o
 .debug_macro   0x000000000001ee7b      0x1f1 ./Core/Src/system_stm32f3xx.o
 .debug_macro   0x000000000001f06c      0x264 ./Core/Src/usart.o
 .debug_macro   0x000000000001f2d0      0x215 ./Drivers/STM32F3xx_HAL_Driver/Src/stm32f3xx_hal.o
 .debug_macro   0x000000000001f4e5      0x21b ./Drivers/STM32F3xx_HAL_Driver/Src/stm32f3xx_hal_adc_ex.o
 .debug_macro   0x000000000001f700      0x1f1 ./Drivers/STM32F3xx_HAL_Driver/Src/stm32f3xx_hal_cortex.o
 .debug_macro   0x000000000001f8f1      0x1f1 ./Drivers/STM32F3xx_HAL_Driver/Src/stm32f3xx_hal_crc.o
 .debug_macro   0x000000000001fae2      0x1f1 ./Drivers/STM32F3xx_HAL_Driver/Src/stm32f3xx_hal_crc_ex.o
 .debug_macro   0x000000000001fcd3      0x1f8 ./Drivers/STM32F3xx_HAL_Driver/Src/stm32f3xx_hal_gpio.o
 .debug_macro   0x000000000001fecb      0x1f9 ./Drivers/STM32F3xx_HAL_Driver/Src/stm32f3xx_hal_spi.o
 .debug_macro   0x00000000000200c4      0x233 ./Drivers/STM32F3xx_HAL_Driver/Src/stm32f3xx_ll_gpio.o
 .debug_macro   0x00000000000202f7      0x13c ./Drivers/STM32F3xx_HAL_Driver/Src/stm32f3xx_ll_gpio.o
 .debug_macro   0x0000000000020433      0x231 ./Drivers/STM32F3xx_HAL_Driver/Src/stm32f3xx_ll_rcc.o
 .debug_macro   0x0000000000020664      0x5c6 ./Drivers/STM32F3xx_HAL_Driver/Src/stm32f3xx_ll_rcc.o
 .debug_macro   0x0000000000020c2a      0x266 ./Drivers/STM32F3xx_HAL_Driver/Src/stm32f3xx_ll_usart.o
 .debug_macro   0x0000000000020e90      0x2ea ./Drivers/STM32F3xx_HAL_Driver/Src/stm32f3xx_ll_usart.o
 .debug_macro   0x000000000002117a      0x26f ./Drivers/STM32F3xx_HAL_Driver/Src/stm32f3xx_ll_utils.o

.debug_line     0x0000000000000000    0x10da6
 .debug_line    0x0000000000000000      0x8c9 ./Core/Src/adc.o
 .debug_line    0x00000000000008c9      0x848 ./Core/Src/crc.o
 .debug_line    0x0000000000001111      0xbee ./Core/Src/force_sensor_lineralazer_lib.o
 .debug_line    0x0000000000001cff      0x7f2 ./Core/Src/globals.o
 .debug_line    0x00000000000024f1      0x84d ./Core/Src/gpio.o
 .debug_line    0x0000000000002d3e      0xc22 ./Core/Src/main.o
 .debug_line    0x0000000000003960      0x876 ./Core/Src/spi.o
 .debug_line    0x00000000000041d6      0x7fd ./Core/Src/stm32f3xx_hal_msp.o
 .debug_line    0x00000000000049d3      0xa9e ./Core/Src/stm32f3xx_it.o
 .debug_line    0x0000000000005471      0x78c ./Core/Src/system_stm32f3xx.o
 .debug_line    0x0000000000005bfd      0x9e5 ./Core/Src/usart.o
 .debug_line    0x00000000000065e2       0x88 ./Core/Startup/startup_stm32f303cbtx.o
 .debug_line    0x000000000000666a      0x9c1 ./Drivers/STM32F3xx_HAL_Driver/Src/stm32f3xx_hal.o
 .debug_line    0x000000000000702b     0x274e ./Drivers/STM32F3xx_HAL_Driver/Src/stm32f3xx_hal_adc_ex.o
 .debug_line    0x0000000000009779      0xcb4 ./Drivers/STM32F3xx_HAL_Driver/Src/stm32f3xx_hal_cortex.o
 .debug_line    0x000000000000a42d      0xa56 ./Drivers/STM32F3xx_HAL_Driver/Src/stm32f3xx_hal_crc.o
 .debug_line    0x000000000000ae83      0x7d2 ./Drivers/STM32F3xx_HAL_Driver/Src/stm32f3xx_hal_crc_ex.o
 .debug_line    0x000000000000b655      0xb20 ./Drivers/STM32F3xx_HAL_Driver/Src/stm32f3xx_hal_gpio.o
 .debug_line    0x000000000000c175     0x1fbd ./Drivers/STM32F3xx_HAL_Driver/Src/stm32f3xx_hal_spi.o
 .debug_line    0x000000000000e132      0x9cf ./Drivers/STM32F3xx_HAL_Driver/Src/stm32f3xx_ll_gpio.o
 .debug_line    0x000000000000eb01      0xd87 ./Drivers/STM32F3xx_HAL_Driver/Src/stm32f3xx_ll_rcc.o
 .debug_line    0x000000000000f888      0x97f ./Drivers/STM32F3xx_HAL_Driver/Src/stm32f3xx_ll_usart.o
 .debug_line    0x0000000000010207      0xb9f ./Drivers/STM32F3xx_HAL_Driver/Src/stm32f3xx_ll_utils.o

.debug_str      0x0000000000000000    0xbfe17
 .debug_str     0x0000000000000000    0xb6e86 ./Core/Src/adc.o
                                      0xb788a (size before relaxing)
 .debug_str     0x00000000000b6e86      0x1a5 ./Core/Src/crc.o
                                      0xb749c (size before relaxing)
 .debug_str     0x00000000000b702b     0x47ea ./Core/Src/force_sensor_lineralazer_lib.o
                                      0xbbebe (size before relaxing)
 .debug_str     0x00000000000bb815       0x39 ./Core/Src/globals.o
                                      0xb7299 (size before relaxing)
 .debug_str     0x00000000000bb84e       0x6e ./Core/Src/gpio.o
                                      0xb7352 (size before relaxing)
 .debug_str     0x00000000000bb8bc      0x60b ./Core/Src/main.o
                                      0xb7d2d (size before relaxing)
 .debug_str     0x00000000000bbec7      0x214 ./Core/Src/spi.o
                                      0xb7755 (size before relaxing)
 .debug_str     0x00000000000bc0db       0x2c ./Core/Src/stm32f3xx_hal_msp.o
                                      0xb726a (size before relaxing)
 .debug_str     0x00000000000bc107      0x1b5 ./Core/Src/stm32f3xx_it.o
                                      0xb7447 (size before relaxing)
 .debug_str     0x00000000000bc2bc       0xcf ./Core/Src/system_stm32f3xx.o
                                      0xadd03 (size before relaxing)
 .debug_str     0x00000000000bc38b      0x14e ./Core/Src/usart.o
                                      0xb7a3f (size before relaxing)
 .debug_str     0x00000000000bc4d9       0x36 ./Core/Startup/startup_stm32f303cbtx.o
                                         0x88 (size before relaxing)
 .debug_str     0x00000000000bc50f      0x384 ./Drivers/STM32F3xx_HAL_Driver/Src/stm32f3xx_hal.o
                                      0xae541 (size before relaxing)
 .debug_str     0x00000000000bc893      0x839 ./Drivers/STM32F3xx_HAL_Driver/Src/stm32f3xx_hal_adc_ex.o
                                      0xaea09 (size before relaxing)
 .debug_str     0x00000000000bd0cc      0x2ee ./Drivers/STM32F3xx_HAL_Driver/Src/stm32f3xx_hal_cortex.o
                                      0xae5c5 (size before relaxing)
 .debug_str     0x00000000000bd3ba       0xb4 ./Drivers/STM32F3xx_HAL_Driver/Src/stm32f3xx_hal_crc.o
                                      0xadebf (size before relaxing)
 .debug_str     0x00000000000bd46e       0x69 ./Drivers/STM32F3xx_HAL_Driver/Src/stm32f3xx_hal_crc_ex.o
                                      0xade79 (size before relaxing)
 .debug_str     0x00000000000bd4d7      0x161 ./Drivers/STM32F3xx_HAL_Driver/Src/stm32f3xx_hal_gpio.o
                                      0xade70 (size before relaxing)
 .debug_str     0x00000000000bd638      0x59d ./Drivers/STM32F3xx_HAL_Driver/Src/stm32f3xx_hal_spi.o
                                      0xae629 (size before relaxing)
 .debug_str     0x00000000000bdbd5      0x620 ./Drivers/STM32F3xx_HAL_Driver/Src/stm32f3xx_ll_gpio.o
                                      0xaf1d7 (size before relaxing)
 .debug_str     0x00000000000be1f5      0x7a4 ./Drivers/STM32F3xx_HAL_Driver/Src/stm32f3xx_ll_rcc.o
                                      0xb1699 (size before relaxing)
 .debug_str     0x00000000000be999      0x858 ./Drivers/STM32F3xx_HAL_Driver/Src/stm32f3xx_ll_usart.o
                                      0xb3015 (size before relaxing)
 .debug_str     0x00000000000bf1f1      0xc26 ./Drivers/STM32F3xx_HAL_Driver/Src/stm32f3xx_ll_utils.o
                                      0xb38a8 (size before relaxing)

.comment        0x0000000000000000       0x50
 .comment       0x0000000000000000       0x50 ./Core/Src/adc.o
                                         0x51 (size before relaxing)
 .comment       0x0000000000000050       0x51 ./Core/Src/crc.o
 .comment       0x0000000000000050       0x51 ./Core/Src/force_sensor_lineralazer_lib.o
 .comment       0x0000000000000050       0x51 ./Core/Src/globals.o
 .comment       0x0000000000000050       0x51 ./Core/Src/gpio.o
 .comment       0x0000000000000050       0x51 ./Core/Src/main.o
 .comment       0x0000000000000050       0x51 ./Core/Src/spi.o
 .comment       0x0000000000000050       0x51 ./Core/Src/stm32f3xx_hal_msp.o
 .comment       0x0000000000000050       0x51 ./Core/Src/stm32f3xx_it.o
 .comment       0x0000000000000050       0x51 ./Core/Src/system_stm32f3xx.o
 .comment       0x0000000000000050       0x51 ./Core/Src/usart.o
 .comment       0x0000000000000050       0x51 ./Drivers/STM32F3xx_HAL_Driver/Src/stm32f3xx_hal.o
 .comment       0x0000000000000050       0x51 ./Drivers/STM32F3xx_HAL_Driver/Src/stm32f3xx_hal_adc_ex.o
 .comment       0x0000000000000050       0x51 ./Drivers/STM32F3xx_HAL_Driver/Src/stm32f3xx_hal_cortex.o
 .comment       0x0000000000000050       0x51 ./Drivers/STM32F3xx_HAL_Driver/Src/stm32f3xx_hal_crc.o
 .comment       0x0000000000000050       0x51 ./Drivers/STM32F3xx_HAL_Driver/Src/stm32f3xx_hal_crc_ex.o
 .comment       0x0000000000000050       0x51 ./Drivers/STM32F3xx_HAL_Driver/Src/stm32f3xx_hal_gpio.o
 .comment       0x0000000000000050       0x51 ./Drivers/STM32F3xx_HAL_Driver/Src/stm32f3xx_hal_spi.o
 .comment       0x0000000000000050       0x51 ./Drivers/STM32F3xx_HAL_Driver/Src/stm32f3xx_ll_gpio.o
 .comment       0x0000000000000050       0x51 ./Drivers/STM32F3xx_HAL_Driver/Src/stm32f3xx_ll_rcc.o
 .comment       0x0000000000000050       0x51 ./Drivers/STM32F3xx_HAL_Driver/Src/stm32f3xx_ll_usart.o
 .comment       0x0000000000000050       0x51 ./Drivers/STM32F3xx_HAL_Driver/Src/stm32f3xx_ll_utils.o

.debug_frame    0x0000000000000000     0x320c
 .debug_frame   0x0000000000000000       0x7c ./Core/Src/adc.o
 .debug_frame   0x000000000000007c       0x7c ./Core/Src/crc.o
 .debug_frame   0x00000000000000f8      0x164 ./Core/Src/force_sensor_lineralazer_lib.o
 .debug_frame   0x000000000000025c       0x84 ./Core/Src/gpio.o
 .debug_frame   0x00000000000002e0      0x304 ./Core/Src/main.o
 .debug_frame   0x00000000000005e4       0x74 ./Core/Src/spi.o
 .debug_frame   0x0000000000000658       0x38 ./Core/Src/stm32f3xx_hal_msp.o
 .debug_frame   0x0000000000000690      0x28c ./Core/Src/stm32f3xx_it.o
 .debug_frame   0x000000000000091c       0x58 ./Core/Src/system_stm32f3xx.o
 .debug_frame   0x0000000000000974      0x194 ./Core/Src/usart.o
 .debug_frame   0x0000000000000b08      0x334 ./Drivers/STM32F3xx_HAL_Driver/Src/stm32f3xx_hal.o
 .debug_frame   0x0000000000000e3c      0x644 ./Drivers/STM32F3xx_HAL_Driver/Src/stm32f3xx_hal_adc_ex.o
 .debug_frame   0x0000000000001480      0x4e8 ./Drivers/STM32F3xx_HAL_Driver/Src/stm32f3xx_hal_cortex.o
 .debug_frame   0x0000000000001968      0x168 ./Drivers/STM32F3xx_HAL_Driver/Src/stm32f3xx_hal_crc.o
 .debug_frame   0x0000000000001ad0       0x88 ./Drivers/STM32F3xx_HAL_Driver/Src/stm32f3xx_hal_crc_ex.o
 .debug_frame   0x0000000000001b58      0x14c ./Drivers/STM32F3xx_HAL_Driver/Src/stm32f3xx_hal_gpio.o
 .debug_frame   0x0000000000001ca4      0x860 ./Drivers/STM32F3xx_HAL_Driver/Src/stm32f3xx_hal_spi.o
 .debug_frame   0x0000000000002504      0x1c0 ./Drivers/STM32F3xx_HAL_Driver/Src/stm32f3xx_ll_gpio.o
 .debug_frame   0x00000000000026c4      0x4ec ./Drivers/STM32F3xx_HAL_Driver/Src/stm32f3xx_ll_rcc.o
 .debug_frame   0x0000000000002bb0      0x234 ./Drivers/STM32F3xx_HAL_Driver/Src/stm32f3xx_ll_usart.o
 .debug_frame   0x0000000000002de4      0x3dc ./Drivers/STM32F3xx_HAL_Driver/Src/stm32f3xx_ll_utils.o
 .debug_frame   0x00000000000031c0       0x2c c:/st/stm32cubeide_1.10.1/stm32cubeide/plugins/com.st.stm32cube.ide.mcu.externaltools.gnu-tools-for-stm32.10.3-2021.10.win32_1.0.0.202111181127/tools/bin/../lib/gcc/arm-none-eabi/10.3.1/../../../../arm-none-eabi/lib/thumb/v7e-m+fp/hard\libc_nano.a(lib_a-init.o)
 .debug_frame   0x00000000000031ec       0x20 c:/st/stm32cubeide_1.10.1/stm32cubeide/plugins/com.st.stm32cube.ide.mcu.externaltools.gnu-tools-for-stm32.10.3-2021.10.win32_1.0.0.202111181127/tools/bin/../lib/gcc/arm-none-eabi/10.3.1/../../../../arm-none-eabi/lib/thumb/v7e-m+fp/hard\libc_nano.a(lib_a-memset.o)
