../Drivers/STM32F4xx_HAL_Driver/Inc/stm32f4xx_ll_tim.h:2117:22:LL_TIM_OC_SetCompareCH1	16	static
../Drivers/STM32F4xx_HAL_Driver/Inc/stm32f4xx_ll_tim.h:2134:22:LL_TIM_OC_SetCompareCH2	16	static
../Drivers/STM32F4xx_HAL_Driver/Inc/stm32f4xx_ll_usart.h:1803:26:LL_USART_IsActiveFlag_TC	16	static
../Drivers/STM32F4xx_HAL_Driver/Inc/stm32f4xx_ll_usart.h:1814:26:LL_USART_IsActiveFlag_TXE	16	static
../Drivers/STM32F4xx_HAL_Driver/Inc/stm32f4xx_ll_usart.h:1968:22:LL_USART_ClearFlag_TC	16	static
../Drivers/STM32F4xx_HAL_Driver/Inc/stm32f4xx_ll_usart.h:2426:22:LL_USART_TransmitData8	16	static
../Drivers/STM32F4xx_HAL_Driver/Inc/stm32f4xx_ll_gpio.h:881:22:LL_GPIO_SetOutputPin	16	static
../Drivers/STM32F4xx_HAL_Driver/Inc/stm32f4xx_ll_gpio.h:910:22:LL_GPIO_ResetOutputPin	16	static
../Core/Src/bunraky_lib.c:12:6:transmitData	32	static
../Core/Src/bunraky_lib.c:26:9:readForseSensor	16	static
../Core/Src/bunraky_lib.c:47:6:clearUsbBuffers	8	static
../Core/Src/bunraky_lib.c:53:6:clearBufferAndCounter	8	static
../Core/Src/bunraky_lib.c:62:6:set_new_force	16	static
../Core/Src/bunraky_lib.c:96:6:stop_motor	8	static
../Core/Src/bunraky_lib.c:102:6:readADCchannels	16	static
../Core/Src/bunraky_lib.c:116:6:is_min_max_calibrated	16	static
../Core/Src/bunraky_lib.c:131:6:calibration_ADC_values	16	static
../Core/Src/bunraky_lib.c:179:10:calibration_function	24	static
../Core/Src/bunraky_lib.c:199:6:process_calibration	24	static
../Core/Src/bunraky_lib.c:234:10:wrote_zero_to_dof	32	static
../Core/Src/bunraky_lib.c:261:9:init_load_calibration_values	16	static
../Core/Src/bunraky_lib.c:328:6:load_calibration_values	16	static
../Core/Src/bunraky_lib.c:346:6:information_leds_activation	8	static
../Core/Src/bunraky_lib.c:378:6:erase_flash	40	static
../Core/Src/bunraky_lib.c:399:6:flash_read_words	32	static
../Core/Src/bunraky_lib.c:416:10:flash_write_words	72	static
../Core/Src/bunraky_lib.c:469:6:depug_piip	8	static
../Core/Src/bunraky_lib.c:476:6:start_melody	16	static
