Archive member included to satisfy reference by file (symbol)

c:/st/stm32cubeide_1.10.1/stm32cubeide/plugins/com.st.stm32cube.ide.mcu.externaltools.gnu-tools-for-stm32.10.3-2021.10.win32_1.0.0.202111181127/tools/bin/../lib/gcc/arm-none-eabi/10.3.1/../../../../arm-none-eabi/lib/thumb/v7e-m+fp/hard\libc_nano.a(lib_a-errno.o)
                              ./Core/Src/syscalls.o (__errno)
c:/st/stm32cubeide_1.10.1/stm32cubeide/plugins/com.st.stm32cube.ide.mcu.externaltools.gnu-tools-for-stm32.10.3-2021.10.win32_1.0.0.202111181127/tools/bin/../lib/gcc/arm-none-eabi/10.3.1/../../../../arm-none-eabi/lib/thumb/v7e-m+fp/hard\libc_nano.a(lib_a-exit.o)
                              c:/st/stm32cubeide_1.10.1/stm32cubeide/plugins/com.st.stm32cube.ide.mcu.externaltools.gnu-tools-for-stm32.10.3-2021.10.win32_1.0.0.202111181127/tools/bin/../lib/gcc/arm-none-eabi/10.3.1/../../../../arm-none-eabi/lib/thumb/v7e-m+fp/hard/crt0.o (exit)
c:/st/stm32cubeide_1.10.1/stm32cubeide/plugins/com.st.stm32cube.ide.mcu.externaltools.gnu-tools-for-stm32.10.3-2021.10.win32_1.0.0.202111181127/tools/bin/../lib/gcc/arm-none-eabi/10.3.1/../../../../arm-none-eabi/lib/thumb/v7e-m+fp/hard\libc_nano.a(lib_a-impure.o)
                              c:/st/stm32cubeide_1.10.1/stm32cubeide/plugins/com.st.stm32cube.ide.mcu.externaltools.gnu-tools-for-stm32.10.3-2021.10.win32_1.0.0.202111181127/tools/bin/../lib/gcc/arm-none-eabi/10.3.1/../../../../arm-none-eabi/lib/thumb/v7e-m+fp/hard\libc_nano.a(lib_a-exit.o) (_global_impure_ptr)
c:/st/stm32cubeide_1.10.1/stm32cubeide/plugins/com.st.stm32cube.ide.mcu.externaltools.gnu-tools-for-stm32.10.3-2021.10.win32_1.0.0.202111181127/tools/bin/../lib/gcc/arm-none-eabi/10.3.1/../../../../arm-none-eabi/lib/thumb/v7e-m+fp/hard\libc_nano.a(lib_a-init.o)
                              c:/st/stm32cubeide_1.10.1/stm32cubeide/plugins/com.st.stm32cube.ide.mcu.externaltools.gnu-tools-for-stm32.10.3-2021.10.win32_1.0.0.202111181127/tools/bin/../lib/gcc/arm-none-eabi/10.3.1/../../../../arm-none-eabi/lib/thumb/v7e-m+fp/hard/crt0.o (__libc_init_array)
c:/st/stm32cubeide_1.10.1/stm32cubeide/plugins/com.st.stm32cube.ide.mcu.externaltools.gnu-tools-for-stm32.10.3-2021.10.win32_1.0.0.202111181127/tools/bin/../lib/gcc/arm-none-eabi/10.3.1/../../../../arm-none-eabi/lib/thumb/v7e-m+fp/hard\libc_nano.a(lib_a-memcpy-stub.o)
                              ./Core/Src/main.o (memcpy)
c:/st/stm32cubeide_1.10.1/stm32cubeide/plugins/com.st.stm32cube.ide.mcu.externaltools.gnu-tools-for-stm32.10.3-2021.10.win32_1.0.0.202111181127/tools/bin/../lib/gcc/arm-none-eabi/10.3.1/../../../../arm-none-eabi/lib/thumb/v7e-m+fp/hard\libc_nano.a(lib_a-memset.o)
                              c:/st/stm32cubeide_1.10.1/stm32cubeide/plugins/com.st.stm32cube.ide.mcu.externaltools.gnu-tools-for-stm32.10.3-2021.10.win32_1.0.0.202111181127/tools/bin/../lib/gcc/arm-none-eabi/10.3.1/../../../../arm-none-eabi/lib/thumb/v7e-m+fp/hard/crt0.o (memset)
c:/st/stm32cubeide_1.10.1/stm32cubeide/plugins/com.st.stm32cube.ide.mcu.externaltools.gnu-tools-for-stm32.10.3-2021.10.win32_1.0.0.202111181127/tools/bin/../lib/gcc/arm-none-eabi/10.3.1/../../../../arm-none-eabi/lib/thumb/v7e-m+fp/hard\libm.a(lib_a-sf_round.o)
                              ./Core/Src/bunraky_lib.o (roundf)
c:/st/stm32cubeide_1.10.1/stm32cubeide/plugins/com.st.stm32cube.ide.mcu.externaltools.gnu-tools-for-stm32.10.3-2021.10.win32_1.0.0.202111181127/tools/bin/../lib/gcc/arm-none-eabi/10.3.1/thumb/v7e-m+fp/hard\libgcc.a(_aeabi_uldivmod.o)
                              ./Drivers/STM32F4xx_HAL_Driver/Src/stm32f4xx_hal_rcc.o (__aeabi_uldivmod)
c:/st/stm32cubeide_1.10.1/stm32cubeide/plugins/com.st.stm32cube.ide.mcu.externaltools.gnu-tools-for-stm32.10.3-2021.10.win32_1.0.0.202111181127/tools/bin/../lib/gcc/arm-none-eabi/10.3.1/thumb/v7e-m+fp/hard\libgcc.a(_udivmoddi4.o)
                              c:/st/stm32cubeide_1.10.1/stm32cubeide/plugins/com.st.stm32cube.ide.mcu.externaltools.gnu-tools-for-stm32.10.3-2021.10.win32_1.0.0.202111181127/tools/bin/../lib/gcc/arm-none-eabi/10.3.1/thumb/v7e-m+fp/hard\libgcc.a(_aeabi_uldivmod.o) (__udivmoddi4)
c:/st/stm32cubeide_1.10.1/stm32cubeide/plugins/com.st.stm32cube.ide.mcu.externaltools.gnu-tools-for-stm32.10.3-2021.10.win32_1.0.0.202111181127/tools/bin/../lib/gcc/arm-none-eabi/10.3.1/thumb/v7e-m+fp/hard\libgcc.a(_dvmd_tls.o)
                              c:/st/stm32cubeide_1.10.1/stm32cubeide/plugins/com.st.stm32cube.ide.mcu.externaltools.gnu-tools-for-stm32.10.3-2021.10.win32_1.0.0.202111181127/tools/bin/../lib/gcc/arm-none-eabi/10.3.1/thumb/v7e-m+fp/hard\libgcc.a(_aeabi_uldivmod.o) (__aeabi_ldiv0)

Discarded input sections

 .text          0x0000000000000000        0x0 c:/st/stm32cubeide_1.10.1/stm32cubeide/plugins/com.st.stm32cube.ide.mcu.externaltools.gnu-tools-for-stm32.10.3-2021.10.win32_1.0.0.202111181127/tools/bin/../lib/gcc/arm-none-eabi/10.3.1/thumb/v7e-m+fp/hard/crti.o
[...]
Memory Configuration

Name             Origin             Length             Attributes
RAM              0x0000000020000000 0x0000000000018000 xrw
FLASH            0x0000000008000000 0x0000000000080000 xr
*default*        0x0000000000000000 0xffffffffffffffff

Linker script and memory map

LOAD c:/st/stm32cubeide_1.10.1/stm32cubeide/plugins/com.st.stm32cube.ide.mcu.externaltools.gnu-tools-for-stm32.10.3-2021.10.win32_1.0.0.202111181127/tools/bin/../lib/gcc/arm-none-eabi/10.3.1/thumb/v7e-m+fp/hard/crti.o
LOAD c:/st/stm32cubeide_1.10.1/stm32cubeide/plugins/com.st.stm32cube.ide.mcu.externaltools.gnu-tools-for-stm32.10.3-2021.10.win32_1.0.0.202111181127/tools/bin/../lib/gcc/arm-none-eabi/10.3.1/thumb/v7e-m+fp/hard/crtbegin.o
LOAD c:/st/stm32cubeide_1.10.1/stm32cubeide/plugins/com.st.stm32cube.ide.mcu.externaltools.gnu-tools-for-stm32.10.3-2021.10.win32_1.0.0.202111181127/tools/bin/../lib/gcc/arm-none-eabi/10.3.1/../../../../arm-none-eabi/lib/thumb/v7e-m+fp/hard/crt0.o
LOAD ./Core/Src/adc.o
LOAD ./Core/Src/bunraky_lib.o
LOAD ./Core/Src/crc.o
LOAD ./Core/Src/globals.o
LOAD ./Core/Src/gpio.o
LOAD ./Core/Src/main.o
LOAD ./Core/Src/stm32f4xx_hal_msp.o
LOAD ./Core/Src/stm32f4xx_it.o
LOAD ./Core/Src/syscalls.o
LOAD ./Core/Src/sysmem.o
LOAD ./Core/Src/system_stm32f4xx.o
LOAD ./Core/Src/tim.o
LOAD ./Core/Src/usart.o
LOAD ./Core/Startup/startup_stm32f401retx.o
LOAD ./Drivers/STM32F4xx_HAL_Driver/Src/stm32f4xx_hal.o
LOAD ./Drivers/STM32F4xx_HAL_Driver/Src/stm32f4xx_hal_adc.o
LOAD ./Drivers/STM32F4xx_HAL_Driver/Src/stm32f4xx_hal_adc_ex.o
LOAD ./Drivers/STM32F4xx_HAL_Driver/Src/stm32f4xx_hal_cortex.o
LOAD ./Drivers/STM32F4xx_HAL_Driver/Src/stm32f4xx_hal_crc.o
LOAD ./Drivers/STM32F4xx_HAL_Driver/Src/stm32f4xx_hal_dma.o
LOAD ./Drivers/STM32F4xx_HAL_Driver/Src/stm32f4xx_hal_dma_ex.o
LOAD ./Drivers/STM32F4xx_HAL_Driver/Src/stm32f4xx_hal_exti.o
LOAD ./Drivers/STM32F4xx_HAL_Driver/Src/stm32f4xx_hal_flash.o
LOAD ./Drivers/STM32F4xx_HAL_Driver/Src/stm32f4xx_hal_flash_ex.o
LOAD ./Drivers/STM32F4xx_HAL_Driver/Src/stm32f4xx_hal_flash_ramfunc.o
LOAD ./Drivers/STM32F4xx_HAL_Driver/Src/stm32f4xx_hal_gpio.o
LOAD ./Drivers/STM32F4xx_HAL_Driver/Src/stm32f4xx_hal_pcd.o
LOAD ./Drivers/STM32F4xx_HAL_Driver/Src/stm32f4xx_hal_pcd_ex.o
LOAD ./Drivers/STM32F4xx_HAL_Driver/Src/stm32f4xx_hal_pwr.o
LOAD ./Drivers/STM32F4xx_HAL_Driver/Src/stm32f4xx_hal_pwr_ex.o
LOAD ./Drivers/STM32F4xx_HAL_Driver/Src/stm32f4xx_hal_rcc.o
LOAD ./Drivers/STM32F4xx_HAL_Driver/Src/stm32f4xx_hal_rcc_ex.o
LOAD ./Drivers/STM32F4xx_HAL_Driver/Src/stm32f4xx_hal_tim.o
LOAD ./Drivers/STM32F4xx_HAL_Driver/Src/stm32f4xx_hal_tim_ex.o
LOAD ./Drivers/STM32F4xx_HAL_Driver/Src/stm32f4xx_ll_adc.o
LOAD ./Drivers/STM32F4xx_HAL_Driver/Src/stm32f4xx_ll_dma.o
LOAD ./Drivers/STM32F4xx_HAL_Driver/Src/stm32f4xx_ll_exti.o
LOAD ./Drivers/STM32F4xx_HAL_Driver/Src/stm32f4xx_ll_gpio.o
LOAD ./Drivers/STM32F4xx_HAL_Driver/Src/stm32f4xx_ll_rcc.o
LOAD ./Drivers/STM32F4xx_HAL_Driver/Src/stm32f4xx_ll_tim.o
LOAD ./Drivers/STM32F4xx_HAL_Driver/Src/stm32f4xx_ll_usart.o
LOAD ./Drivers/STM32F4xx_HAL_Driver/Src/stm32f4xx_ll_usb.o
LOAD ./Drivers/STM32F4xx_HAL_Driver/Src/stm32f4xx_ll_utils.o
LOAD ./Middlewares/ST/STM32_USB_Device_Library/Class/CDC/Src/usbd_cdc.o
LOAD ./Middlewares/ST/STM32_USB_Device_Library/Core/Src/usbd_core.o
LOAD ./Middlewares/ST/STM32_USB_Device_Library/Core/Src/usbd_ctlreq.o
LOAD ./Middlewares/ST/STM32_USB_Device_Library/Core/Src/usbd_ioreq.o
LOAD ./USB_DEVICE/App/usb_device.o
LOAD ./USB_DEVICE/App/usbd_cdc_if.o
LOAD ./USB_DEVICE/App/usbd_desc.o
LOAD ./USB_DEVICE/Target/usbd_conf.o
START GROUP
LOAD c:/st/stm32cubeide_1.10.1/stm32cubeide/plugins/com.st.stm32cube.ide.mcu.externaltools.gnu-tools-for-stm32.10.3-2021.10.win32_1.0.0.202111181127/tools/bin/../lib/gcc/arm-none-eabi/10.3.1/../../../../arm-none-eabi/lib/thumb/v7e-m+fp/hard\libc_nano.a
LOAD c:/st/stm32cubeide_1.10.1/stm32cubeide/plugins/com.st.stm32cube.ide.mcu.externaltools.gnu-tools-for-stm32.10.3-2021.10.win32_1.0.0.202111181127/tools/bin/../lib/gcc/arm-none-eabi/10.3.1/../../../../arm-none-eabi/lib/thumb/v7e-m+fp/hard\libm.a
END GROUP
START GROUP
LOAD c:/st/stm32cubeide_1.10.1/stm32cubeide/plugins/com.st.stm32cube.ide.mcu.externaltools.gnu-tools-for-stm32.10.3-2021.10.win32_1.0.0.202111181127/tools/bin/../lib/gcc/arm-none-eabi/10.3.1/thumb/v7e-m+fp/hard\libgcc.a
LOAD c:/st/stm32cubeide_1.10.1/stm32cubeide/plugins/com.st.stm32cube.ide.mcu.externaltools.gnu-tools-for-stm32.10.3-2021.10.win32_1.0.0.202111181127/tools/bin/../lib/gcc/arm-none-eabi/10.3.1/../../../../arm-none-eabi/lib/thumb/v7e-m+fp/hard\libc_nano.a
END GROUP
START GROUP
LOAD c:/st/stm32cubeide_1.10.1/stm32cubeide/plugins/com.st.stm32cube.ide.mcu.externaltools.gnu-tools-for-stm32.10.3-2021.10.win32_1.0.0.202111181127/tools/bin/../lib/gcc/arm-none-eabi/10.3.1/thumb/v7e-m+fp/hard\libgcc.a
LOAD c:/st/stm32cubeide_1.10.1/stm32cubeide/plugins/com.st.stm32cube.ide.mcu.externaltools.gnu-tools-for-stm32.10.3-2021.10.win32_1.0.0.202111181127/tools/bin/../lib/gcc/arm-none-eabi/10.3.1/../../../../arm-none-eabi/lib/thumb/v7e-m+fp/hard\libc_nano.a
LOAD c:/st/stm32cubeide_1.10.1/stm32cubeide/plugins/com.st.stm32cube.ide.mcu.externaltools.gnu-tools-for-stm32.10.3-2021.10.win32_1.0.0.202111181127/tools/bin/../lib/gcc/arm-none-eabi/10.3.1/../../../../arm-none-eabi/lib/thumb/v7e-m+fp/hard\libnosys.a
END GROUP
START GROUP
LOAD c:/st/stm32cubeide_1.10.1/stm32cubeide/plugins/com.st.stm32cube.ide.mcu.externaltools.gnu-tools-for-stm32.10.3-2021.10.win32_1.0.0.202111181127/tools/bin/../lib/gcc/arm-none-eabi/10.3.1/thumb/v7e-m+fp/hard\libgcc.a
LOAD c:/st/stm32cubeide_1.10.1/stm32cubeide/plugins/com.st.stm32cube.ide.mcu.externaltools.gnu-tools-for-stm32.10.3-2021.10.win32_1.0.0.202111181127/tools/bin/../lib/gcc/arm-none-eabi/10.3.1/../../../../arm-none-eabi/lib/thumb/v7e-m+fp/hard\libc_nano.a
LOAD c:/st/stm32cubeide_1.10.1/stm32cubeide/plugins/com.st.stm32cube.ide.mcu.externaltools.gnu-tools-for-stm32.10.3-2021.10.win32_1.0.0.202111181127/tools/bin/../lib/gcc/arm-none-eabi/10.3.1/../../../../arm-none-eabi/lib/thumb/v7e-m+fp/hard\libnosys.a
END GROUP
LOAD c:/st/stm32cubeide_1.10.1/stm32cubeide/plugins/com.st.stm32cube.ide.mcu.externaltools.gnu-tools-for-stm32.10.3-2021.10.win32_1.0.0.202111181127/tools/bin/../lib/gcc/arm-none-eabi/10.3.1/thumb/v7e-m+fp/hard/crtend.o
LOAD c:/st/stm32cubeide_1.10.1/stm32cubeide/plugins/com.st.stm32cube.ide.mcu.externaltools.gnu-tools-for-stm32.10.3-2021.10.win32_1.0.0.202111181127/tools/bin/../lib/gcc/arm-none-eabi/10.3.1/thumb/v7e-m+fp/hard/crtn.o
                0x0000000020018000                _estack = (ORIGIN (RAM) + LENGTH (RAM))
                0x0000000000000200                _Min_Heap_Size = 0x200
                0x0000000000000400                _Min_Stack_Size = 0x400

.isr_vector     0x0000000008000000      0x194
                0x0000000008000000                . = ALIGN (0x4)
 *(.isr_vector)
 .isr_vector    0x0000000008000000      0x194 ./Core/Startup/startup_stm32f401retx.o
                0x0000000008000000                g_pfnVectors
                0x0000000008000194                . = ALIGN (0x4)

.text           0x0000000008000194     0xb0d4
                0x0000000008000194                . = ALIGN (0x4)
 *(.text)
 .text          0x0000000008000194       0x40 c:/st/stm32cubeide_1.10.1/stm32cubeide/plugins/com.st.stm32cube.ide.mcu.externaltools.gnu-tools-for-stm32.10.3-2021.10.win32_1.0.0.202111181127/tools/bin/../lib/gcc/arm-none-eabi/10.3.1/thumb/v7e-m+fp/hard/crtbegin.o
 .text          0x00000000080001d4       0x30 c:/st/stm32cubeide_1.10.1/stm32cubeide/plugins/com.st.stm32cube.ide.mcu.externaltools.gnu-tools-for-stm32.10.3-2021.10.win32_1.0.0.202111181127/tools/bin/../lib/gcc/arm-none-eabi/10.3.1/thumb/v7e-m+fp/hard\libgcc.a(_aeabi_uldivmod.o)
                0x00000000080001d4                __aeabi_uldivmod
 .text          0x0000000008000204      0x2d0 c:/st/stm32cubeide_1.10.1/stm32cubeide/plugins/com.st.stm32cube.ide.mcu.externaltools.gnu-tools-for-stm32.10.3-2021.10.win32_1.0.0.202111181127/tools/bin/../lib/gcc/arm-none-eabi/10.3.1/thumb/v7e-m+fp/hard\libgcc.a(_udivmoddi4.o)
                0x0000000008000204                __udivmoddi4
 .text          0x00000000080004d4        0x4 c:/st/stm32cubeide_1.10.1/stm32cubeide/plugins/com.st.stm32cube.ide.mcu.externaltools.gnu-tools-for-stm32.10.3-2021.10.win32_1.0.0.202111181127/tools/bin/../lib/gcc/arm-none-eabi/10.3.1/thumb/v7e-m+fp/hard\libgcc.a(_dvmd_tls.o)
                0x00000000080004d4                __aeabi_idiv0
                0x00000000080004d4                __aeabi_ldiv0
 *(.text*)
 .text.MX_ADC1_Init
                0x00000000080004d8      0x250 ./Core/Src/adc.o
                0x00000000080004d8                MX_ADC1_Init
 .text.HAL_ADC_MspInit
                0x0000000008000728       0xf8 ./Core/Src/adc.o
                0x0000000008000728                HAL_ADC_MspInit
 .text.LL_TIM_OC_SetCompareCH1
                0x0000000008000820       0x1c ./Core/Src/bunraky_lib.o
 .text.LL_TIM_OC_SetCompareCH2
                0x000000000800083c       0x1c ./Core/Src/bunraky_lib.o
 .text.LL_USART_IsActiveFlag_TC
                0x0000000008000858       0x26 ./Core/Src/bunraky_lib.o
 .text.LL_USART_IsActiveFlag_TXE
                0x000000000800087e       0x26 ./Core/Src/bunraky_lib.o
 .text.LL_USART_ClearFlag_TC
                0x00000000080008a4       0x1c ./Core/Src/bunraky_lib.o
 .text.LL_USART_TransmitData8
                0x00000000080008c0       0x1e ./Core/Src/bunraky_lib.o
 .text.LL_GPIO_SetOutputPin
                0x00000000080008de       0x1c ./Core/Src/bunraky_lib.o
 .text.LL_GPIO_ResetOutputPin
                0x00000000080008fa       0x1e ./Core/Src/bunraky_lib.o
 .text.transmitData
                0x0000000008000918       0x74 ./Core/Src/bunraky_lib.o
                0x0000000008000918                transmitData
 .text.readForseSensor
                0x000000000800098c       0xd0 ./Core/Src/bunraky_lib.o
                0x000000000800098c                readForseSensor
 .text.clearUsbBuffers
                0x0000000008000a5c       0x24 ./Core/Src/bunraky_lib.o
                0x0000000008000a5c                clearUsbBuffers
 .text.clearBufferAndCounter
                0x0000000008000a80       0x4c ./Core/Src/bunraky_lib.o
                0x0000000008000a80                clearBufferAndCounter
 .text.set_new_force
                0x0000000008000acc      0x134 ./Core/Src/bunraky_lib.o
                0x0000000008000acc                set_new_force
 .text.stop_motor
                0x0000000008000c00       0x20 ./Core/Src/bunraky_lib.o
                0x0000000008000c00                stop_motor
 .text.readADCchannels
                0x0000000008000c20       0x58 ./Core/Src/bunraky_lib.o
                0x0000000008000c20                readADCchannels
 .text.is_min_max_calibrated
                0x0000000008000c78       0x68 ./Core/Src/bunraky_lib.o
                0x0000000008000c78                is_min_max_calibrated
 .text.calibration_ADC_values
                0x0000000008000ce0      0x1dc ./Core/Src/bunraky_lib.o
                0x0000000008000ce0                calibration_ADC_values
 .text.calibration_function
                0x0000000008000ebc       0x94 ./Core/Src/bunraky_lib.o
                0x0000000008000ebc                calibration_function
 .text.process_calibration
                0x0000000008000f50       0x80 ./Core/Src/bunraky_lib.o
                0x0000000008000f50                process_calibration
 .text.wrote_zero_to_dof
                0x0000000008000fd0       0x8c ./Core/Src/bunraky_lib.o
                0x0000000008000fd0                wrote_zero_to_dof
 .text.init_load_calibration_values
                0x000000000800105c      0x240 ./Core/Src/bunraky_lib.o
                0x000000000800105c                init_load_calibration_values
 .text.load_calibration_values
                0x000000000800129c       0x7c ./Core/Src/bunraky_lib.o
                0x000000000800129c                load_calibration_values
 .text.information_leds_activation
                0x0000000008001318       0xa0 ./Core/Src/bunraky_lib.o
                0x0000000008001318                information_leds_activation
 .text.erase_flash
                0x00000000080013b8       0x46 ./Core/Src/bunraky_lib.o
                0x00000000080013b8                erase_flash
 .text.flash_read_words
                0x00000000080013fe       0x44 ./Core/Src/bunraky_lib.o
                0x00000000080013fe                flash_read_words
 .text.flash_write_words
                0x0000000008001442       0xce ./Core/Src/bunraky_lib.o
                0x0000000008001442                flash_write_words
 .text.depug_piip
                0x0000000008001510       0x28 ./Core/Src/bunraky_lib.o
                0x0000000008001510                depug_piip
 .text.start_melody
                0x0000000008001538      0x18c ./Core/Src/bunraky_lib.o
                0x0000000008001538                start_melody
 .text.MX_CRC_Init
                0x00000000080016c4       0x28 ./Core/Src/crc.o
                0x00000000080016c4                MX_CRC_Init
 .text.HAL_CRC_MspInit
                0x00000000080016ec       0x44 ./Core/Src/crc.o
                0x00000000080016ec                HAL_CRC_MspInit
 .text.__NVIC_GetPriorityGrouping
                0x0000000008001730       0x1c ./Core/Src/gpio.o
 .text.__NVIC_EnableIRQ
                0x000000000800174c       0x3c ./Core/Src/gpio.o
 .text.__NVIC_SetPriority
                0x0000000008001788       0x54 ./Core/Src/gpio.o
 .text.NVIC_EncodePriority
                0x00000000080017dc       0x66 ./Core/Src/gpio.o
 *fill*         0x0000000008001842        0x2 
 .text.LL_AHB1_GRP1_EnableClock
                0x0000000008001844       0x30 ./Core/Src/gpio.o
 .text.LL_SYSCFG_SetEXTISource
                0x0000000008001874       0x5c ./Core/Src/gpio.o
 .text.LL_GPIO_SetPinMode
                0x00000000080018d0       0x5e ./Core/Src/gpio.o
 .text.LL_GPIO_SetPinPull
                0x000000000800192e       0x5e ./Core/Src/gpio.o
 .text.LL_GPIO_ResetOutputPin
                0x000000000800198c       0x1e ./Core/Src/gpio.o
 *fill*         0x00000000080019aa        0x2 
 .text.MX_GPIO_Init
                0x00000000080019ac      0x1c0 ./Core/Src/gpio.o
                0x00000000080019ac                MX_GPIO_Init
 .text.__NVIC_EnableIRQ
                0x0000000008001b6c       0x3c ./Core/Src/main.o
 .text.LL_RCC_HSE_Enable
                0x0000000008001ba8       0x20 ./Core/Src/main.o
 .text.LL_RCC_HSE_IsReady
                0x0000000008001bc8       0x28 ./Core/Src/main.o
 .text.LL_RCC_SetSysClkSource
                0x0000000008001bf0       0x28 ./Core/Src/main.o
 .text.LL_RCC_GetSysClkSource
                0x0000000008001c18       0x1c ./Core/Src/main.o
 .text.LL_RCC_SetAHBPrescaler
                0x0000000008001c34       0x28 ./Core/Src/main.o
 .text.LL_RCC_SetAPB1Prescaler
                0x0000000008001c5c       0x28 ./Core/Src/main.o
 .text.LL_RCC_SetAPB2Prescaler
                0x0000000008001c84       0x28 ./Core/Src/main.o
 .text.LL_RCC_SetTIMPrescaler
                0x0000000008001cac       0x2c ./Core/Src/main.o
 .text.LL_RCC_PLL_Enable
                0x0000000008001cd8       0x20 ./Core/Src/main.o
 .text.LL_RCC_PLL_IsReady
                0x0000000008001cf8       0x28 ./Core/Src/main.o
 .text.LL_RCC_PLL_ConfigDomain_SYS
                0x0000000008001d20       0x4c ./Core/Src/main.o
 .text.LL_RCC_PLL_ConfigDomain_48M
                0x0000000008001d6c       0x40 ./Core/Src/main.o
 .text.LL_FLASH_SetLatency
                0x0000000008001dac       0x28 ./Core/Src/main.o
 .text.LL_FLASH_GetLatency
                0x0000000008001dd4       0x1c ./Core/Src/main.o
 .text.LL_PWR_SetRegulVoltageScaling
                0x0000000008001df0       0x28 ./Core/Src/main.o
 .text.LL_TIM_EnableCounter
                0x0000000008001e18       0x20 ./Core/Src/main.o
 .text.LL_TIM_CC_EnableChannel
                0x0000000008001e38       0x22 ./Core/Src/main.o
 .text.LL_TIM_OC_SetCompareCH1
                0x0000000008001e5a       0x1c ./Core/Src/main.o
 .text.LL_USART_EnableIT_RXNE
                0x0000000008001e76       0x46 ./Core/Src/main.o
 .text.LL_USART_EnableIT_ERROR
                0x0000000008001ebc       0x46 ./Core/Src/main.o
 .text.LL_GPIO_SetOutputPin
                0x0000000008001f02       0x1c ./Core/Src/main.o
 .text.LL_GPIO_ResetOutputPin
                0x0000000008001f1e       0x1e ./Core/Src/main.o
 .text.main     0x0000000008001f3c      0x738 ./Core/Src/main.o
                0x0000000008001f3c                main
 .text.SystemClock_Config
                0x0000000008002674       0xa8 ./Core/Src/main.o
                0x0000000008002674                SystemClock_Config
 .text.Error_Handler
                0x000000000800271c        0xa ./Core/Src/main.o
                0x000000000800271c                Error_Handler
 *fill*         0x0000000008002726        0x2 
 .text.HAL_MspInit
                0x0000000008002728       0x50 ./Core/Src/stm32f4xx_hal_msp.o
                0x0000000008002728                HAL_MspInit
 .text.LL_EXTI_IsActiveFlag_0_31
                0x0000000008002778       0x2c ./Core/Src/stm32f4xx_it.o
 .text.LL_EXTI_ClearFlag_0_31
                0x00000000080027a4       0x20 ./Core/Src/stm32f4xx_it.o
 .text.LL_USART_IsActiveFlag_PE
                0x00000000080027c4       0x26 ./Core/Src/stm32f4xx_it.o
 .text.LL_USART_IsActiveFlag_FE
                0x00000000080027ea       0x26 ./Core/Src/stm32f4xx_it.o
 .text.LL_USART_IsActiveFlag_ORE
                0x0000000008002810       0x26 ./Core/Src/stm32f4xx_it.o
 .text.LL_USART_IsActiveFlag_RXNE
                0x0000000008002836       0x26 ./Core/Src/stm32f4xx_it.o
 .text.LL_USART_ClearFlag_PE
                0x000000000800285c       0x24 ./Core/Src/stm32f4xx_it.o
 .text.LL_USART_ClearFlag_FE
                0x0000000008002880       0x24 ./Core/Src/stm32f4xx_it.o
 .text.LL_USART_ClearFlag_ORE
                0x00000000080028a4       0x24 ./Core/Src/stm32f4xx_it.o
 .text.LL_USART_IsEnabledIT_RXNE
                0x00000000080028c8       0x26 ./Core/Src/stm32f4xx_it.o
 .text.LL_USART_ReceiveData8
                0x00000000080028ee       0x1a ./Core/Src/stm32f4xx_it.o
 .text.NMI_Handler
                0x0000000008002908        0x6 ./Core/Src/stm32f4xx_it.o
                0x0000000008002908                NMI_Handler
 .text.HardFault_Handler
                0x000000000800290e        0x6 ./Core/Src/stm32f4xx_it.o
                0x000000000800290e                HardFault_Handler
 .text.MemManage_Handler
                0x0000000008002914        0x6 ./Core/Src/stm32f4xx_it.o
                0x0000000008002914                MemManage_Handler
 .text.BusFault_Handler
                0x000000000800291a        0x6 ./Core/Src/stm32f4xx_it.o
                0x000000000800291a                BusFault_Handler
 .text.UsageFault_Handler
                0x0000000008002920        0x6 ./Core/Src/stm32f4xx_it.o
                0x0000000008002920                UsageFault_Handler
 .text.SVC_Handler
                0x0000000008002926        0xe ./Core/Src/stm32f4xx_it.o
                0x0000000008002926                SVC_Handler
 .text.DebugMon_Handler
                0x0000000008002934        0xe ./Core/Src/stm32f4xx_it.o
                0x0000000008002934                DebugMon_Handler
 .text.PendSV_Handler
                0x0000000008002942        0xe ./Core/Src/stm32f4xx_it.o
                0x0000000008002942                PendSV_Handler
 .text.SysTick_Handler
                0x0000000008002950        0xc ./Core/Src/stm32f4xx_it.o
                0x0000000008002950                SysTick_Handler
 .text.EXTI9_5_IRQHandler
                0x000000000800295c       0x38 ./Core/Src/stm32f4xx_it.o
                0x000000000800295c                EXTI9_5_IRQHandler
 .text.TIM2_IRQHandler
                0x0000000008002994        0xe ./Core/Src/stm32f4xx_it.o
                0x0000000008002994                TIM2_IRQHandler
 .text.TIM3_IRQHandler
                0x00000000080029a2        0xe ./Core/Src/stm32f4xx_it.o
                0x00000000080029a2                TIM3_IRQHandler
 .text.EXTI15_10_IRQHandler
                0x00000000080029b0       0x3c ./Core/Src/stm32f4xx_it.o
                0x00000000080029b0                EXTI15_10_IRQHandler
 .text.OTG_FS_IRQHandler
                0x00000000080029ec       0x14 ./Core/Src/stm32f4xx_it.o
                0x00000000080029ec                OTG_FS_IRQHandler
 .text.USART6_IRQHandler
                0x0000000008002a00       0x84 ./Core/Src/stm32f4xx_it.o
                0x0000000008002a00                USART6_IRQHandler
 .text.SystemInit
                0x0000000008002a84       0x24 ./Core/Src/system_stm32f4xx.o
                0x0000000008002a84                SystemInit
 .text.__NVIC_GetPriorityGrouping
                0x0000000008002aa8       0x1c ./Core/Src/tim.o
 .text.__NVIC_EnableIRQ
                0x0000000008002ac4       0x3c ./Core/Src/tim.o
 .text.__NVIC_SetPriority
                0x0000000008002b00       0x54 ./Core/Src/tim.o
 .text.NVIC_EncodePriority
                0x0000000008002b54       0x66 ./Core/Src/tim.o
 *fill*         0x0000000008002bba        0x2 
 .text.LL_AHB1_GRP1_EnableClock
                0x0000000008002bbc       0x30 ./Core/Src/tim.o
 .text.LL_APB1_GRP1_EnableClock
                0x0000000008002bec       0x30 ./Core/Src/tim.o
 .text.LL_TIM_DisableARRPreload
                0x0000000008002c1c       0x20 ./Core/Src/tim.o
 .text.LL_TIM_OC_DisableFast
                0x0000000008002c3c       0x8c ./Core/Src/tim.o
 .text.LL_TIM_OC_EnablePreload
                0x0000000008002cc8       0x88 ./Core/Src/tim.o
 .text.LL_TIM_SetTriggerOutput
                0x0000000008002d50       0x26 ./Core/Src/tim.o
 .text.LL_TIM_DisableMasterSlaveMode
                0x0000000008002d76       0x20 ./Core/Src/tim.o
 *fill*         0x0000000008002d96        0x2 
 .text.MX_TIM2_Init
                0x0000000008002d98      0x104 ./Core/Src/tim.o
                0x0000000008002d98                MX_TIM2_Init
 .text.MX_TIM3_Init
                0x0000000008002e9c       0xf8 ./Core/Src/tim.o
                0x0000000008002e9c                MX_TIM3_Init
 .text.__NVIC_GetPriorityGrouping
                0x0000000008002f94       0x1c ./Core/Src/usart.o
 .text.__NVIC_EnableIRQ
                0x0000000008002fb0       0x3c ./Core/Src/usart.o
 .text.__NVIC_SetPriority
                0x0000000008002fec       0x54 ./Core/Src/usart.o
 .text.NVIC_EncodePriority
                0x0000000008003040       0x66 ./Core/Src/usart.o
 *fill*         0x00000000080030a6        0x2 
 .text.LL_AHB1_GRP1_EnableClock
                0x00000000080030a8       0x30 ./Core/Src/usart.o
 .text.LL_APB2_GRP1_EnableClock
                0x00000000080030d8       0x30 ./Core/Src/usart.o
 .text.LL_USART_Enable
                0x0000000008003108       0x20 ./Core/Src/usart.o
 .text.LL_USART_ConfigAsyncMode
                0x0000000008003128       0x2c ./Core/Src/usart.o
 .text.MX_USART6_UART_Init
                0x0000000008003154       0xc0 ./Core/Src/usart.o
                0x0000000008003154                MX_USART6_UART_Init
 .text.Reset_Handler
                0x0000000008003214       0x50 ./Core/Startup/startup_stm32f401retx.o
                0x0000000008003214                Reset_Handler
 .text.Default_Handler
                0x0000000008003264        0x2 ./Core/Startup/startup_stm32f401retx.o
                0x0000000008003264                RTC_Alarm_IRQHandler
                0x0000000008003264                EXTI2_IRQHandler
                0x0000000008003264                SPI4_IRQHandler
                0x0000000008003264                TIM1_CC_IRQHandler
                0x0000000008003264                DMA2_Stream5_IRQHandler
                0x0000000008003264                DMA1_Stream5_IRQHandler
                0x0000000008003264                PVD_IRQHandler
                0x0000000008003264                SDIO_IRQHandler
                0x0000000008003264                TAMP_STAMP_IRQHandler
                0x0000000008003264                EXTI3_IRQHandler
                0x0000000008003264                TIM1_UP_TIM10_IRQHandler
                0x0000000008003264                I2C3_ER_IRQHandler
                0x0000000008003264                EXTI0_IRQHandler
                0x0000000008003264                I2C2_EV_IRQHandler
                0x0000000008003264                DMA1_Stream2_IRQHandler
                0x0000000008003264                FPU_IRQHandler
                0x0000000008003264                DMA2_Stream2_IRQHandler
                0x0000000008003264                SPI1_IRQHandler
                0x0000000008003264                TIM1_BRK_TIM9_IRQHandler
                0x0000000008003264                DMA2_Stream3_IRQHandler
                0x0000000008003264                DMA2_Stream0_IRQHandler
                0x0000000008003264                TIM4_IRQHandler
                0x0000000008003264                I2C1_EV_IRQHandler
                0x0000000008003264                DMA1_Stream6_IRQHandler
                0x0000000008003264                DMA1_Stream1_IRQHandler
                0x0000000008003264                RCC_IRQHandler
                0x0000000008003264                Default_Handler
                0x0000000008003264                ADC_IRQHandler
                0x0000000008003264                DMA1_Stream7_IRQHandler
                0x0000000008003264                TIM5_IRQHandler
                0x0000000008003264                DMA2_Stream7_IRQHandler
                0x0000000008003264                I2C3_EV_IRQHandler
                0x0000000008003264                RTC_WKUP_IRQHandler
                0x0000000008003264                SPI2_IRQHandler
                0x0000000008003264                DMA1_Stream0_IRQHandler
                0x0000000008003264                EXTI4_IRQHandler
                0x0000000008003264                WWDG_IRQHandler
                0x0000000008003264                OTG_FS_WKUP_IRQHandler
                0x0000000008003264                TIM1_TRG_COM_TIM11_IRQHandler
                0x0000000008003264                EXTI1_IRQHandler
                0x0000000008003264                USART2_IRQHandler
                0x0000000008003264                I2C2_ER_IRQHandler
                0x0000000008003264                DMA2_Stream1_IRQHandler
                0x0000000008003264                FLASH_IRQHandler
                0x0000000008003264                DMA2_Stream4_IRQHandler
                0x0000000008003264                USART1_IRQHandler
                0x0000000008003264                SPI3_IRQHandler
                0x0000000008003264                DMA1_Stream4_IRQHandler
                0x0000000008003264                I2C1_ER_IRQHandler
                0x0000000008003264                DMA2_Stream6_IRQHandler
                0x0000000008003264                DMA1_Stream3_IRQHandler
 *fill*         0x0000000008003266        0x2 
 .text.HAL_Init
                0x0000000008003268       0x44 ./Drivers/STM32F4xx_HAL_Driver/Src/stm32f4xx_hal.o
                0x0000000008003268                HAL_Init
 .text.HAL_InitTick
                0x00000000080032ac       0x60 ./Drivers/STM32F4xx_HAL_Driver/Src/stm32f4xx_hal.o
                0x00000000080032ac                HAL_InitTick
 .text.HAL_IncTick
                0x000000000800330c       0x28 ./Drivers/STM32F4xx_HAL_Driver/Src/stm32f4xx_hal.o
                0x000000000800330c                HAL_IncTick
 .text.HAL_GetTick
                0x0000000008003334       0x18 ./Drivers/STM32F4xx_HAL_Driver/Src/stm32f4xx_hal.o
                0x0000000008003334                HAL_GetTick
 .text.HAL_Delay
                0x000000000800334c       0x48 ./Drivers/STM32F4xx_HAL_Driver/Src/stm32f4xx_hal.o
                0x000000000800334c                HAL_Delay
 .text.HAL_ADC_Init
                0x0000000008003394       0x86 ./Drivers/STM32F4xx_HAL_Driver/Src/stm32f4xx_hal_adc.o
                0x0000000008003394                HAL_ADC_Init
 *fill*         0x000000000800341a        0x2 
 .text.HAL_ADC_Start
                0x000000000800341c      0x168 ./Drivers/STM32F4xx_HAL_Driver/Src/stm32f4xx_hal_adc.o
                0x000000000800341c                HAL_ADC_Start
 .text.HAL_ADC_Stop
                0x0000000008003584       0x66 ./Drivers/STM32F4xx_HAL_Driver/Src/stm32f4xx_hal_adc.o
                0x0000000008003584                HAL_ADC_Stop
 .text.HAL_ADC_PollForConversion
                0x00000000080035ea      0x116 ./Drivers/STM32F4xx_HAL_Driver/Src/stm32f4xx_hal_adc.o
                0x00000000080035ea                HAL_ADC_PollForConversion
 .text.HAL_ADC_GetValue
                0x0000000008003700       0x1a ./Drivers/STM32F4xx_HAL_Driver/Src/stm32f4xx_hal_adc.o
                0x0000000008003700                HAL_ADC_GetValue
 *fill*         0x000000000800371a        0x2 
 .text.HAL_ADC_ConfigChannel
                0x000000000800371c      0x244 ./Drivers/STM32F4xx_HAL_Driver/Src/stm32f4xx_hal_adc.o
                0x000000000800371c                HAL_ADC_ConfigChannel
 .text.ADC_Init
                0x0000000008003960      0x1f8 ./Drivers/STM32F4xx_HAL_Driver/Src/stm32f4xx_hal_adc.o
 .text.__NVIC_SetPriorityGrouping
                0x0000000008003b58       0x48 ./Drivers/STM32F4xx_HAL_Driver/Src/stm32f4xx_hal_cortex.o
 .text.__NVIC_GetPriorityGrouping
                0x0000000008003ba0       0x1c ./Drivers/STM32F4xx_HAL_Driver/Src/stm32f4xx_hal_cortex.o
 .text.__NVIC_EnableIRQ
                0x0000000008003bbc       0x3c ./Drivers/STM32F4xx_HAL_Driver/Src/stm32f4xx_hal_cortex.o
 .text.__NVIC_SetPriority
                0x0000000008003bf8       0x54 ./Drivers/STM32F4xx_HAL_Driver/Src/stm32f4xx_hal_cortex.o
 .text.NVIC_EncodePriority
                0x0000000008003c4c       0x66 ./Drivers/STM32F4xx_HAL_Driver/Src/stm32f4xx_hal_cortex.o
 *fill*         0x0000000008003cb2        0x2 
 .text.SysTick_Config
                0x0000000008003cb4       0x44 ./Drivers/STM32F4xx_HAL_Driver/Src/stm32f4xx_hal_cortex.o
 .text.HAL_NVIC_SetPriorityGrouping
                0x0000000008003cf8       0x16 ./Drivers/STM32F4xx_HAL_Driver/Src/stm32f4xx_hal_cortex.o
                0x0000000008003cf8                HAL_NVIC_SetPriorityGrouping
 .text.HAL_NVIC_SetPriority
                0x0000000008003d0e       0x38 ./Drivers/STM32F4xx_HAL_Driver/Src/stm32f4xx_hal_cortex.o
                0x0000000008003d0e                HAL_NVIC_SetPriority
 .text.HAL_NVIC_EnableIRQ
                0x0000000008003d46       0x1c ./Drivers/STM32F4xx_HAL_Driver/Src/stm32f4xx_hal_cortex.o
                0x0000000008003d46                HAL_NVIC_EnableIRQ
 .text.HAL_SYSTICK_Config
                0x0000000008003d62       0x18 ./Drivers/STM32F4xx_HAL_Driver/Src/stm32f4xx_hal_cortex.o
                0x0000000008003d62                HAL_SYSTICK_Config
 .text.HAL_CRC_Init
                0x0000000008003d7a       0x38 ./Drivers/STM32F4xx_HAL_Driver/Src/stm32f4xx_hal_crc.o
                0x0000000008003d7a                HAL_CRC_Init
 .text.HAL_CRC_Calculate
                0x0000000008003db2       0x66 ./Drivers/STM32F4xx_HAL_Driver/Src/stm32f4xx_hal_crc.o
                0x0000000008003db2                HAL_CRC_Calculate
 .text.HAL_FLASH_Program
                0x0000000008003e18       0xa8 ./Drivers/STM32F4xx_HAL_Driver/Src/stm32f4xx_hal_flash.o
                0x0000000008003e18                HAL_FLASH_Program
 .text.HAL_FLASH_Unlock
                0x0000000008003ec0       0x44 ./Drivers/STM32F4xx_HAL_Driver/Src/stm32f4xx_hal_flash.o
                0x0000000008003ec0                HAL_FLASH_Unlock
 .text.HAL_FLASH_Lock
                0x0000000008003f04       0x20 ./Drivers/STM32F4xx_HAL_Driver/Src/stm32f4xx_hal_flash.o
                0x0000000008003f04                HAL_FLASH_Lock
 .text.HAL_FLASH_GetError
                0x0000000008003f24       0x18 ./Drivers/STM32F4xx_HAL_Driver/Src/stm32f4xx_hal_flash.o
                0x0000000008003f24                HAL_FLASH_GetError
 .text.FLASH_WaitForLastOperation
                0x0000000008003f3c       0x80 ./Drivers/STM32F4xx_HAL_Driver/Src/stm32f4xx_hal_flash.o
                0x0000000008003f3c                FLASH_WaitForLastOperation
 .text.FLASH_Program_DoubleWord
                0x0000000008003fbc       0x64 ./Drivers/STM32F4xx_HAL_Driver/Src/stm32f4xx_hal_flash.o
 .text.FLASH_Program_Word
                0x0000000008004020       0x44 ./Drivers/STM32F4xx_HAL_Driver/Src/stm32f4xx_hal_flash.o
 .text.FLASH_Program_HalfWord
                0x0000000008004064       0x48 ./Drivers/STM32F4xx_HAL_Driver/Src/stm32f4xx_hal_flash.o
 .text.FLASH_Program_Byte
                0x00000000080040ac       0x44 ./Drivers/STM32F4xx_HAL_Driver/Src/stm32f4xx_hal_flash.o
 .text.FLASH_SetErrorCode
                0x00000000080040f0       0xcc ./Drivers/STM32F4xx_HAL_Driver/Src/stm32f4xx_hal_flash.o
 .text.HAL_FLASHEx_Erase
                0x00000000080041bc       0xe0 ./Drivers/STM32F4xx_HAL_Driver/Src/stm32f4xx_hal_flash_ex.o
                0x00000000080041bc                HAL_FLASHEx_Erase
 .text.FLASH_MassErase
                0x000000000800429c       0x48 ./Drivers/STM32F4xx_HAL_Driver/Src/stm32f4xx_hal_flash_ex.o
 .text.FLASH_Erase_Sector
                0x00000000080042e4       0x90 ./Drivers/STM32F4xx_HAL_Driver/Src/stm32f4xx_hal_flash_ex.o
                0x00000000080042e4                FLASH_Erase_Sector
 .text.FLASH_FlushCaches
                0x0000000008004374       0x8c ./Drivers/STM32F4xx_HAL_Driver/Src/stm32f4xx_hal_flash_ex.o
                0x0000000008004374                FLASH_FlushCaches
 .text.HAL_GPIO_Init
                0x0000000008004400      0x308 ./Drivers/STM32F4xx_HAL_Driver/Src/stm32f4xx_hal_gpio.o
                0x0000000008004400                HAL_GPIO_Init
 .text.HAL_PCD_Init
                0x0000000008004708      0x23a ./Drivers/STM32F4xx_HAL_Driver/Src/stm32f4xx_hal_pcd.o
                0x0000000008004708                HAL_PCD_Init
 .text.HAL_PCD_Start
                0x0000000008004942       0x66 ./Drivers/STM32F4xx_HAL_Driver/Src/stm32f4xx_hal_pcd.o
                0x0000000008004942                HAL_PCD_Start
 .text.HAL_PCD_IRQHandler
                0x00000000080049a8      0x93e ./Drivers/STM32F4xx_HAL_Driver/Src/stm32f4xx_hal_pcd.o
                0x00000000080049a8                HAL_PCD_IRQHandler
 .text.HAL_PCD_SetAddress
                0x00000000080052e6       0x4a ./Drivers/STM32F4xx_HAL_Driver/Src/stm32f4xx_hal_pcd.o
                0x00000000080052e6                HAL_PCD_SetAddress
 .text.HAL_PCD_EP_Open
                0x0000000008005330       0xd0 ./Drivers/STM32F4xx_HAL_Driver/Src/stm32f4xx_hal_pcd.o
                0x0000000008005330                HAL_PCD_EP_Open
 .text.HAL_PCD_EP_Close
                0x0000000008005400       0x94 ./Drivers/STM32F4xx_HAL_Driver/Src/stm32f4xx_hal_pcd.o
                0x0000000008005400                HAL_PCD_EP_Close
 .text.HAL_PCD_EP_Receive
                0x0000000008005494       0x96 ./Drivers/STM32F4xx_HAL_Driver/Src/stm32f4xx_hal_pcd.o
                0x0000000008005494                HAL_PCD_EP_Receive
 .text.HAL_PCD_EP_GetRxCount
                0x000000000800552a       0x30 ./Drivers/STM32F4xx_HAL_Driver/Src/stm32f4xx_hal_pcd.o
                0x000000000800552a                HAL_PCD_EP_GetRxCount
 .text.HAL_PCD_EP_Transmit
                0x000000000800555a       0x94 ./Drivers/STM32F4xx_HAL_Driver/Src/stm32f4xx_hal_pcd.o
                0x000000000800555a                HAL_PCD_EP_Transmit
 .text.HAL_PCD_EP_SetStall
                0x00000000080055ee       0xc8 ./Drivers/STM32F4xx_HAL_Driver/Src/stm32f4xx_hal_pcd.o
                0x00000000080055ee                HAL_PCD_EP_SetStall
 .text.HAL_PCD_EP_ClrStall
                0x00000000080056b6       0xac ./Drivers/STM32F4xx_HAL_Driver/Src/stm32f4xx_hal_pcd.o
                0x00000000080056b6                HAL_PCD_EP_ClrStall
 .text.HAL_PCD_EP_Abort
                0x0000000008005762       0x62 ./Drivers/STM32F4xx_HAL_Driver/Src/stm32f4xx_hal_pcd.o
                0x0000000008005762                HAL_PCD_EP_Abort
 .text.PCD_WriteEmptyTxFifo
                0x00000000080057c4      0x11a ./Drivers/STM32F4xx_HAL_Driver/Src/stm32f4xx_hal_pcd.o
 *fill*         0x00000000080058de        0x2 
 .text.PCD_EP_OutXfrComplete_int
                0x00000000080058e0      0x1d0 ./Drivers/STM32F4xx_HAL_Driver/Src/stm32f4xx_hal_pcd.o
 .text.PCD_EP_OutSetupPacket_int
                0x0000000008005ab0       0x8c ./Drivers/STM32F4xx_HAL_Driver/Src/stm32f4xx_hal_pcd.o
 .text.HAL_PCDEx_SetTxFiFo
                0x0000000008005b3c       0x8e ./Drivers/STM32F4xx_HAL_Driver/Src/stm32f4xx_hal_pcd_ex.o
                0x0000000008005b3c                HAL_PCDEx_SetTxFiFo
 .text.HAL_PCDEx_SetRxFiFo
                0x0000000008005bca       0x22 ./Drivers/STM32F4xx_HAL_Driver/Src/stm32f4xx_hal_pcd_ex.o
                0x0000000008005bca                HAL_PCDEx_SetRxFiFo
 .text.HAL_PCDEx_LPM_Callback
                0x0000000008005bec       0x18 ./Drivers/STM32F4xx_HAL_Driver/Src/stm32f4xx_hal_pcd_ex.o
                0x0000000008005bec                HAL_PCDEx_LPM_Callback
 .text.HAL_RCC_GetHCLKFreq
                0x0000000008005c04       0x18 ./Drivers/STM32F4xx_HAL_Driver/Src/stm32f4xx_hal_rcc.o
                0x0000000008005c04                HAL_RCC_GetHCLKFreq
 .text.LL_EXTI_EnableIT_0_31
                0x0000000008005c1c       0x24 ./Drivers/STM32F4xx_HAL_Driver/Src/stm32f4xx_ll_exti.o
 .text.LL_EXTI_DisableIT_0_31
                0x0000000008005c40       0x28 ./Drivers/STM32F4xx_HAL_Driver/Src/stm32f4xx_ll_exti.o
 .text.LL_EXTI_EnableEvent_0_31
                0x0000000008005c68       0x24 ./Drivers/STM32F4xx_HAL_Driver/Src/stm32f4xx_ll_exti.o
 .text.LL_EXTI_DisableEvent_0_31
                0x0000000008005c8c       0x28 ./Drivers/STM32F4xx_HAL_Driver/Src/stm32f4xx_ll_exti.o
 .text.LL_EXTI_EnableRisingTrig_0_31
                0x0000000008005cb4       0x24 ./Drivers/STM32F4xx_HAL_Driver/Src/stm32f4xx_ll_exti.o
 .text.LL_EXTI_DisableRisingTrig_0_31
                0x0000000008005cd8       0x28 ./Drivers/STM32F4xx_HAL_Driver/Src/stm32f4xx_ll_exti.o
 .text.LL_EXTI_EnableFallingTrig_0_31
                0x0000000008005d00       0x24 ./Drivers/STM32F4xx_HAL_Driver/Src/stm32f4xx_ll_exti.o
 .text.LL_EXTI_DisableFallingTrig_0_31
                0x0000000008005d24       0x28 ./Drivers/STM32F4xx_HAL_Driver/Src/stm32f4xx_ll_exti.o
 .text.LL_EXTI_Init
                0x0000000008005d4c      0x102 ./Drivers/STM32F4xx_HAL_Driver/Src/stm32f4xx_ll_exti.o
                0x0000000008005d4c                LL_EXTI_Init
 .text.LL_GPIO_SetPinMode
                0x0000000008005e4e       0x5e ./Drivers/STM32F4xx_HAL_Driver/Src/stm32f4xx_ll_gpio.o
 .text.LL_GPIO_SetPinOutputType
                0x0000000008005eac       0x30 ./Drivers/STM32F4xx_HAL_Driver/Src/stm32f4xx_ll_gpio.o
 .text.LL_GPIO_SetPinSpeed
                0x0000000008005edc       0x5e ./Drivers/STM32F4xx_HAL_Driver/Src/stm32f4xx_ll_gpio.o
 .text.LL_GPIO_SetPinPull
                0x0000000008005f3a       0x5e ./Drivers/STM32F4xx_HAL_Driver/Src/stm32f4xx_ll_gpio.o
 .text.LL_GPIO_SetAFPin_0_7
                0x0000000008005f98       0x5e ./Drivers/STM32F4xx_HAL_Driver/Src/stm32f4xx_ll_gpio.o
 .text.LL_GPIO_SetAFPin_8_15
                0x0000000008005ff6       0x62 ./Drivers/STM32F4xx_HAL_Driver/Src/stm32f4xx_ll_gpio.o
 .text.LL_GPIO_Init
                0x0000000008006058       0xe6 ./Drivers/STM32F4xx_HAL_Driver/Src/stm32f4xx_ll_gpio.o
                0x0000000008006058                LL_GPIO_Init
 *fill*         0x000000000800613e        0x2 
 .text.LL_RCC_GetSysClkSource
                0x0000000008006140       0x1c ./Drivers/STM32F4xx_HAL_Driver/Src/stm32f4xx_ll_rcc.o
 .text.LL_RCC_GetAHBPrescaler
                0x000000000800615c       0x1c ./Drivers/STM32F4xx_HAL_Driver/Src/stm32f4xx_ll_rcc.o
 .text.LL_RCC_GetAPB1Prescaler
                0x0000000008006178       0x1c ./Drivers/STM32F4xx_HAL_Driver/Src/stm32f4xx_ll_rcc.o
 .text.LL_RCC_GetAPB2Prescaler
                0x0000000008006194       0x1c ./Drivers/STM32F4xx_HAL_Driver/Src/stm32f4xx_ll_rcc.o
 .text.LL_RCC_PLL_GetMainSource
                0x00000000080061b0       0x1c ./Drivers/STM32F4xx_HAL_Driver/Src/stm32f4xx_ll_rcc.o
 .text.LL_RCC_PLL_GetN
                0x00000000080061cc       0x1c ./Drivers/STM32F4xx_HAL_Driver/Src/stm32f4xx_ll_rcc.o
 .text.LL_RCC_PLL_GetP
                0x00000000080061e8       0x1c ./Drivers/STM32F4xx_HAL_Driver/Src/stm32f4xx_ll_rcc.o
 .text.LL_RCC_PLL_GetDivider
                0x0000000008006204       0x1c ./Drivers/STM32F4xx_HAL_Driver/Src/stm32f4xx_ll_rcc.o
 .text.LL_RCC_GetSystemClocksFreq
                0x0000000008006220       0x4a ./Drivers/STM32F4xx_HAL_Driver/Src/stm32f4xx_ll_rcc.o
                0x0000000008006220                LL_RCC_GetSystemClocksFreq
 *fill*         0x000000000800626a        0x2 
 .text.RCC_GetSystemClockFreq
                0x000000000800626c       0x4c ./Drivers/STM32F4xx_HAL_Driver/Src/stm32f4xx_ll_rcc.o
                0x000000000800626c                RCC_GetSystemClockFreq
 .text.RCC_GetHCLKClockFreq
                0x00000000080062b8       0x2c ./Drivers/STM32F4xx_HAL_Driver/Src/stm32f4xx_ll_rcc.o
                0x00000000080062b8                RCC_GetHCLKClockFreq
 .text.RCC_GetPCLK1ClockFreq
                0x00000000080062e4       0x28 ./Drivers/STM32F4xx_HAL_Driver/Src/stm32f4xx_ll_rcc.o
                0x00000000080062e4                RCC_GetPCLK1ClockFreq
 .text.RCC_GetPCLK2ClockFreq
                0x000000000800630c       0x28 ./Drivers/STM32F4xx_HAL_Driver/Src/stm32f4xx_ll_rcc.o
                0x000000000800630c                RCC_GetPCLK2ClockFreq
 .text.RCC_PLL_GetFreqDomain_SYS
                0x0000000008006334       0x78 ./Drivers/STM32F4xx_HAL_Driver/Src/stm32f4xx_ll_rcc.o
                0x0000000008006334                RCC_PLL_GetFreqDomain_SYS
 .text.LL_TIM_SetPrescaler
                0x00000000080063ac       0x1c ./Drivers/STM32F4xx_HAL_Driver/Src/stm32f4xx_ll_tim.o
 .text.LL_TIM_SetAutoReload
                0x00000000080063c8       0x1c ./Drivers/STM32F4xx_HAL_Driver/Src/stm32f4xx_ll_tim.o
 .text.LL_TIM_SetRepetitionCounter
                0x00000000080063e4       0x1c ./Drivers/STM32F4xx_HAL_Driver/Src/stm32f4xx_ll_tim.o
 .text.LL_TIM_OC_SetCompareCH1
                0x0000000008006400       0x1c ./Drivers/STM32F4xx_HAL_Driver/Src/stm32f4xx_ll_tim.o
 .text.LL_TIM_OC_SetCompareCH2
                0x000000000800641c       0x1c ./Drivers/STM32F4xx_HAL_Driver/Src/stm32f4xx_ll_tim.o
 .text.LL_TIM_OC_SetCompareCH3
                0x0000000008006438       0x1c ./Drivers/STM32F4xx_HAL_Driver/Src/stm32f4xx_ll_tim.o
 .text.LL_TIM_OC_SetCompareCH4
                0x0000000008006454       0x1c ./Drivers/STM32F4xx_HAL_Driver/Src/stm32f4xx_ll_tim.o
 .text.LL_TIM_GenerateEvent_UPDATE
                0x0000000008006470       0x20 ./Drivers/STM32F4xx_HAL_Driver/Src/stm32f4xx_ll_tim.o
 .text.LL_TIM_Init
                0x0000000008006490       0xf4 ./Drivers/STM32F4xx_HAL_Driver/Src/stm32f4xx_ll_tim.o
                0x0000000008006490                LL_TIM_Init
 .text.LL_TIM_OC_Init
                0x0000000008006584       0x82 ./Drivers/STM32F4xx_HAL_Driver/Src/stm32f4xx_ll_tim.o
                0x0000000008006584                LL_TIM_OC_Init
 *fill*         0x0000000008006606        0x2 
 .text.OC1Config
                0x0000000008006608       0xcc ./Drivers/STM32F4xx_HAL_Driver/Src/stm32f4xx_ll_tim.o
 .text.OC2Config
                0x00000000080066d4       0xd4 ./Drivers/STM32F4xx_HAL_Driver/Src/stm32f4xx_ll_tim.o
 .text.OC3Config
                0x00000000080067a8       0xd4 ./Drivers/STM32F4xx_HAL_Driver/Src/stm32f4xx_ll_tim.o
 .text.OC4Config
                0x000000000800687c       0xa4 ./Drivers/STM32F4xx_HAL_Driver/Src/stm32f4xx_ll_tim.o
 .text.LL_USART_IsEnabled
                0x0000000008006920       0x28 ./Drivers/STM32F4xx_HAL_Driver/Src/stm32f4xx_ll_usart.o
 .text.LL_USART_SetStopBitsLength
                0x0000000008006948       0x26 ./Drivers/STM32F4xx_HAL_Driver/Src/stm32f4xx_ll_usart.o
 .text.LL_USART_SetHWFlowCtrl
                0x000000000800696e       0x26 ./Drivers/STM32F4xx_HAL_Driver/Src/stm32f4xx_ll_usart.o
 .text.LL_USART_SetBaudRate
                0x0000000008006994      0x458 ./Drivers/STM32F4xx_HAL_Driver/Src/stm32f4xx_ll_usart.o
 .text.LL_USART_Init
                0x0000000008006dec       0xc8 ./Drivers/STM32F4xx_HAL_Driver/Src/stm32f4xx_ll_usart.o
                0x0000000008006dec                LL_USART_Init
 .text.USB_CoreInit
                0x0000000008006eb4       0xc2 ./Drivers/STM32F4xx_HAL_Driver/Src/stm32f4xx_ll_usb.o
                0x0000000008006eb4                USB_CoreInit
 *fill*         0x0000000008006f76        0x2 
 .text.USB_SetTurnaroundTime
                0x0000000008006f78      0x144 ./Drivers/STM32F4xx_HAL_Driver/Src/stm32f4xx_ll_usb.o
                0x0000000008006f78                USB_SetTurnaroundTime
 .text.USB_EnableGlobalInt
                0x00000000080070bc       0x22 ./Drivers/STM32F4xx_HAL_Driver/Src/stm32f4xx_ll_usb.o
                0x00000000080070bc                USB_EnableGlobalInt
 .text.USB_DisableGlobalInt
                0x00000000080070de       0x22 ./Drivers/STM32F4xx_HAL_Driver/Src/stm32f4xx_ll_usb.o
                0x00000000080070de                USB_DisableGlobalInt
 .text.USB_SetCurrentMode
                0x0000000008007100       0x98 ./Drivers/STM32F4xx_HAL_Driver/Src/stm32f4xx_ll_usb.o
                0x0000000008007100                USB_SetCurrentMode
 .text.USB_DevInit
                0x0000000008007198      0x2c8 ./Drivers/STM32F4xx_HAL_Driver/Src/stm32f4xx_ll_usb.o
                0x0000000008007198                USB_DevInit
 .text.USB_FlushTxFifo
                0x0000000008007460       0x68 ./Drivers/STM32F4xx_HAL_Driver/Src/stm32f4xx_ll_usb.o
                0x0000000008007460                USB_FlushTxFifo
 .text.USB_FlushRxFifo
                0x00000000080074c8       0x60 ./Drivers/STM32F4xx_HAL_Driver/Src/stm32f4xx_ll_usb.o
                0x00000000080074c8                USB_FlushRxFifo
 .text.USB_SetDevSpeed
                0x0000000008007528       0x32 ./Drivers/STM32F4xx_HAL_Driver/Src/stm32f4xx_ll_usb.o
                0x0000000008007528                USB_SetDevSpeed
 .text.USB_GetDevSpeed
                0x000000000800755a       0x4a ./Drivers/STM32F4xx_HAL_Driver/Src/stm32f4xx_ll_usb.o
                0x000000000800755a                USB_GetDevSpeed
 .text.USB_ActivateEndpoint
                0x00000000080075a4      0x10e ./Drivers/STM32F4xx_HAL_Driver/Src/stm32f4xx_ll_usb.o
                0x00000000080075a4                USB_ActivateEndpoint
 *fill*         0x00000000080076b2        0x2 
 .text.USB_DeactivateEndpoint
                0x00000000080076b4      0x1b8 ./Drivers/STM32F4xx_HAL_Driver/Src/stm32f4xx_ll_usb.o
                0x00000000080076b4                USB_DeactivateEndpoint
 .text.USB_EPStartXfer
                0x000000000800786c      0x490 ./Drivers/STM32F4xx_HAL_Driver/Src/stm32f4xx_ll_usb.o
                0x000000000800786c                USB_EPStartXfer
 .text.USB_EP0StartXfer
                0x0000000008007cfc      0x2b0 ./Drivers/STM32F4xx_HAL_Driver/Src/stm32f4xx_ll_usb.o
                0x0000000008007cfc                USB_EP0StartXfer
 .text.USB_EPStopXfer
                0x0000000008007fac      0x154 ./Drivers/STM32F4xx_HAL_Driver/Src/stm32f4xx_ll_usb.o
                0x0000000008007fac                USB_EPStopXfer
 .text.USB_WritePacket
                0x0000000008008100       0x7c ./Drivers/STM32F4xx_HAL_Driver/Src/stm32f4xx_ll_usb.o
                0x0000000008008100                USB_WritePacket
 .text.USB_ReadPacket
                0x000000000800817c       0xb0 ./Drivers/STM32F4xx_HAL_Driver/Src/stm32f4xx_ll_usb.o
                0x000000000800817c                USB_ReadPacket
 .text.USB_EPSetStall
                0x000000000800822c       0xdc ./Drivers/STM32F4xx_HAL_Driver/Src/stm32f4xx_ll_usb.o
                0x000000000800822c                USB_EPSetStall
 .text.USB_EPClearStall
                0x0000000008008308       0xcc ./Drivers/STM32F4xx_HAL_Driver/Src/stm32f4xx_ll_usb.o
                0x0000000008008308                USB_EPClearStall
 .text.USB_SetDevAddress
                0x00000000080083d4       0x4c ./Drivers/STM32F4xx_HAL_Driver/Src/stm32f4xx_ll_usb.o
                0x00000000080083d4                USB_SetDevAddress
 .text.USB_DevConnect
                0x0000000008008420       0x42 ./Drivers/STM32F4xx_HAL_Driver/Src/stm32f4xx_ll_usb.o
                0x0000000008008420                USB_DevConnect
 .text.USB_DevDisconnect
                0x0000000008008462       0x42 ./Drivers/STM32F4xx_HAL_Driver/Src/stm32f4xx_ll_usb.o
                0x0000000008008462                USB_DevDisconnect
 .text.USB_ReadInterrupts
                0x00000000080084a4       0x26 ./Drivers/STM32F4xx_HAL_Driver/Src/stm32f4xx_ll_usb.o
                0x00000000080084a4                USB_ReadInterrupts
 .text.USB_ReadDevAllOutEpInterrupt
                0x00000000080084ca       0x34 ./Drivers/STM32F4xx_HAL_Driver/Src/stm32f4xx_ll_usb.o
                0x00000000080084ca                USB_ReadDevAllOutEpInterrupt
 .text.USB_ReadDevAllInEpInterrupt
                0x00000000080084fe       0x34 ./Drivers/STM32F4xx_HAL_Driver/Src/stm32f4xx_ll_usb.o
                0x00000000080084fe                USB_ReadDevAllInEpInterrupt
 .text.USB_ReadDevOutEPInterrupt
                0x0000000008008532       0x3c ./Drivers/STM32F4xx_HAL_Driver/Src/stm32f4xx_ll_usb.o
                0x0000000008008532                USB_ReadDevOutEPInterrupt
 .text.USB_ReadDevInEPInterrupt
                0x000000000800856e       0x5c ./Drivers/STM32F4xx_HAL_Driver/Src/stm32f4xx_ll_usb.o
                0x000000000800856e                USB_ReadDevInEPInterrupt
 .text.USB_GetMode
                0x00000000080085ca       0x1c ./Drivers/STM32F4xx_HAL_Driver/Src/stm32f4xx_ll_usb.o
                0x00000000080085ca                USB_GetMode
 .text.USB_ActivateSetup
                0x00000000080085e6       0x46 ./Drivers/STM32F4xx_HAL_Driver/Src/stm32f4xx_ll_usb.o
                0x00000000080085e6                USB_ActivateSetup
 .text.USB_EP0_OutStart
                0x000000000800862c       0xbc ./Drivers/STM32F4xx_HAL_Driver/Src/stm32f4xx_ll_usb.o
                0x000000000800862c                USB_EP0_OutStart
 .text.USB_CoreReset
                0x00000000080086e8       0x68 ./Drivers/STM32F4xx_HAL_Driver/Src/stm32f4xx_ll_usb.o
 .text.LL_mDelay
                0x0000000008008750       0x4c ./Drivers/STM32F4xx_HAL_Driver/Src/stm32f4xx_ll_utils.o
                0x0000000008008750                LL_mDelay
 .text.LL_SetSystemCoreClock
                0x000000000800879c       0x20 ./Drivers/STM32F4xx_HAL_Driver/Src/stm32f4xx_ll_utils.o
                0x000000000800879c                LL_SetSystemCoreClock
 .text.USBD_CDC_Init
                0x00000000080087bc      0x1f0 ./Middlewares/ST/STM32_USB_Device_Library/Class/CDC/Src/usbd_cdc.o
 .text.USBD_CDC_DeInit
                0x00000000080089ac      0x104 ./Middlewares/ST/STM32_USB_Device_Library/Class/CDC/Src/usbd_cdc.o
 .text.USBD_CDC_Setup
                0x0000000008008ab0      0x1b8 ./Middlewares/ST/STM32_USB_Device_Library/Class/CDC/Src/usbd_cdc.o
 .text.USBD_CDC_DataIn
                0x0000000008008c68       0xfe ./Middlewares/ST/STM32_USB_Device_Library/Class/CDC/Src/usbd_cdc.o
 .text.USBD_CDC_DataOut
                0x0000000008008d66       0x70 ./Middlewares/ST/STM32_USB_Device_Library/Class/CDC/Src/usbd_cdc.o
 .text.USBD_CDC_EP0_RxReady
                0x0000000008008dd6       0x76 ./Middlewares/ST/STM32_USB_Device_Library/Class/CDC/Src/usbd_cdc.o
 .text.USBD_CDC_GetFSCfgDesc
                0x0000000008008e4c       0x70 ./Middlewares/ST/STM32_USB_Device_Library/Class/CDC/Src/usbd_cdc.o
 .text.USBD_CDC_GetHSCfgDesc
                0x0000000008008ebc       0x70 ./Middlewares/ST/STM32_USB_Device_Library/Class/CDC/Src/usbd_cdc.o
 .text.USBD_CDC_GetOtherSpeedCfgDesc
                0x0000000008008f2c       0x70 ./Middlewares/ST/STM32_USB_Device_Library/Class/CDC/Src/usbd_cdc.o
 .text.USBD_CDC_GetDeviceQualifierDescriptor
                0x0000000008008f9c       0x20 ./Middlewares/ST/STM32_USB_Device_Library/Class/CDC/Src/usbd_cdc.o
                0x0000000008008f9c                USBD_CDC_GetDeviceQualifierDescriptor
 .text.USBD_CDC_RegisterInterface
                0x0000000008008fbc       0x34 ./Middlewares/ST/STM32_USB_Device_Library/Class/CDC/Src/usbd_cdc.o
                0x0000000008008fbc                USBD_CDC_RegisterInterface
 .text.USBD_CDC_SetTxBuffer
                0x0000000008008ff0       0x44 ./Middlewares/ST/STM32_USB_Device_Library/Class/CDC/Src/usbd_cdc.o
                0x0000000008008ff0                USBD_CDC_SetTxBuffer
 .text.USBD_CDC_SetRxBuffer
                0x0000000008009034       0x3a ./Middlewares/ST/STM32_USB_Device_Library/Class/CDC/Src/usbd_cdc.o
                0x0000000008009034                USBD_CDC_SetRxBuffer
 *fill*         0x000000000800906e        0x2 
 .text.USBD_CDC_TransmitPacket
                0x0000000008009070       0x8c ./Middlewares/ST/STM32_USB_Device_Library/Class/CDC/Src/usbd_cdc.o
                0x0000000008009070                USBD_CDC_TransmitPacket
 .text.USBD_CDC_ReceivePacket
                0x00000000080090fc       0x6c ./Middlewares/ST/STM32_USB_Device_Library/Class/CDC/Src/usbd_cdc.o
                0x00000000080090fc                USBD_CDC_ReceivePacket
 .text.USBD_Init
                0x0000000008009168       0x60 ./Middlewares/ST/STM32_USB_Device_Library/Core/Src/usbd_core.o
                0x0000000008009168                USBD_Init
 .text.USBD_RegisterClass
                0x00000000080091c8       0x6c ./Middlewares/ST/STM32_USB_Device_Library/Core/Src/usbd_core.o
                0x00000000080091c8                USBD_RegisterClass
 .text.USBD_Start
                0x0000000008009234       0x18 ./Middlewares/ST/STM32_USB_Device_Library/Core/Src/usbd_core.o
                0x0000000008009234                USBD_Start
 .text.USBD_RunTestMode
                0x000000000800924c       0x16 ./Middlewares/ST/STM32_USB_Device_Library/Core/Src/usbd_core.o
                0x000000000800924c                USBD_RunTestMode
 .text.USBD_SetClassConfig
                0x0000000008009262       0x38 ./Middlewares/ST/STM32_USB_Device_Library/Core/Src/usbd_core.o
                0x0000000008009262                USBD_SetClassConfig
 .text.USBD_ClrClassConfig
                0x000000000800929a       0x34 ./Middlewares/ST/STM32_USB_Device_Library/Core/Src/usbd_core.o
                0x000000000800929a                USBD_ClrClassConfig
 .text.USBD_LL_SetupStage
                0x00000000080092ce       0xaa ./Middlewares/ST/STM32_USB_Device_Library/Core/Src/usbd_core.o
                0x00000000080092ce                USBD_LL_SetupStage
 .text.USBD_LL_DataOutStage
                0x0000000008009378      0x166 ./Middlewares/ST/STM32_USB_Device_Library/Core/Src/usbd_core.o
                0x0000000008009378                USBD_LL_DataOutStage
 .text.USBD_LL_DataInStage
                0x00000000080094de      0x164 ./Middlewares/ST/STM32_USB_Device_Library/Core/Src/usbd_core.o
                0x00000000080094de                USBD_LL_DataInStage
 .text.USBD_LL_Reset
                0x0000000008009642       0xa4 ./Middlewares/ST/STM32_USB_Device_Library/Core/Src/usbd_core.o
                0x0000000008009642                USBD_LL_Reset
 .text.USBD_LL_SetSpeed
                0x00000000080096e6       0x20 ./Middlewares/ST/STM32_USB_Device_Library/Core/Src/usbd_core.o
                0x00000000080096e6                USBD_LL_SetSpeed
 .text.USBD_LL_Suspend
                0x0000000008009706       0x2c ./Middlewares/ST/STM32_USB_Device_Library/Core/Src/usbd_core.o
                0x0000000008009706                USBD_LL_Suspend
 .text.USBD_LL_Resume
                0x0000000008009732       0x30 ./Middlewares/ST/STM32_USB_Device_Library/Core/Src/usbd_core.o
                0x0000000008009732                USBD_LL_Resume
 .text.USBD_LL_SOF
                0x0000000008009762       0x40 ./Middlewares/ST/STM32_USB_Device_Library/Core/Src/usbd_core.o
                0x0000000008009762                USBD_LL_SOF
 .text.USBD_LL_IsoINIncomplete
                0x00000000080097a2       0x64 ./Middlewares/ST/STM32_USB_Device_Library/Core/Src/usbd_core.o
                0x00000000080097a2                USBD_LL_IsoINIncomplete
 .text.USBD_LL_IsoOUTIncomplete
                0x0000000008009806       0x64 ./Middlewares/ST/STM32_USB_Device_Library/Core/Src/usbd_core.o
                0x0000000008009806                USBD_LL_IsoOUTIncomplete
 .text.USBD_LL_DevConnected
                0x000000000800986a       0x16 ./Middlewares/ST/STM32_USB_Device_Library/Core/Src/usbd_core.o
                0x000000000800986a                USBD_LL_DevConnected
 .text.USBD_LL_DevDisconnected
                0x0000000008009880       0x46 ./Middlewares/ST/STM32_USB_Device_Library/Core/Src/usbd_core.o
                0x0000000008009880                USBD_LL_DevDisconnected
 .text.USBD_CoreFindIF
                0x00000000080098c6       0x1a ./Middlewares/ST/STM32_USB_Device_Library/Core/Src/usbd_core.o
                0x00000000080098c6                USBD_CoreFindIF
 .text.USBD_CoreFindEP
                0x00000000080098e0       0x1a ./Middlewares/ST/STM32_USB_Device_Library/Core/Src/usbd_core.o
                0x00000000080098e0                USBD_CoreFindEP
 .text.USBD_GetEpDesc
                0x00000000080098fa       0x74 ./Middlewares/ST/STM32_USB_Device_Library/Core/Src/usbd_core.o
                0x00000000080098fa                USBD_GetEpDesc
 .text.USBD_GetNextDesc
                0x000000000800996e       0x3a ./Middlewares/ST/STM32_USB_Device_Library/Core/Src/usbd_core.o
                0x000000000800996e                USBD_GetNextDesc
 .text.SWAPBYTE
                0x00000000080099a8       0x3c ./Middlewares/ST/STM32_USB_Device_Library/Core/Src/usbd_ctlreq.o
 .text.USBD_StdDevReq
                0x00000000080099e4       0xe4 ./Middlewares/ST/STM32_USB_Device_Library/Core/Src/usbd_ctlreq.o
                0x00000000080099e4                USBD_StdDevReq
 .text.USBD_StdItfReq
                0x0000000008009ac8       0xd8 ./Middlewares/ST/STM32_USB_Device_Library/Core/Src/usbd_ctlreq.o
                0x0000000008009ac8                USBD_StdItfReq
 .text.USBD_StdEPReq
                0x0000000008009ba0      0x33a ./Middlewares/ST/STM32_USB_Device_Library/Core/Src/usbd_ctlreq.o
                0x0000000008009ba0                USBD_StdEPReq
 *fill*         0x0000000008009eda        0x2 
 .text.USBD_GetDescriptor
                0x0000000008009edc      0x2d4 ./Middlewares/ST/STM32_USB_Device_Library/Core/Src/usbd_ctlreq.o
 .text.USBD_SetAddress
                0x000000000800a1b0       0x88 ./Middlewares/ST/STM32_USB_Device_Library/Core/Src/usbd_ctlreq.o
 .text.USBD_SetConfig
                0x000000000800a238      0x154 ./Middlewares/ST/STM32_USB_Device_Library/Core/Src/usbd_ctlreq.o
 .text.USBD_GetConfig
                0x000000000800a38c       0x6c ./Middlewares/ST/STM32_USB_Device_Library/Core/Src/usbd_ctlreq.o
 .text.USBD_GetStatus
                0x000000000800a3f8       0x68 ./Middlewares/ST/STM32_USB_Device_Library/Core/Src/usbd_ctlreq.o
 .text.USBD_SetFeature
                0x000000000800a460       0x52 ./Middlewares/ST/STM32_USB_Device_Library/Core/Src/usbd_ctlreq.o
 .text.USBD_ClrFeature
                0x000000000800a4b2       0x44 ./Middlewares/ST/STM32_USB_Device_Library/Core/Src/usbd_ctlreq.o
 .text.USBD_ParseSetupRequest
                0x000000000800a4f6       0x74 ./Middlewares/ST/STM32_USB_Device_Library/Core/Src/usbd_ctlreq.o
                0x000000000800a4f6                USBD_ParseSetupRequest
 .text.USBD_CtlError
                0x000000000800a56a       0x22 ./Middlewares/ST/STM32_USB_Device_Library/Core/Src/usbd_ctlreq.o
                0x000000000800a56a                USBD_CtlError
 .text.USBD_GetString
                0x000000000800a58c       0x8c ./Middlewares/ST/STM32_USB_Device_Library/Core/Src/usbd_ctlreq.o
                0x000000000800a58c                USBD_GetString
 .text.USBD_GetLen
                0x000000000800a618       0x34 ./Middlewares/ST/STM32_USB_Device_Library/Core/Src/usbd_ctlreq.o
 .text.USBD_CtlSendData
                0x000000000800a64c       0x36 ./Middlewares/ST/STM32_USB_Device_Library/Core/Src/usbd_ioreq.o
                0x000000000800a64c                USBD_CtlSendData
 .text.USBD_CtlContinueSendData
                0x000000000800a682       0x22 ./Middlewares/ST/STM32_USB_Device_Library/Core/Src/usbd_ioreq.o
                0x000000000800a682                USBD_CtlContinueSendData
 .text.USBD_CtlPrepareRx
                0x000000000800a6a4       0x3a ./Middlewares/ST/STM32_USB_Device_Library/Core/Src/usbd_ioreq.o
                0x000000000800a6a4                USBD_CtlPrepareRx
 .text.USBD_CtlContinueRx
                0x000000000800a6de       0x22 ./Middlewares/ST/STM32_USB_Device_Library/Core/Src/usbd_ioreq.o
                0x000000000800a6de                USBD_CtlContinueRx
 .text.USBD_CtlSendStatus
                0x000000000800a700       0x26 ./Middlewares/ST/STM32_USB_Device_Library/Core/Src/usbd_ioreq.o
                0x000000000800a700                USBD_CtlSendStatus
 .text.USBD_CtlReceiveStatus
                0x000000000800a726       0x26 ./Middlewares/ST/STM32_USB_Device_Library/Core/Src/usbd_ioreq.o
                0x000000000800a726                USBD_CtlReceiveStatus
 .text.MX_USB_DEVICE_Init
                0x000000000800a74c       0x60 ./USB_DEVICE/App/usb_device.o
                0x000000000800a74c                MX_USB_DEVICE_Init
 .text.CDC_Init_FS
                0x000000000800a7ac       0x28 ./USB_DEVICE/App/usbd_cdc_if.o
 .text.CDC_DeInit_FS
                0x000000000800a7d4       0x10 ./USB_DEVICE/App/usbd_cdc_if.o
 .text.CDC_Control_FS
                0x000000000800a7e4       0xbc ./USB_DEVICE/App/usbd_cdc_if.o
 .text.CDC_Receive_FS
                0x000000000800a8a0       0x3c ./USB_DEVICE/App/usbd_cdc_if.o
 .text.CDC_Transmit_FS
                0x000000000800a8dc       0x4c ./USB_DEVICE/App/usbd_cdc_if.o
                0x000000000800a8dc                CDC_Transmit_FS
 .text.CDC_TransmitCplt_FS
                0x000000000800a928       0x22 ./USB_DEVICE/App/usbd_cdc_if.o
 *fill*         0x000000000800a94a        0x2 
 .text.USBD_FS_DeviceDescriptor
                0x000000000800a94c       0x24 ./USB_DEVICE/App/usbd_desc.o
                0x000000000800a94c                USBD_FS_DeviceDescriptor
 .text.USBD_FS_LangIDStrDescriptor
                0x000000000800a970       0x24 ./USB_DEVICE/App/usbd_desc.o
                0x000000000800a970                USBD_FS_LangIDStrDescriptor
 .text.USBD_FS_ProductStrDescriptor
                0x000000000800a994       0x3c ./USB_DEVICE/App/usbd_desc.o
                0x000000000800a994                USBD_FS_ProductStrDescriptor
 .text.USBD_FS_ManufacturerStrDescriptor
                0x000000000800a9d0       0x28 ./USB_DEVICE/App/usbd_desc.o
                0x000000000800a9d0                USBD_FS_ManufacturerStrDescriptor
 .text.USBD_FS_SerialStrDescriptor
                0x000000000800a9f8       0x24 ./USB_DEVICE/App/usbd_desc.o
                0x000000000800a9f8                USBD_FS_SerialStrDescriptor
 .text.USBD_FS_ConfigStrDescriptor
                0x000000000800aa1c       0x3c ./USB_DEVICE/App/usbd_desc.o
                0x000000000800aa1c                USBD_FS_ConfigStrDescriptor
 .text.USBD_FS_InterfaceStrDescriptor
                0x000000000800aa58       0x3c ./USB_DEVICE/App/usbd_desc.o
                0x000000000800aa58                USBD_FS_InterfaceStrDescriptor
 .text.Get_SerialNum
                0x000000000800aa94       0x58 ./USB_DEVICE/App/usbd_desc.o
 .text.IntToUnicode
                0x000000000800aaec       0x7e ./USB_DEVICE/App/usbd_desc.o
 *fill*         0x000000000800ab6a        0x2 
 .text.HAL_PCD_MspInit
                0x000000000800ab6c       0xa8 ./USB_DEVICE/Target/usbd_conf.o
                0x000000000800ab6c                HAL_PCD_MspInit
 .text.HAL_PCD_SetupStageCallback
                0x000000000800ac14       0x24 ./USB_DEVICE/Target/usbd_conf.o
                0x000000000800ac14                HAL_PCD_SetupStageCallback
 .text.HAL_PCD_DataOutStageCallback
                0x000000000800ac38       0x36 ./USB_DEVICE/Target/usbd_conf.o
                0x000000000800ac38                HAL_PCD_DataOutStageCallback
 .text.HAL_PCD_DataInStageCallback
                0x000000000800ac6e       0x34 ./USB_DEVICE/Target/usbd_conf.o
                0x000000000800ac6e                HAL_PCD_DataInStageCallback
 .text.HAL_PCD_SOFCallback
                0x000000000800aca2       0x1c ./USB_DEVICE/Target/usbd_conf.o
                0x000000000800aca2                HAL_PCD_SOFCallback
 .text.HAL_PCD_ResetCallback
                0x000000000800acbe       0x50 ./USB_DEVICE/Target/usbd_conf.o
                0x000000000800acbe                HAL_PCD_ResetCallback
 *fill*         0x000000000800ad0e        0x2 
 .text.HAL_PCD_SuspendCallback
                0x000000000800ad10       0x4c ./USB_DEVICE/Target/usbd_conf.o
                0x000000000800ad10                HAL_PCD_SuspendCallback
 .text.HAL_PCD_ResumeCallback
                0x000000000800ad5c       0x1c ./USB_DEVICE/Target/usbd_conf.o
                0x000000000800ad5c                HAL_PCD_ResumeCallback
 .text.HAL_PCD_ISOOUTIncompleteCallback
                0x000000000800ad78       0x24 ./USB_DEVICE/Target/usbd_conf.o
                0x000000000800ad78                HAL_PCD_ISOOUTIncompleteCallback
 .text.HAL_PCD_ISOINIncompleteCallback
                0x000000000800ad9c       0x24 ./USB_DEVICE/Target/usbd_conf.o
                0x000000000800ad9c                HAL_PCD_ISOINIncompleteCallback
 .text.HAL_PCD_ConnectCallback
                0x000000000800adc0       0x1c ./USB_DEVICE/Target/usbd_conf.o
                0x000000000800adc0                HAL_PCD_ConnectCallback
 .text.HAL_PCD_DisconnectCallback
                0x000000000800addc       0x1c ./USB_DEVICE/Target/usbd_conf.o
                0x000000000800addc                HAL_PCD_DisconnectCallback
 .text.USBD_LL_Init
                0x000000000800adf8       0x98 ./USB_DEVICE/Target/usbd_conf.o
                0x000000000800adf8                USBD_LL_Init
 .text.USBD_LL_Start
                0x000000000800ae90       0x36 ./USB_DEVICE/Target/usbd_conf.o
                0x000000000800ae90                USBD_LL_Start
 .text.USBD_LL_OpenEP
                0x000000000800aec6       0x4c ./USB_DEVICE/Target/usbd_conf.o
                0x000000000800aec6                USBD_LL_OpenEP
 .text.USBD_LL_CloseEP
                0x000000000800af12       0x3e ./USB_DEVICE/Target/usbd_conf.o
                0x000000000800af12                USBD_LL_CloseEP
 .text.USBD_LL_StallEP
                0x000000000800af50       0x3e ./USB_DEVICE/Target/usbd_conf.o
                0x000000000800af50                USBD_LL_StallEP
 .text.USBD_LL_ClearStallEP
                0x000000000800af8e       0x3e ./USB_DEVICE/Target/usbd_conf.o
                0x000000000800af8e                USBD_LL_ClearStallEP
 .text.USBD_LL_IsStallEP
                0x000000000800afcc       0x58 ./USB_DEVICE/Target/usbd_conf.o
                0x000000000800afcc                USBD_LL_IsStallEP
 .text.USBD_LL_SetUSBAddress
                0x000000000800b024       0x3e ./USB_DEVICE/Target/usbd_conf.o
                0x000000000800b024                USBD_LL_SetUSBAddress
 .text.USBD_LL_Transmit
                0x000000000800b062       0x42 ./USB_DEVICE/Target/usbd_conf.o
                0x000000000800b062                USBD_LL_Transmit
 .text.USBD_LL_PrepareReceive
                0x000000000800b0a4       0x42 ./USB_DEVICE/Target/usbd_conf.o
                0x000000000800b0a4                USBD_LL_PrepareReceive
 .text.USBD_LL_GetRxDataSize
                0x000000000800b0e6       0x26 ./USB_DEVICE/Target/usbd_conf.o
                0x000000000800b0e6                USBD_LL_GetRxDataSize
 .text.USBD_static_malloc
                0x000000000800b10c       0x1c ./USB_DEVICE/Target/usbd_conf.o
                0x000000000800b10c                USBD_static_malloc
 .text.USBD_static_free
                0x000000000800b128       0x14 ./USB_DEVICE/Target/usbd_conf.o
                0x000000000800b128                USBD_static_free
 .text.USBD_Get_USB_Status
                0x000000000800b13c       0x58 ./USB_DEVICE/Target/usbd_conf.o
                0x000000000800b13c                USBD_Get_USB_Status
 .text.__libc_init_array
                0x000000000800b194       0x48 c:/st/stm32cubeide_1.10.1/stm32cubeide/plugins/com.st.stm32cube.ide.mcu.externaltools.gnu-tools-for-stm32.10.3-2021.10.win32_1.0.0.202111181127/tools/bin/../lib/gcc/arm-none-eabi/10.3.1/../../../../arm-none-eabi/lib/thumb/v7e-m+fp/hard\libc_nano.a(lib_a-init.o)
                0x000000000800b194                __libc_init_array
 .text.memcpy   0x000000000800b1dc       0x1c c:/st/stm32cubeide_1.10.1/stm32cubeide/plugins/com.st.stm32cube.ide.mcu.externaltools.gnu-tools-for-stm32.10.3-2021.10.win32_1.0.0.202111181127/tools/bin/../lib/gcc/arm-none-eabi/10.3.1/../../../../arm-none-eabi/lib/thumb/v7e-m+fp/hard\libc_nano.a(lib_a-memcpy-stub.o)
                0x000000000800b1dc                memcpy
 .text.memset   0x000000000800b1f8       0x10 c:/st/stm32cubeide_1.10.1/stm32cubeide/plugins/com.st.stm32cube.ide.mcu.externaltools.gnu-tools-for-stm32.10.3-2021.10.win32_1.0.0.202111181127/tools/bin/../lib/gcc/arm-none-eabi/10.3.1/../../../../arm-none-eabi/lib/thumb/v7e-m+fp/hard\libc_nano.a(lib_a-memset.o)
                0x000000000800b1f8                memset
 .text.roundf   0x000000000800b208       0x48 c:/st/stm32cubeide_1.10.1/stm32cubeide/plugins/com.st.stm32cube.ide.mcu.externaltools.gnu-tools-for-stm32.10.3-2021.10.win32_1.0.0.202111181127/tools/bin/../lib/gcc/arm-none-eabi/10.3.1/../../../../arm-none-eabi/lib/thumb/v7e-m+fp/hard\libm.a(lib_a-sf_round.o)
                0x000000000800b208                roundf
 *(.glue_7)
 .glue_7        0x000000000800b250        0x0 linker stubs
 *(.glue_7t)
 .glue_7t       0x000000000800b250        0x0 linker stubs
 *(.eh_frame)
 .eh_frame      0x000000000800b250        0x0 c:/st/stm32cubeide_1.10.1/stm32cubeide/plugins/com.st.stm32cube.ide.mcu.externaltools.gnu-tools-for-stm32.10.3-2021.10.win32_1.0.0.202111181127/tools/bin/../lib/gcc/arm-none-eabi/10.3.1/thumb/v7e-m+fp/hard/crtbegin.o
 *(.init)
 .init          0x000000000800b250        0x4 c:/st/stm32cubeide_1.10.1/stm32cubeide/plugins/com.st.stm32cube.ide.mcu.externaltools.gnu-tools-for-stm32.10.3-2021.10.win32_1.0.0.202111181127/tools/bin/../lib/gcc/arm-none-eabi/10.3.1/thumb/v7e-m+fp/hard/crti.o
                0x000000000800b250                _init
 .init          0x000000000800b254        0x8 c:/st/stm32cubeide_1.10.1/stm32cubeide/plugins/com.st.stm32cube.ide.mcu.externaltools.gnu-tools-for-stm32.10.3-2021.10.win32_1.0.0.202111181127/tools/bin/../lib/gcc/arm-none-eabi/10.3.1/thumb/v7e-m+fp/hard/crtn.o
 *(.fini)
 .fini          0x000000000800b25c        0x4 c:/st/stm32cubeide_1.10.1/stm32cubeide/plugins/com.st.stm32cube.ide.mcu.externaltools.gnu-tools-for-stm32.10.3-2021.10.win32_1.0.0.202111181127/tools/bin/../lib/gcc/arm-none-eabi/10.3.1/thumb/v7e-m+fp/hard/crti.o
                0x000000000800b25c                _fini
 .fini          0x000000000800b260        0x8 c:/st/stm32cubeide_1.10.1/stm32cubeide/plugins/com.st.stm32cube.ide.mcu.externaltools.gnu-tools-for-stm32.10.3-2021.10.win32_1.0.0.202111181127/tools/bin/../lib/gcc/arm-none-eabi/10.3.1/thumb/v7e-m+fp/hard/crtn.o
                0x000000000800b268                . = ALIGN (0x4)
                0x000000000800b268                _etext = .

.vfp11_veneer   0x000000000800b268        0x0
 .vfp11_veneer  0x000000000800b268        0x0 linker stubs

.v4_bx          0x000000000800b268        0x0
 .v4_bx         0x000000000800b268        0x0 linker stubs

.iplt           0x000000000800b268        0x0
 .iplt          0x000000000800b268        0x0 c:/st/stm32cubeide_1.10.1/stm32cubeide/plugins/com.st.stm32cube.ide.mcu.externaltools.gnu-tools-for-stm32.10.3-2021.10.win32_1.0.0.202111181127/tools/bin/../lib/gcc/arm-none-eabi/10.3.1/thumb/v7e-m+fp/hard/crtbegin.o

.rodata         0x000000000800b268       0x64
                0x000000000800b268                . = ALIGN (0x4)
 *(.rodata)
 .rodata        0x000000000800b268       0x3a ./USB_DEVICE/App/usbd_desc.o
 *(.rodata*)
 *fill*         0x000000000800b2a2        0x2 
 .rodata.AHBPrescTable
                0x000000000800b2a4       0x10 ./Core/Src/system_stm32f4xx.o
                0x000000000800b2a4                AHBPrescTable
 .rodata.APBPrescTable
                0x000000000800b2b4        0x8 ./Core/Src/system_stm32f4xx.o
                0x000000000800b2b4                APBPrescTable
 .rodata.OFFSET_TAB_CCMRx
                0x000000000800b2bc        0x7 ./Core/Src/tim.o
 *fill*         0x000000000800b2c3        0x1 
 .rodata.SHIFT_TAB_OCxx
                0x000000000800b2c4        0x7 ./Core/Src/tim.o
                0x000000000800b2cc                . = ALIGN (0x4)
 *fill*         0x000000000800b2cb        0x1 

.ARM.extab      0x000000000800b2cc        0x0
                0x000000000800b2cc                . = ALIGN (0x4)
 *(.ARM.extab* .gnu.linkonce.armextab.*)
                0x000000000800b2cc                . = ALIGN (0x4)

.ARM            0x000000000800b2cc        0x8
                0x000000000800b2cc                . = ALIGN (0x4)
                0x000000000800b2cc                __exidx_start = .
 *(.ARM.exidx*)
 .ARM.exidx     0x000000000800b2cc        0x8 c:/st/stm32cubeide_1.10.1/stm32cubeide/plugins/com.st.stm32cube.ide.mcu.externaltools.gnu-tools-for-stm32.10.3-2021.10.win32_1.0.0.202111181127/tools/bin/../lib/gcc/arm-none-eabi/10.3.1/thumb/v7e-m+fp/hard\libgcc.a(_udivmoddi4.o)
                0x000000000800b2d4                __exidx_end = .
                0x000000000800b2d4                . = ALIGN (0x4)

.rel.dyn        0x000000000800b2d4        0x0
 .rel.iplt      0x000000000800b2d4        0x0 c:/st/stm32cubeide_1.10.1/stm32cubeide/plugins/com.st.stm32cube.ide.mcu.externaltools.gnu-tools-for-stm32.10.3-2021.10.win32_1.0.0.202111181127/tools/bin/../lib/gcc/arm-none-eabi/10.3.1/thumb/v7e-m+fp/hard/crtbegin.o

.preinit_array  0x000000000800b2d4        0x0
                0x000000000800b2d4                . = ALIGN (0x4)
                0x000000000800b2d4                PROVIDE (__preinit_array_start = .)
 *(.preinit_array*)
                0x000000000800b2d4                PROVIDE (__preinit_array_end = .)
                0x000000000800b2d4                . = ALIGN (0x4)

.init_array     0x000000000800b2d4        0x4
                0x000000000800b2d4                . = ALIGN (0x4)
                0x000000000800b2d4                PROVIDE (__init_array_start = .)
 *(SORT_BY_NAME(.init_array.*))
 *(.init_array*)
 .init_array    0x000000000800b2d4        0x4 c:/st/stm32cubeide_1.10.1/stm32cubeide/plugins/com.st.stm32cube.ide.mcu.externaltools.gnu-tools-for-stm32.10.3-2021.10.win32_1.0.0.202111181127/tools/bin/../lib/gcc/arm-none-eabi/10.3.1/thumb/v7e-m+fp/hard/crtbegin.o
                0x000000000800b2d8                PROVIDE (__init_array_end = .)
                0x000000000800b2d8                . = ALIGN (0x4)

.fini_array     0x000000000800b2d8        0x4
                0x000000000800b2d8                . = ALIGN (0x4)
                [!provide]                        PROVIDE (__fini_array_start = .)
 *(SORT_BY_NAME(.fini_array.*))
 *(.fini_array*)
 .fini_array    0x000000000800b2d8        0x4 c:/st/stm32cubeide_1.10.1/stm32cubeide/plugins/com.st.stm32cube.ide.mcu.externaltools.gnu-tools-for-stm32.10.3-2021.10.win32_1.0.0.202111181127/tools/bin/../lib/gcc/arm-none-eabi/10.3.1/thumb/v7e-m+fp/hard/crtbegin.o
                [!provide]                        PROVIDE (__fini_array_end = .)
                0x000000000800b2dc                . = ALIGN (0x4)
                0x000000000800b2dc                _sidata = LOADADDR (.data)

.data           0x0000000020000000      0x100 load address 0x000000000800b2dc
                0x0000000020000000                . = ALIGN (0x4)
                0x0000000020000000                _sdata = .
 *(.data)
 *(.data*)
 .data.command_to_read_force
                0x0000000020000000        0x1 ./Core/Src/globals.o
                0x0000000020000000                command_to_read_force
 .data.left_hand_activation
                0x0000000020000001        0x1 ./Core/Src/globals.o
                0x0000000020000001                left_hand_activation
 .data.right_hand_activation
                0x0000000020000002        0x1 ./Core/Src/globals.o
                0x0000000020000002                right_hand_activation
 *fill*         0x0000000020000003        0x1 
 .data.SystemCoreClock
                0x0000000020000004        0x4 ./Core/Src/system_stm32f4xx.o
                0x0000000020000004                SystemCoreClock
 .data.uwTickPrio
                0x0000000020000008        0x4 ./Drivers/STM32F4xx_HAL_Driver/Src/stm32f4xx_hal.o
                0x0000000020000008                uwTickPrio
 .data.uwTickFreq
                0x000000002000000c        0x1 ./Drivers/STM32F4xx_HAL_Driver/Src/stm32f4xx_hal.o
                0x000000002000000c                uwTickFreq
 *fill*         0x000000002000000d        0x3 
 .data.USBD_CDC_DeviceQualifierDesc
                0x0000000020000010        0xa ./Middlewares/ST/STM32_USB_Device_Library/Class/CDC/Src/usbd_cdc.o
 *fill*         0x000000002000001a        0x2 
 .data.USBD_CDC
                0x000000002000001c       0x38 ./Middlewares/ST/STM32_USB_Device_Library/Class/CDC/Src/usbd_cdc.o
                0x000000002000001c                USBD_CDC
 .data.USBD_CDC_CfgDesc
                0x0000000020000054       0x43 ./Middlewares/ST/STM32_USB_Device_Library/Class/CDC/Src/usbd_cdc.o
 .data.CDCInEpAdd
                0x0000000020000097        0x1 ./Middlewares/ST/STM32_USB_Device_Library/Class/CDC/Src/usbd_cdc.o
 .data.CDCOutEpAdd
                0x0000000020000098        0x1 ./Middlewares/ST/STM32_USB_Device_Library/Class/CDC/Src/usbd_cdc.o
 .data.CDCCmdEpAdd
                0x0000000020000099        0x1 ./Middlewares/ST/STM32_USB_Device_Library/Class/CDC/Src/usbd_cdc.o
 *fill*         0x000000002000009a        0x2 
 .data.USBD_Interface_fops_FS
                0x000000002000009c       0x14 ./USB_DEVICE/App/usbd_cdc_if.o
                0x000000002000009c                USBD_Interface_fops_FS
 .data.FS_Desc  0x00000000200000b0       0x1c ./USB_DEVICE/App/usbd_desc.o
                0x00000000200000b0                FS_Desc
 .data.USBD_FS_DeviceDesc
                0x00000000200000cc       0x12 ./USB_DEVICE/App/usbd_desc.o
                0x00000000200000cc                USBD_FS_DeviceDesc
 *fill*         0x00000000200000de        0x2 
 .data.USBD_LangIDDesc
                0x00000000200000e0        0x4 ./USB_DEVICE/App/usbd_desc.o
                0x00000000200000e0                USBD_LangIDDesc
 .data.USBD_StringSerial
                0x00000000200000e4       0x1a ./USB_DEVICE/App/usbd_desc.o
                0x00000000200000e4                USBD_StringSerial
 *(.RamFunc)
 *(.RamFunc*)
                0x0000000020000100                . = ALIGN (0x4)
 *fill*         0x00000000200000fe        0x2 
                0x0000000020000100                _edata = .

.igot.plt       0x0000000020000100        0x0 load address 0x000000000800b3dc
 .igot.plt      0x0000000020000100        0x0 c:/st/stm32cubeide_1.10.1/stm32cubeide/plugins/com.st.stm32cube.ide.mcu.externaltools.gnu-tools-for-stm32.10.3-2021.10.win32_1.0.0.202111181127/tools/bin/../lib/gcc/arm-none-eabi/10.3.1/thumb/v7e-m+fp/hard/crtbegin.o
                0x0000000020000100                . = ALIGN (0x4)

.bss            0x0000000020000100     0x2638 load address 0x000000000800b3dc
                0x0000000020000100                _sbss = .
                0x0000000020000100                __bss_start__ = _sbss
 *(.bss)
 .bss           0x0000000020000100       0x1c c:/st/stm32cubeide_1.10.1/stm32cubeide/plugins/com.st.stm32cube.ide.mcu.externaltools.gnu-tools-for-stm32.10.3-2021.10.win32_1.0.0.202111181127/tools/bin/../lib/gcc/arm-none-eabi/10.3.1/thumb/v7e-m+fp/hard/crtbegin.o
 *(.bss*)
 .bss.hadc1     0x000000002000011c       0x48 ./Core/Src/adc.o
                0x000000002000011c                hadc1
 .bss.hcrc      0x0000000020000164        0x8 ./Core/Src/crc.o
                0x0000000020000164                hcrc
 .bss.rxBufferCounter
                0x000000002000016c        0x2 ./Core/Src/globals.o
                0x000000002000016c                rxBufferCounter
 *fill*         0x000000002000016e        0x2 
 .bss.calculated_CRC_32
                0x0000000020000170        0x4 ./Core/Src/globals.o
                0x0000000020000170                calculated_CRC_32
 .bss.recieved_CRC_32
                0x0000000020000174        0x4 ./Core/Src/globals.o
                0x0000000020000174                recieved_CRC_32
 .bss.start_dataset_collection_flag
                0x0000000020000178        0x1 ./Core/Src/globals.o
                0x0000000020000178                start_dataset_collection_flag
 .bss.sense_flag
                0x0000000020000179        0x1 ./Core/Src/globals.o
                0x0000000020000179                sense_flag
 *fill*         0x000000002000017a        0x2 
 .bss.zero_points
                0x000000002000017c       0x20 ./Core/Src/globals.o
                0x000000002000017c                zero_points
 .bss.CW_limits
                0x000000002000019c       0x20 ./Core/Src/globals.o
                0x000000002000019c                CW_limits
 .bss.CCW_limits
                0x00000000200001bc       0x20 ./Core/Src/globals.o
                0x00000000200001bc                CCW_limits
 .bss.CW_limits_uint32_flash
                0x00000000200001dc       0x40 ./Core/Src/globals.o
                0x00000000200001dc                CW_limits_uint32_flash
 .bss.CCW_limits_uint32_flash
                0x000000002000021c       0x40 ./Core/Src/globals.o
                0x000000002000021c                CCW_limits_uint32_flash
 .bss.CRC_uint32_calc_buffer
                0x000000002000025c       0x10 ./Core/Src/globals.o
                0x000000002000025c                CRC_uint32_calc_buffer
 .bss.adcBuffer
                0x000000002000026c       0x20 ./Core/Src/globals.o
                0x000000002000026c                adcBuffer
 .bss.force_sensor_4_value
                0x000000002000028c        0x8 ./Core/Src/globals.o
                0x000000002000028c                force_sensor_4_value
 .bss.USB_Tx_buffer
                0x0000000020000294       0x64 ./Core/Src/globals.o
                0x0000000020000294                USB_Tx_buffer
 .bss.txBuffer  0x00000000200002f8      0x3e8 ./Core/Src/globals.o
                0x00000000200002f8                txBuffer
 .bss.rxBuffer  0x00000000200006e0      0x3e8 ./Core/Src/globals.o
                0x00000000200006e0                rxBuffer
 .bss.uwTick    0x0000000020000ac8        0x4 ./Drivers/STM32F4xx_HAL_Driver/Src/stm32f4xx_hal.o
                0x0000000020000ac8                uwTick
 .bss.pFlash    0x0000000020000acc       0x20 ./Drivers/STM32F4xx_HAL_Driver/Src/stm32f4xx_hal_flash.o
                0x0000000020000acc                pFlash
 .bss.cfgidx.0  0x0000000020000aec        0x1 ./Middlewares/ST/STM32_USB_Device_Library/Core/Src/usbd_ctlreq.o
 *fill*         0x0000000020000aed        0x3 
 .bss.hUsbDeviceFS
                0x0000000020000af0      0x2dc ./USB_DEVICE/App/usb_device.o
                0x0000000020000af0                hUsbDeviceFS
 .bss.USB_Rx_buffer
                0x0000000020000dcc       0x40 ./USB_DEVICE/App/usbd_cdc_if.o
                0x0000000020000dcc                USB_Rx_buffer
 .bss.UserRxBufferFS
                0x0000000020000e0c      0x800 ./USB_DEVICE/App/usbd_cdc_if.o
                0x0000000020000e0c                UserRxBufferFS
 .bss.UserTxBufferFS
                0x000000002000160c      0x800 ./USB_DEVICE/App/usbd_cdc_if.o
                0x000000002000160c                UserTxBufferFS
 .bss.USBD_StrDesc
                0x0000000020001e0c      0x200 ./USB_DEVICE/App/usbd_desc.o
                0x0000000020001e0c                USBD_StrDesc
 .bss.hpcd_USB_OTG_FS
                0x000000002000200c      0x50c ./USB_DEVICE/Target/usbd_conf.o
                0x000000002000200c                hpcd_USB_OTG_FS
 .bss.mem.0     0x0000000020002518      0x220 ./USB_DEVICE/Target/usbd_conf.o
 *(COMMON)
                0x0000000020002738                . = ALIGN (0x4)
                0x0000000020002738                _ebss = .
                0x0000000020002738                __bss_end__ = _ebss

._user_heap_stack
                0x0000000020002738      0x600 load address 0x000000000800b3dc
                0x0000000020002738                . = ALIGN (0x8)
                [!provide]                        PROVIDE (end = .)
                0x0000000020002738                PROVIDE (_end = .)
                0x0000000020002938                . = (. + _Min_Heap_Size)
 *fill*         0x0000000020002738      0x200 
                0x0000000020002d38                . = (. + _Min_Stack_Size)
 *fill*         0x0000000020002938      0x400 
                0x0000000020002d38                . = ALIGN (0x8)

/DISCARD/
 libc.a(*)
 libm.a(*)
 libgcc.a(*)

.ARM.attributes
                0x0000000000000000       0x30
 *(.ARM.attributes)
 .ARM.attributes
                0x0000000000000000       0x1e c:/st/stm32cubeide_1.10.1/stm32cubeide/plugins/com.st.stm32cube.ide.mcu.externaltools.gnu-tools-for-stm32.10.3-2021.10.win32_1.0.0.202111181127/tools/bin/../lib/gcc/arm-none-eabi/10.3.1/thumb/v7e-m+fp/hard/crti.o
 .ARM.attributes
                0x000000000000001e       0x34 c:/st/stm32cubeide_1.10.1/stm32cubeide/plugins/com.st.stm32cube.ide.mcu.externaltools.gnu-tools-for-stm32.10.3-2021.10.win32_1.0.0.202111181127/tools/bin/../lib/gcc/arm-none-eabi/10.3.1/thumb/v7e-m+fp/hard/crtbegin.o
 .ARM.attributes
                0x0000000000000052       0x34 ./Core/Src/adc.o
 .ARM.attributes
                0x0000000000000086       0x34 ./Core/Src/bunraky_lib.o
 .ARM.attributes
                0x00000000000000ba       0x34 ./Core/Src/crc.o
 .ARM.attributes
                0x00000000000000ee       0x34 ./Core/Src/globals.o
 .ARM.attributes
                0x0000000000000122       0x34 ./Core/Src/gpio.o
 .ARM.attributes
                0x0000000000000156       0x34 ./Core/Src/main.o
 .ARM.attributes
                0x000000000000018a       0x34 ./Core/Src/stm32f4xx_hal_msp.o
 .ARM.attributes
                0x00000000000001be       0x34 ./Core/Src/stm32f4xx_it.o
 .ARM.attributes
                0x00000000000001f2       0x34 ./Core/Src/system_stm32f4xx.o
 .ARM.attributes
                0x0000000000000226       0x34 ./Core/Src/tim.o
 .ARM.attributes
                0x000000000000025a       0x34 ./Core/Src/usart.o
 .ARM.attributes
                0x000000000000028e       0x21 ./Core/Startup/startup_stm32f401retx.o
 .ARM.attributes
                0x00000000000002af       0x34 ./Drivers/STM32F4xx_HAL_Driver/Src/stm32f4xx_hal.o
 .ARM.attributes
                0x00000000000002e3       0x34 ./Drivers/STM32F4xx_HAL_Driver/Src/stm32f4xx_hal_adc.o
 .ARM.attributes
                0x0000000000000317       0x34 ./Drivers/STM32F4xx_HAL_Driver/Src/stm32f4xx_hal_cortex.o
 .ARM.attributes
                0x000000000000034b       0x34 ./Drivers/STM32F4xx_HAL_Driver/Src/stm32f4xx_hal_crc.o
 .ARM.attributes
                0x000000000000037f       0x34 ./Drivers/STM32F4xx_HAL_Driver/Src/stm32f4xx_hal_flash.o
 .ARM.attributes
                0x00000000000003b3       0x34 ./Drivers/STM32F4xx_HAL_Driver/Src/stm32f4xx_hal_flash_ex.o
 .ARM.attributes
                0x00000000000003e7       0x34 ./Drivers/STM32F4xx_HAL_Driver/Src/stm32f4xx_hal_gpio.o
 .ARM.attributes
                0x000000000000041b       0x34 ./Drivers/STM32F4xx_HAL_Driver/Src/stm32f4xx_hal_pcd.o
 .ARM.attributes
                0x000000000000044f       0x34 ./Drivers/STM32F4xx_HAL_Driver/Src/stm32f4xx_hal_pcd_ex.o
 .ARM.attributes
                0x0000000000000483       0x34 ./Drivers/STM32F4xx_HAL_Driver/Src/stm32f4xx_hal_rcc.o
 .ARM.attributes
                0x00000000000004b7       0x34 ./Drivers/STM32F4xx_HAL_Driver/Src/stm32f4xx_ll_exti.o
 .ARM.attributes
                0x00000000000004eb       0x34 ./Drivers/STM32F4xx_HAL_Driver/Src/stm32f4xx_ll_gpio.o
 .ARM.attributes
                0x000000000000051f       0x34 ./Drivers/STM32F4xx_HAL_Driver/Src/stm32f4xx_ll_rcc.o
 .ARM.attributes
                0x0000000000000553       0x34 ./Drivers/STM32F4xx_HAL_Driver/Src/stm32f4xx_ll_tim.o
 .ARM.attributes
                0x0000000000000587       0x34 ./Drivers/STM32F4xx_HAL_Driver/Src/stm32f4xx_ll_usart.o
 .ARM.attributes
                0x00000000000005bb       0x34 ./Drivers/STM32F4xx_HAL_Driver/Src/stm32f4xx_ll_usb.o
 .ARM.attributes
                0x00000000000005ef       0x34 ./Drivers/STM32F4xx_HAL_Driver/Src/stm32f4xx_ll_utils.o
 .ARM.attributes
                0x0000000000000623       0x34 ./Middlewares/ST/STM32_USB_Device_Library/Class/CDC/Src/usbd_cdc.o
 .ARM.attributes
                0x0000000000000657       0x34 ./Middlewares/ST/STM32_USB_Device_Library/Core/Src/usbd_core.o
 .ARM.attributes
                0x000000000000068b       0x34 ./Middlewares/ST/STM32_USB_Device_Library/Core/Src/usbd_ctlreq.o
 .ARM.attributes
                0x00000000000006bf       0x34 ./Middlewares/ST/STM32_USB_Device_Library/Core/Src/usbd_ioreq.o
 .ARM.attributes
                0x00000000000006f3       0x34 ./USB_DEVICE/App/usb_device.o
 .ARM.attributes
                0x0000000000000727       0x34 ./USB_DEVICE/App/usbd_cdc_if.o
 .ARM.attributes
                0x000000000000075b       0x34 ./USB_DEVICE/App/usbd_desc.o
 .ARM.attributes
                0x000000000000078f       0x34 ./USB_DEVICE/Target/usbd_conf.o
 .ARM.attributes
                0x00000000000007c3       0x34 c:/st/stm32cubeide_1.10.1/stm32cubeide/plugins/com.st.stm32cube.ide.mcu.externaltools.gnu-tools-for-stm32.10.3-2021.10.win32_1.0.0.202111181127/tools/bin/../lib/gcc/arm-none-eabi/10.3.1/../../../../arm-none-eabi/lib/thumb/v7e-m+fp/hard\libc_nano.a(lib_a-init.o)
 .ARM.attributes
                0x00000000000007f7       0x34 c:/st/stm32cubeide_1.10.1/stm32cubeide/plugins/com.st.stm32cube.ide.mcu.externaltools.gnu-tools-for-stm32.10.3-2021.10.win32_1.0.0.202111181127/tools/bin/../lib/gcc/arm-none-eabi/10.3.1/../../../../arm-none-eabi/lib/thumb/v7e-m+fp/hard\libc_nano.a(lib_a-memcpy-stub.o)
 .ARM.attributes
                0x000000000000082b       0x34 c:/st/stm32cubeide_1.10.1/stm32cubeide/plugins/com.st.stm32cube.ide.mcu.externaltools.gnu-tools-for-stm32.10.3-2021.10.win32_1.0.0.202111181127/tools/bin/../lib/gcc/arm-none-eabi/10.3.1/../../../../arm-none-eabi/lib/thumb/v7e-m+fp/hard\libc_nano.a(lib_a-memset.o)
 .ARM.attributes
                0x000000000000085f       0x34 c:/st/stm32cubeide_1.10.1/stm32cubeide/plugins/com.st.stm32cube.ide.mcu.externaltools.gnu-tools-for-stm32.10.3-2021.10.win32_1.0.0.202111181127/tools/bin/../lib/gcc/arm-none-eabi/10.3.1/../../../../arm-none-eabi/lib/thumb/v7e-m+fp/hard\libm.a(lib_a-sf_round.o)
 .ARM.attributes
                0x0000000000000893       0x1e c:/st/stm32cubeide_1.10.1/stm32cubeide/plugins/com.st.stm32cube.ide.mcu.externaltools.gnu-tools-for-stm32.10.3-2021.10.win32_1.0.0.202111181127/tools/bin/../lib/gcc/arm-none-eabi/10.3.1/thumb/v7e-m+fp/hard\libgcc.a(_aeabi_uldivmod.o)
 .ARM.attributes
                0x00000000000008b1       0x34 c:/st/stm32cubeide_1.10.1/stm32cubeide/plugins/com.st.stm32cube.ide.mcu.externaltools.gnu-tools-for-stm32.10.3-2021.10.win32_1.0.0.202111181127/tools/bin/../lib/gcc/arm-none-eabi/10.3.1/thumb/v7e-m+fp/hard\libgcc.a(_udivmoddi4.o)
 .ARM.attributes
                0x00000000000008e5       0x1e c:/st/stm32cubeide_1.10.1/stm32cubeide/plugins/com.st.stm32cube.ide.mcu.externaltools.gnu-tools-for-stm32.10.3-2021.10.win32_1.0.0.202111181127/tools/bin/../lib/gcc/arm-none-eabi/10.3.1/thumb/v7e-m+fp/hard\libgcc.a(_dvmd_tls.o)
 .ARM.attributes
                0x0000000000000903       0x1e c:/st/stm32cubeide_1.10.1/stm32cubeide/plugins/com.st.stm32cube.ide.mcu.externaltools.gnu-tools-for-stm32.10.3-2021.10.win32_1.0.0.202111181127/tools/bin/../lib/gcc/arm-none-eabi/10.3.1/thumb/v7e-m+fp/hard/crtn.o
OUTPUT(Bunraky_1.1.elf elf32-littlearm)
LOAD linker stubs
LOAD c:/st/stm32cubeide_1.10.1/stm32cubeide/plugins/com.st.stm32cube.ide.mcu.externaltools.gnu-tools-for-stm32.10.3-2021.10.win32_1.0.0.202111181127/tools/bin/../lib/gcc/arm-none-eabi/10.3.1/../../../../arm-none-eabi/lib/thumb/v7e-m+fp/hard\libc.a
LOAD c:/st/stm32cubeide_1.10.1/stm32cubeide/plugins/com.st.stm32cube.ide.mcu.externaltools.gnu-tools-for-stm32.10.3-2021.10.win32_1.0.0.202111181127/tools/bin/../lib/gcc/arm-none-eabi/10.3.1/../../../../arm-none-eabi/lib/thumb/v7e-m+fp/hard\libm.a
LOAD c:/st/stm32cubeide_1.10.1/stm32cubeide/plugins/com.st.stm32cube.ide.mcu.externaltools.gnu-tools-for-stm32.10.3-2021.10.win32_1.0.0.202111181127/tools/bin/../lib/gcc/arm-none-eabi/10.3.1/thumb/v7e-m+fp/hard\libgcc.a

.debug_info     0x0000000000000000    0x196fa
 .debug_info    0x0000000000000000      0xb3c ./Core/Src/adc.o
 .debug_info    0x0000000000000b3c     0x1465 ./Core/Src/bunraky_lib.o
 .debug_info    0x0000000000001fa1      0x540 ./Core/Src/crc.o
 .debug_info    0x00000000000024e1      0x421 ./Core/Src/globals.o
 .debug_info    0x0000000000002902      0xd78 ./Core/Src/gpio.o
 .debug_info    0x000000000000367a     0x11f1 ./Core/Src/main.o
 .debug_info    0x000000000000486b      0x387 ./Core/Src/stm32f4xx_hal_msp.o
 .debug_info    0x0000000000004bf2      0xa85 ./Core/Src/stm32f4xx_it.o
 .debug_info    0x0000000000005677      0x54f ./Core/Src/system_stm32f4xx.o
 .debug_info    0x0000000000005bc6      0xee3 ./Core/Src/tim.o
 .debug_info    0x0000000000006aa9      0xc35 ./Core/Src/usart.o
 .debug_info    0x00000000000076de       0x22 ./Core/Startup/startup_stm32f401retx.o
 .debug_info    0x0000000000007700      0x906 ./Drivers/STM32F4xx_HAL_Driver/Src/stm32f4xx_hal.o
 .debug_info    0x0000000000008006      0xd68 ./Drivers/STM32F4xx_HAL_Driver/Src/stm32f4xx_hal_adc.o