../Drivers/CMSIS/Include/core_cm4.h:1688:22:__NVIC_EnableIRQ	16	static
../Drivers/STM32F3xx_HAL_Driver/Inc/stm32f3xx_ll_rcc.h:1046:22:LL_RCC_HSE_Enable	4	static
../Drivers/STM32F3xx_HAL_Driver/Inc/stm32f3xx_ll_rcc.h:1066:26:LL_RCC_HSE_IsReady	4	static
../Drivers/STM32F3xx_HAL_Driver/Inc/stm32f3xx_ll_rcc.h:1288:22:LL_RCC_SetSysClkSource	16	static
../Drivers/STM32F3xx_HAL_Driver/Inc/stm32f3xx_ll_rcc.h:1301:26:LL_RCC_GetSysClkSource	4	static
../Drivers/STM32F3xx_HAL_Driver/Inc/stm32f3xx_ll_rcc.h:1321:22:LL_RCC_SetAHBPrescaler	16	static
../Drivers/STM32F3xx_HAL_Driver/Inc/stm32f3xx_ll_rcc.h:1337:22:LL_RCC_SetAPB1Prescaler	16	static
../Drivers/STM32F3xx_HAL_Driver/Inc/stm32f3xx_ll_rcc.h:1353:22:LL_RCC_SetAPB2Prescaler	16	static
../Drivers/STM32F3xx_HAL_Driver/Inc/stm32f3xx_ll_rcc.h:1488:22:LL_RCC_SetUSARTClockSource	16	static
../Drivers/STM32F3xx_HAL_Driver/Inc/stm32f3xx_ll_rcc.h:1711:22:LL_RCC_SetADCClockSource	16	static
../Drivers/STM32F3xx_HAL_Driver/Inc/stm32f3xx_ll_rcc.h:2172:22:LL_RCC_PLL_Enable	4	static
../Drivers/STM32F3xx_HAL_Driver/Inc/stm32f3xx_ll_rcc.h:2193:26:LL_RCC_PLL_IsReady	4	static
../Drivers/STM32F3xx_HAL_Driver/Inc/stm32f3xx_ll_rcc.h:2291:22:LL_RCC_PLL_ConfigDomain_SYS	16	static
../Drivers/STM32F3xx_HAL_Driver/Inc/stm32f3xx_ll_system.h:1619:22:LL_FLASH_SetLatency	16	static
../Drivers/STM32F3xx_HAL_Driver/Inc/stm32f3xx_ll_system.h:1632:26:LL_FLASH_GetLatency	4	static
../Drivers/STM32F3xx_HAL_Driver/Inc/stm32f3xx_ll_usart.h:2941:22:LL_USART_EnableIT_RXNE	40	static,ignoring_inline_asm
../Drivers/STM32F3xx_HAL_Driver/Inc/stm32f3xx_ll_usart.h:3037:22:LL_USART_EnableIT_ERROR	40	static,ignoring_inline_asm
../Drivers/STM32F3xx_HAL_Driver/Inc/stm32f3xx_ll_gpio.h:907:22:LL_GPIO_ResetOutputPin	16	static
../Core/Src/main.c:68:5:main	40	static
../Core/Src/main.c:162:6:SystemClock_Config	8	static
../Core/Src/main.c:212:6:Error_Handler	4	static,ignoring_inline_asm
