../Drivers/STM32F3xx_HAL_Driver/Inc/stm32f3xx_ll_usart.h:2525:26:LL_USART_IsActiveFlag_PE	16	static
../Drivers/STM32F3xx_HAL_Driver/Inc/stm32f3xx_ll_usart.h:2536:26:LL_USART_IsActiveFlag_FE	16	static
../Drivers/STM32F3xx_HAL_Driver/Inc/stm32f3xx_ll_usart.h:2558:26:LL_USART_IsActiveFlag_ORE	16	static
../Drivers/STM32F3xx_HAL_Driver/Inc/stm32f3xx_ll_usart.h:2580:26:LL_USART_IsActiveFlag_RXNE	16	static
../Drivers/STM32F3xx_HAL_Driver/Inc/stm32f3xx_ll_usart.h:2781:22:LL_USART_ClearFlag_PE	16	static
../Drivers/STM32F3xx_HAL_Driver/Inc/stm32f3xx_ll_usart.h:2792:22:LL_USART_ClearFlag_FE	16	static
../Drivers/STM32F3xx_HAL_Driver/Inc/stm32f3xx_ll_usart.h:2814:22:LL_USART_ClearFlag_ORE	16	static
../Drivers/STM32F3xx_HAL_Driver/Inc/stm32f3xx_ll_usart.h:3231:26:LL_USART_IsEnabledIT_RXNE	16	static
../Drivers/STM32F3xx_HAL_Driver/Inc/stm32f3xx_ll_usart.h:3504:25:LL_USART_ReceiveData8	16	static
../Core/Src/stm32f3xx_it.c:71:6:NMI_Handler	4	static
../Core/Src/stm32f3xx_it.c:86:6:HardFault_Handler	4	static
../Core/Src/stm32f3xx_it.c:101:6:MemManage_Handler	4	static
../Core/Src/stm32f3xx_it.c:116:6:BusFault_Handler	4	static
../Core/Src/stm32f3xx_it.c:131:6:UsageFault_Handler	4	static
../Core/Src/stm32f3xx_it.c:146:6:SVC_Handler	4	static
../Core/Src/stm32f3xx_it.c:159:6:DebugMon_Handler	4	static
../Core/Src/stm32f3xx_it.c:172:6:PendSV_Handler	4	static
../Core/Src/stm32f3xx_it.c:185:6:SysTick_Handler	8	static
../Core/Src/stm32f3xx_it.c:206:6:USART1_IRQHandler	16	static
